[1;33mBuilding in Debug mode with -g -O0 flags[0m
[1;33mBuilding Long Narde targets...[0m
[100%] Built target open_spiel_core
[  0%] Built target absl_log_severity
[  0%] Built target absl_spinlock_wait
[  2%] Built target absl_time_zone
[  5%] Built target open_spiel_core
[  8%] Built target absl_int128
[  8%] Built target absl_exponential_biased
[  8%] Built target absl_civil_time
[  8%] Built target absl_flags_commandlineflag_internal
[  8%] Built target absl_random_seed_gen_exception
[  8%] Built target absl_random_internal_platform
[ 10%] Built target absl_raw_logging_internal
[ 10%] Built target absl_random_internal_randen_hwaes_impl
[ 13%] Built target absl_bad_variant_access
[ 13%] Built target absl_random_internal_randen_slow
[ 13%] Built target absl_base
[ 13%] Built target absl_throw_delegate
[ 13%] Built target absl_bad_optional_access
[ 13%] Built target absl_debugging_internal
[ 16%] Built target absl_cordz_functions
[ 16%] Built target absl_random_internal_randen_hwaes
[ 16%] Built target absl_malloc_internal
[ 18%] Built target absl_strings_internal
[ 18%] Built target absl_stacktrace
[ 21%] Built target absl_demangle_internal
[ 21%] Built target absl_crc_cpu_detect
[ 24%] Built target absl_city
[ 27%] Built target absl_low_level_hash
[ 29%] Built target absl_random_internal_randen
[ 35%] Built target absl_strings
[ 37%] Built target absl_crc_internal
[ 37%] Built target absl_graphcycles_internal
[ 37%] Built target absl_symbolize
[ 40%] Built target absl_time
[ 43%] Built target absl_str_format_internal
[ 43%] Built target absl_flags_commandlineflag
[ 45%] Built target absl_random_distributions
[ 45%] Built target absl_hash
[ 48%] Built target absl_synchronization
[ 51%] Built target absl_random_internal_seed_material
[ 51%] Built target absl_flags_marshalling
[ 54%] Built target absl_flags_private_handle_accessor
[ 56%] Built target absl_crc32c
[ 56%] Built target absl_cordz_handle
[ 56%] Built target absl_random_internal_pool_urbg
[ 56%] Built target absl_hashtablez_sampler
[ 56%] Built target absl_flags_program_name
[ 56%] Built target absl_crc_cord_state
[ 56%] Built target absl_raw_hash_set
[ 56%] Built target absl_random_seed_sequences
[ 59%] Built target absl_flags_config
[ 62%] Built target absl_cord_internal
[ 62%] Built target absl_flags_internal
[ 62%] Built target absl_cordz_info
[ 62%] Built target absl_cord
[ 62%] Built target absl_flags_reflection
[ 62%] Built target absl_flags
[ 64%] Built target absl_flags_usage_internal
[ 64%] Built target absl_flags_usage
[ 64%] Built target absl_flags_parse
[100%] Built target games
[  0%] Built target absl_log_severity
[  0%] Built target absl_spinlock_wait
[  2%] Built target absl_time_zone
[  4%] Built target open_spiel_core
[  6%] Built target absl_int128
[  6%] Built target absl_exponential_biased
[  6%] Built target absl_civil_time
[  6%] Built target absl_flags_commandlineflag_internal
[  6%] Built target absl_random_seed_gen_exception
[  6%] Built target absl_random_internal_platform
[  8%] Built target absl_raw_logging_internal
[  8%] Built target absl_random_internal_randen_slow
[  8%] Built target absl_random_internal_randen_hwaes_impl
[ 10%] Built target absl_bad_variant_access
[ 10%] Built target absl_base
[ 10%] Built target absl_debugging_internal
[ 10%] Built target absl_throw_delegate
[ 10%] Built target absl_bad_optional_access
[ 12%] Built target absl_cordz_functions
[ 12%] Built target absl_random_internal_randen_hwaes
[ 14%] Built target absl_strings_internal
[ 14%] Built target absl_stacktrace
[ 14%] Built target absl_malloc_internal
[ 16%] Built target absl_demangle_internal
[ 18%] Built target absl_city
[ 18%] Built target absl_crc_cpu_detect
[ 20%] Built target absl_low_level_hash
[ 22%] Built target absl_random_internal_randen
[ 22%] Built target absl_graphcycles_internal
[ 25%] Built target absl_crc_internal
[ 29%] Built target absl_strings
[ 29%] Built target absl_symbolize
[ 31%] Built target absl_crc32c
[ 33%] Built target absl_time
[ 35%] Built target absl_str_format_internal
[ 35%] Built target absl_hash
[ 35%] Built target absl_flags_commandlineflag
[ 37%] Built target absl_random_distributions
[ 39%] Built target absl_random_internal_seed_material
[ 39%] Built target absl_crc_cord_state
[ 41%] Built target absl_synchronization
[ 43%] Built target absl_flags_private_handle_accessor
[ 43%] Built target absl_flags_marshalling
[ 43%] Built target absl_random_internal_pool_urbg
[ 43%] Built target absl_hashtablez_sampler
[ 43%] Built target absl_flags_program_name
[ 45%] Built target absl_cord_internal
[ 45%] Built target absl_cordz_handle
[ 45%] Built target absl_random_seed_sequences
[ 47%] Built target absl_flags_config
[ 47%] Built target absl_raw_hash_set
[ 47%] Built target absl_cordz_info
[ 47%] Built target absl_flags_internal
[ 47%] Built target absl_cord
[ 47%] Built target absl_flags_reflection
[ 47%] Built target absl_flags
[ 50%] Built target absl_flags_usage_internal
[ 50%] Built target absl_flags_usage
[ 50%] Built target absl_flags_parse
[ 50%] Built target tests
[ 50%] Built target evaluation
[ 50%] Built target bots
[ 56%] Built target bridge_double_dummy_solver
[ 66%] Built target algorithms
[ 70%] Built target game_transforms
[ 72%] Built target utils
[100%] Built target games
[100%] Building CXX object games/CMakeFiles/long_narde_test.dir/long_narde/long_narde_test_actions.cc.o
[100%] Linking CXX executable long_narde_test
[100%] Built target long_narde_test
[1;33mBuilding random simulation test...[0m
[  0%] Built target absl_log_severity
[  0%] Built target absl_spinlock_wait
[  2%] Built target absl_time_zone
[  4%] Built target open_spiel_core
[  6%] Built target absl_int128
[  6%] Built target absl_exponential_biased
[  6%] Built target absl_flags_commandlineflag_internal
[  6%] Built target absl_civil_time
[  6%] Built target absl_random_seed_gen_exception
[  6%] Built target absl_random_internal_platform
[  8%] Built target absl_raw_logging_internal
[  8%] Built target absl_random_internal_randen_hwaes_impl
[  8%] Built target absl_random_internal_randen_slow
[ 10%] Built target absl_bad_variant_access
[ 10%] Built target absl_base
[ 10%] Built target absl_throw_delegate
[ 10%] Built target absl_bad_optional_access
[ 10%] Built target absl_random_internal_randen_hwaes
[ 12%] Built target absl_cordz_functions
[ 12%] Built target absl_debugging_internal
[ 12%] Built target absl_malloc_internal
[ 14%] Built target absl_demangle_internal
[ 16%] Built target absl_strings_internal
[ 16%] Built target absl_crc_cpu_detect
[ 18%] Built target absl_low_level_hash
[ 20%] Built target absl_city
[ 22%] Built target absl_random_internal_randen
[ 22%] Built target absl_stacktrace
[ 25%] Built target absl_crc_internal
[ 29%] Built target absl_strings
[ 29%] Built target absl_graphcycles_internal
[ 29%] Built target absl_symbolize
[ 31%] Built target absl_crc32c
[ 33%] Built target absl_time
[ 35%] Built target absl_str_format_internal
[ 35%] Built target absl_flags_commandlineflag
[ 35%] Built target absl_hash
[ 37%] Built target absl_random_distributions
[ 39%] Built target absl_random_internal_seed_material
[ 39%] Built target absl_crc_cord_state
[ 41%] Built target absl_synchronization
[ 41%] Built target absl_flags_marshalling
[ 43%] Built target absl_flags_private_handle_accessor
[ 43%] Built target absl_random_internal_pool_urbg
[ 43%] Built target absl_hashtablez_sampler
[ 43%] Built target absl_flags_program_name
[ 43%] Built target absl_cordz_handle
[ 43%] Built target absl_random_seed_sequences
[ 45%] Built target absl_cord_internal
[ 45%] Built target absl_raw_hash_set
[ 47%] Built target absl_flags_config
[ 47%] Built target absl_cordz_info
[ 47%] Built target absl_flags_internal
[ 47%] Built target absl_cord
[ 47%] Built target absl_flags_reflection
[ 47%] Built target absl_flags
[ 50%] Built target absl_flags_usage_internal
[ 50%] Built target absl_flags_usage
[ 50%] Built target absl_flags_parse
[ 50%] Built target tests
[ 50%] Built target evaluation
[ 50%] Built target bots
[ 54%] Built target game_transforms
[ 64%] Built target algorithms
[ 70%] Built target bridge_double_dummy_solver
[ 72%] Built target utils
[100%] Built target games
[100%] Built target random_sim_test
[1;33mRunning Long Narde tests and logging failures...[0m

=== Running Movement Rules Tests ===

=== Running TestBasicMovement ===
[DEBUG SetupDice] Input dice: {4, 4, 4, 4}
[DEBUG SetupDice] Assigned state->dice_: {4, 4, 4, 4}
[DEBUG SetupDice] Assigned state->initial_dice_: {4, 4}
[DEBUG ILM ENTRY] IterativeLegalMoves function entered.
[DEBUG ILM Popped State] Depth: 0 | Player: 0 | Dice: 4 4 4 4 | Initial: [4 4 ] | Seq Size: 0
  Generated 1 half-moves: [23->19/4] 
[DEBUG] ApplyCheckerMove BEFORE: Player 0, Move: (pos=23, to=19, die=4) Dice: 4 4 4 4 
[DEBUG] ApplyCheckerMove AFTER: Player 0, Move: (pos=23, to=19, die=4) Dice: -1 4 4 4 
[DEBUG ILM Before Push (Move)] Player: 0 | Dice: -1(u) 4 4 4 | Initial: [4 4 ]
[DEBUG ILM After Push (Move)] Top State - Player: 0 | Dice: -1(u) 4 4 4 | Initial: [4 4 ][DEBUG ILM Popped State] Depth: 1 | Player: 0 | Dice: -1(u) 4 4 4 | Initial: [4 4 ] | Seq Size: 1
  Generated 2 half-moves: [19->15/4] [23->19/4] 
[DEBUG] ApplyCheckerMove BEFORE: Player 0, Move: (pos=19, to=15, die=4) Dice: -1 4 4 4 
[DEBUG] ApplyCheckerMove AFTER: Player 0, Move: (pos=19, to=15, die=4) Dice: -1 -1 4 4 
[DEBUG ILM Before Push (Clone)] Player: 0 | Dice: -1(u) -1(u) 4 4 | Initial: [4 4 ]
[DEBUG ILM After Push (Clone)] Top State - Player: 0 | Dice: -1(u) -1(u) 4 4 | Initial: [4 4 ][DEBUG] UndoCheckerMove BEFORE: Player 0, Move: (pos=19, to=15, die=4) Dice: -1 -1 4 4 
[DEBUG] UndoCheckerMove AFTER: Player 0, Move: (pos=19, to=15, die=4) Dice: 4 -1 4 4 
[DEBUG] ApplyCheckerMove BEFORE: Player 0, Move: (pos=23, to=19, die=4) Dice: 4 -1 4 4 
[DEBUG] ApplyCheckerMove AFTER: Player 0, Move: (pos=23, to=19, die=4) Dice: -1 -1 4 4 
[DEBUG ILM Before Push (Move)] Player: 0 | Dice: -1(u) -1(u) 4 4 | Initial: [4 4 ]
[DEBUG ILM After Push (Move)] Top State - Player: 0 | Dice: -1(u) -1(u) 4 4 | Initial: [4 4 ][DEBUG ILM Popped State] Depth: 2 | Player: 0 | Dice: -1(u) -1(u) 4 4 | Initial: [4 4 ] | Seq Size: 2
  Generated 2 half-moves: [19->15/4] [23->19/4] 
[DEBUG] ApplyCheckerMove BEFORE: Player 0, Move: (pos=19, to=15, die=4) Dice: -1 -1 4 4 
[DEBUG] ApplyCheckerMove AFTER: Player 0, Move: (pos=19, to=15, die=4) Dice: -1 -1 -1 4 
[DEBUG ILM Before Push (Clone)] Player: 0 | Dice: -1(u) -1(u) -1(u) 4 | Initial: [4 4 ]
[DEBUG ILM After Push (Clone)] Top State - Player: 0 | Dice: -1(u) -1(u) -1(u) 4 | Initial: [4 4 ][DEBUG] UndoCheckerMove BEFORE: Player 0, Move: (pos=19, to=15, die=4) Dice: -1 -1 -1 4 
[DEBUG] UndoCheckerMove AFTER: Player 0, Move: (pos=19, to=15, die=4) Dice: 4 -1 -1 4 
[DEBUG] ApplyCheckerMove BEFORE: Player 0, Move: (pos=23, to=19, die=4) Dice: 4 -1 -1 4 
[DEBUG] ApplyCheckerMove AFTER: Player 0, Move: (pos=23, to=19, die=4) Dice: -1 -1 -1 4 
[DEBUG ILM Before Push (Move)] Player: 0 | Dice: -1(u) -1(u) -1(u) 4 | Initial: [4 4 ]
[DEBUG ILM After Push (Move)] Top State - Player: 0 | Dice: -1(u) -1(u) -1(u) 4 | Initial: [4 4 ][DEBUG ILM Popped State] Depth: 3 | Player: 0 | Dice: -1(u) -1(u) -1(u) 4 | Initial: [4 4 ] | Seq Size: 3
  Generated 2 half-moves: [19->15/4] [23->19/4] 
[DEBUG] ApplyCheckerMove BEFORE: Player 0, Move: (pos=19, to=15, die=4) Dice: -1 -1 -1 4 
[DEBUG] ApplyCheckerMove AFTER: Player 0, Move: (pos=19, to=15, die=4) Dice: -1 -1 -1 -1 
[DEBUG ILM Before Push (Clone)] Player: 0 | Dice: -1(u) -1(u) -1(u) -1(u) | Initial: [4 4 ]
[DEBUG ILM After Push (Clone)] Top State - Player: 0 | Dice: -1(u) -1(u) -1(u) -1(u) | Initial: [4 4 ][DEBUG] UndoCheckerMove BEFORE: Player 0, Move: (pos=19, to=15, die=4) Dice: -1 -1 -1 -1 
[DEBUG] UndoCheckerMove AFTER: Player 0, Move: (pos=19, to=15, die=4) Dice: 4 -1 -1 -1 
[DEBUG] ApplyCheckerMove BEFORE: Player 0, Move: (pos=23, to=19, die=4) Dice: 4 -1 -1 -1 
[DEBUG] ApplyCheckerMove AFTER: Player 0, Move: (pos=23, to=19, die=4) Dice: -1 -1 -1 -1 
[DEBUG ILM Before Push (Move)] Player: 0 | Dice: -1(u) -1(u) -1(u) -1(u) | Initial: [4 4 ]
[DEBUG ILM After Push (Move)] Top State - Player: 0 | Dice: -1(u) -1(u) -1(u) -1(u) | Initial: [4 4 ][DEBUG ILM Popped State] Depth: 4 | Player: 0 | Dice: -1(u) -1(u) -1(u) -1(u) | Initial: [4 4 ] | Seq Size: 4
  Generated 1 half-moves: [-1->-1/1] 
[DEBUG ILM ADD SEQ NOBRANCH/LIMIT] Depth=4: {23,19,4} {23,19,4} {23,19,4} {23,19,4}
[DEBUG ILM Popped State] Depth: 4 | Player: 0 | Dice: -1(u) -1(u) -1(u) -1(u) | Initial: [4 4 ] | Seq Size: 4
  Generated 1 half-moves: [-1->-1/1] 
[DEBUG ILM ADD SEQ NOBRANCH/LIMIT] Depth=4: {23,19,4} {23,19,4} {23,19,4} {19,15,4}
[DEBUG ILM Popped State] Depth: 3 | Player: 0 | Dice: -1(u) -1(u) -1(u) 4 | Initial: [4 4 ] | Seq Size: 3
  Generated 2 half-moves: [19->15/4] [23->19/4] 
[DEBUG] ApplyCheckerMove BEFORE: Player 0, Move: (pos=19, to=15, die=4) Dice: -1 -1 -1 4 
[DEBUG] ApplyCheckerMove AFTER: Player 0, Move: (pos=19, to=15, die=4) Dice: -1 -1 -1 -1 
[DEBUG ILM Before Push (Clone)] Player: 0 | Dice: -1(u) -1(u) -1(u) -1(u) | Initial: [4 4 ]
[DEBUG ILM After Push (Clone)] Top State - Player: 0 | Dice: -1(u) -1(u) -1(u) -1(u) | Initial: [4 4 ][DEBUG] UndoCheckerMove BEFORE: Player 0, Move: (pos=19, to=15, die=4) Dice: -1 -1 -1 -1 
[DEBUG] UndoCheckerMove AFTER: Player 0, Move: (pos=19, to=15, die=4) Dice: 4 -1 -1 -1 
[DEBUG] ApplyCheckerMove BEFORE: Player 0, Move: (pos=23, to=19, die=4) Dice: 4 -1 -1 -1 
[DEBUG] ApplyCheckerMove AFTER: Player 0, Move: (pos=23, to=19, die=4) Dice: -1 -1 -1 -1 
[DEBUG ILM Before Push (Move)] Player: 0 | Dice: -1(u) -1(u) -1(u) -1(u) | Initial: [4 4 ]
[DEBUG ILM After Push (Move)] Top State - Player: 0 | Dice: -1(u) -1(u) -1(u) -1(u) | Initial: [4 4 ][DEBUG ILM Popped State] Depth: 4 | Player: 0 | Dice: -1(u) -1(u) -1(u) -1(u) | Initial: [4 4 ] | Seq Size: 4
  Generated 1 half-moves: [-1->-1/1] 
[DEBUG ILM ADD SEQ NOBRANCH/LIMIT] Depth=4: {23,19,4} {23,19,4} {19,15,4} {23,19,4}
[DEBUG ILM Popped State] Depth: 4 | Player: 0 | Dice: -1(u) -1(u) -1(u) -1(u) | Initial: [4 4 ] | Seq Size: 4
  Generated 1 half-moves: [-1->-1/1] 
[DEBUG ILM ADD SEQ NOBRANCH/LIMIT] Depth=4: {23,19,4} {23,19,4} {19,15,4} {19,15,4}
[DEBUG ILM Popped State] Depth: 2 | Player: 0 | Dice: -1(u) -1(u) 4 4 | Initial: [4 4 ] | Seq Size: 2
  Generated 1 half-moves: [23->19/4] 
[DEBUG] ApplyCheckerMove BEFORE: Player 0, Move: (pos=23, to=19, die=4) Dice: -1 -1 4 4 
[DEBUG] ApplyCheckerMove AFTER: Player 0, Move: (pos=23, to=19, die=4) Dice: -1 -1 -1 4 
[DEBUG ILM Before Push (Move)] Player: 0 | Dice: -1(u) -1(u) -1(u) 4 | Initial: [4 4 ]
[DEBUG ILM After Push (Move)] Top State - Player: 0 | Dice: -1(u) -1(u) -1(u) 4 | Initial: [4 4 ][DEBUG ILM Popped State] Depth: 3 | Player: 0 | Dice: -1(u) -1(u) -1(u) 4 | Initial: [4 4 ] | Seq Size: 3
  Generated 2 half-moves: [19->15/4] [23->19/4] 
[DEBUG] ApplyCheckerMove BEFORE: Player 0, Move: (pos=19, to=15, die=4) Dice: -1 -1 -1 4 
[DEBUG] ApplyCheckerMove AFTER: Player 0, Move: (pos=19, to=15, die=4) Dice: -1 -1 -1 -1 
[DEBUG ILM Before Push (Clone)] Player: 0 | Dice: -1(u) -1(u) -1(u) -1(u) | Initial: [4 4 ]
[DEBUG ILM After Push (Clone)] Top State - Player: 0 | Dice: -1(u) -1(u) -1(u) -1(u) | Initial: [4 4 ][DEBUG] UndoCheckerMove BEFORE: Player 0, Move: (pos=19, to=15, die=4) Dice: -1 -1 -1 -1 
[DEBUG] UndoCheckerMove AFTER: Player 0, Move: (pos=19, to=15, die=4) Dice: 4 -1 -1 -1 
[DEBUG] ApplyCheckerMove BEFORE: Player 0, Move: (pos=23, to=19, die=4) Dice: 4 -1 -1 -1 
[DEBUG] ApplyCheckerMove AFTER: Player 0, Move: (pos=23, to=19, die=4) Dice: -1 -1 -1 -1 
[DEBUG ILM Before Push (Move)] Player: 0 | Dice: -1(u) -1(u) -1(u) -1(u) | Initial: [4 4 ]
[DEBUG ILM After Push (Move)] Top State - Player: 0 | Dice: -1(u) -1(u) -1(u) -1(u) | Initial: [4 4 ][DEBUG ILM Popped State] Depth: 4 | Player: 0 | Dice: -1(u) -1(u) -1(u) -1(u) | Initial: [4 4 ] | Seq Size: 4
  Generated 1 half-moves: [-1->-1/1] 
[DEBUG ILM ADD SEQ NOBRANCH/LIMIT] Depth=4: {23,19,4} {19,15,4} {23,19,4} {23,19,4}
[DEBUG ILM Popped State] Depth: 4 | Player: 0 | Dice: -1(u) -1(u) -1(u) -1(u) | Initial: [4 4 ] | Seq Size: 4
  Generated 1 half-moves: [-1->-1/1] 
[DEBUG ILM ADD SEQ NOBRANCH/LIMIT] Depth=4: {23,19,4} {19,15,4} {23,19,4} {19,15,4}
[DEBUG FBS Entry] Player=0 Input movelist (6):
  Seq:  {23,19,4} {19,15,4} {23,19,4} {19,15,4}
  Seq:  {23,19,4} {19,15,4} {23,19,4} {23,19,4}
  Seq:  {23,19,4} {23,19,4} {19,15,4} {19,15,4}
  Seq:  {23,19,4} {23,19,4} {19,15,4} {23,19,4}
  Seq:  {23,19,4} {23,19,4} {23,19,4} {19,15,4}
  Seq:  {23,19,4} {23,19,4} {23,19,4} {23,19,4}
[DEBUG FBS Stats] longest_sequence=4, max_non_pass=4
[DEBUG] ApplyCheckerMove BEFORE: Player 0, Move: (pos=23, to=19, die=4) Dice: 4 4 4 4 
[DEBUG] ApplyCheckerMove AFTER: Player 0, Move: (pos=23, to=19, die=4) Dice: -1 4 4 4 
[DEBUG] ApplyCheckerMove BEFORE: Player 0, Move: (pos=19, to=15, die=4) Dice: -1 4 4 4 
[DEBUG] ApplyCheckerMove AFTER: Player 0, Move: (pos=19, to=15, die=4) Dice: -1 -1 4 4 
[DEBUG] ApplyCheckerMove BEFORE: Player 0, Move: (pos=23, to=19, die=4) Dice: -1 -1 4 4 
[DEBUG] ApplyCheckerMove AFTER: Player 0, Move: (pos=23, to=19, die=4) Dice: -1 -1 -1 4 
[DEBUG] ApplyCheckerMove BEFORE: Player 0, Move: (pos=19, to=15, die=4) Dice: -1 -1 -1 4 
[DEBUG] ApplyCheckerMove AFTER: Player 0, Move: (pos=19, to=15, die=4) Dice: -1 -1 -1 -1 
[DEBUG] ApplyCheckerMove BEFORE: Player 0, Move: (pos=23, to=19, die=4) Dice: 4 4 4 4 
[DEBUG] ApplyCheckerMove AFTER: Player 0, Move: (pos=23, to=19, die=4) Dice: -1 4 4 4 
[DEBUG] ApplyCheckerMove BEFORE: Player 0, Move: (pos=19, to=15, die=4) Dice: -1 4 4 4 
[DEBUG] ApplyCheckerMove AFTER: Player 0, Move: (pos=19, to=15, die=4) Dice: -1 -1 4 4 
[DEBUG] ApplyCheckerMove BEFORE: Player 0, Move: (pos=23, to=19, die=4) Dice: -1 -1 4 4 
[DEBUG] ApplyCheckerMove AFTER: Player 0, Move: (pos=23, to=19, die=4) Dice: -1 -1 -1 4 
[DEBUG] ApplyCheckerMove BEFORE: Player 0, Move: (pos=23, to=19, die=4) Dice: -1 -1 -1 4 
[DEBUG] ApplyCheckerMove AFTER: Player 0, Move: (pos=23, to=19, die=4) Dice: -1 -1 -1 -1 
[DEBUG] ApplyCheckerMove BEFORE: Player 0, Move: (pos=23, to=19, die=4) Dice: 4 4 4 4 
[DEBUG] ApplyCheckerMove AFTER: Player 0, Move: (pos=23, to=19, die=4) Dice: -1 4 4 4 
[DEBUG] ApplyCheckerMove BEFORE: Player 0, Move: (pos=23, to=19, die=4) Dice: -1 4 4 4 
[DEBUG] ApplyCheckerMove AFTER: Player 0, Move: (pos=23, to=19, die=4) Dice: -1 -1 4 4 
[DEBUG] ApplyCheckerMove BEFORE: Player 0, Move: (pos=19, to=15, die=4) Dice: -1 -1 4 4 
[DEBUG] ApplyCheckerMove AFTER: Player 0, Move: (pos=19, to=15, die=4) Dice: -1 -1 -1 4 
[DEBUG] ApplyCheckerMove BEFORE: Player 0, Move: (pos=19, to=15, die=4) Dice: -1 -1 -1 4 
[DEBUG] ApplyCheckerMove AFTER: Player 0, Move: (pos=19, to=15, die=4) Dice: -1 -1 -1 -1 
[DEBUG] ApplyCheckerMove BEFORE: Player 0, Move: (pos=23, to=19, die=4) Dice: 4 4 4 4 
[DEBUG] ApplyCheckerMove AFTER: Player 0, Move: (pos=23, to=19, die=4) Dice: -1 4 4 4 
[DEBUG] ApplyCheckerMove BEFORE: Player 0, Move: (pos=23, to=19, die=4) Dice: -1 4 4 4 
[DEBUG] ApplyCheckerMove AFTER: Player 0, Move: (pos=23, to=19, die=4) Dice: -1 -1 4 4 
[DEBUG] ApplyCheckerMove BEFORE: Player 0, Move: (pos=19, to=15, die=4) Dice: -1 -1 4 4 
[DEBUG] ApplyCheckerMove AFTER: Player 0, Move: (pos=19, to=15, die=4) Dice: -1 -1 -1 4 
[DEBUG] ApplyCheckerMove BEFORE: Player 0, Move: (pos=23, to=19, die=4) Dice: -1 -1 -1 4 
[DEBUG] ApplyCheckerMove AFTER: Player 0, Move: (pos=23, to=19, die=4) Dice: -1 -1 -1 -1 
[DEBUG] ApplyCheckerMove BEFORE: Player 0, Move: (pos=23, to=19, die=4) Dice: 4 4 4 4 
[DEBUG] ApplyCheckerMove AFTER: Player 0, Move: (pos=23, to=19, die=4) Dice: -1 4 4 4 
[DEBUG] ApplyCheckerMove BEFORE: Player 0, Move: (pos=23, to=19, die=4) Dice: -1 4 4 4 
[DEBUG] ApplyCheckerMove AFTER: Player 0, Move: (pos=23, to=19, die=4) Dice: -1 -1 4 4 
[DEBUG] ApplyCheckerMove BEFORE: Player 0, Move: (pos=23, to=19, die=4) Dice: -1 -1 4 4 
[DEBUG] ApplyCheckerMove AFTER: Player 0, Move: (pos=23, to=19, die=4) Dice: -1 -1 -1 4 
[DEBUG] ApplyCheckerMove BEFORE: Player 0, Move: (pos=19, to=15, die=4) Dice: -1 -1 -1 4 
[DEBUG] ApplyCheckerMove AFTER: Player 0, Move: (pos=19, to=15, die=4) Dice: -1 -1 -1 -1 
[DEBUG] ApplyCheckerMove BEFORE: Player 0, Move: (pos=23, to=19, die=4) Dice: 4 4 4 4 
[DEBUG] ApplyCheckerMove AFTER: Player 0, Move: (pos=23, to=19, die=4) Dice: -1 4 4 4 
[DEBUG] ApplyCheckerMove BEFORE: Player 0, Move: (pos=23, to=19, die=4) Dice: -1 4 4 4 
[DEBUG] ApplyCheckerMove AFTER: Player 0, Move: (pos=23, to=19, die=4) Dice: -1 -1 4 4 
[DEBUG] ApplyCheckerMove BEFORE: Player 0, Move: (pos=23, to=19, die=4) Dice: -1 -1 4 4 
[DEBUG] ApplyCheckerMove AFTER: Player 0, Move: (pos=23, to=19, die=4) Dice: -1 -1 -1 4 
[DEBUG] ApplyCheckerMove BEFORE: Player 0, Move: (pos=23, to=19, die=4) Dice: -1 -1 -1 4 
[DEBUG] ApplyCheckerMove AFTER: Player 0, Move: (pos=23, to=19, die=4) Dice: -1 -1 -1 -1 
[DEBUG FBS Exit] Returning filtered_movelist (6):
  Seq:  {23,19,4} {19,15,4} {23,19,4} {19,15,4}
  Seq:  {23,19,4} {19,15,4} {23,19,4} {23,19,4}
  Seq:  {23,19,4} {23,19,4} {19,15,4} {19,15,4}
  Seq:  {23,19,4} {23,19,4} {19,15,4} {23,19,4}
  Seq:  {23,19,4} {23,19,4} {23,19,4} {19,15,4}
  Seq:  {23,19,4} {23,19,4} {23,19,4} {23,19,4}
[DEBUG DoApplyAction] Enter half-move branch with move_id=23 and moves_remaining_=4
[DEBUG DoApplyAction] Decoded move: (pos=23, die=4)
[DEBUG] ApplyCheckerMove BEFORE: Player 0, Move: (pos=23, to=19, die=4) Dice: 4 4 4 4 
[DEBUG] ApplyCheckerMove AFTER: Player 0, Move: (pos=23, to=19, die=4) Dice: -1 4 4 4 
[DEBUG DoApplyAction] After ApplyCheckerMove, moves_remaining_ will be 3
[DEBUG DoApplyAction] Exiting with moves_remaining_=3
[DEBUG ILM ENTRY] IterativeLegalMoves function entered.
[DEBUG ILM Popped State] Depth: 0 | Player: 0 | Dice: -1(u) 4 4 4 | Initial: [4 4 ] | Seq Size: 0
  Generated 2 half-moves: [19->15/4] [23->19/4] 
[DEBUG] ApplyCheckerMove BEFORE: Player 0, Move: (pos=19, to=15, die=4) Dice: -1 4 4 4 
[DEBUG] ApplyCheckerMove AFTER: Player 0, Move: (pos=19, to=15, die=4) Dice: -1 -1 4 4 
[DEBUG ILM Before Push (Clone)] Player: 0 | Dice: -1(u) -1(u) 4 4 | Initial: [4 4 ]
[DEBUG ILM After Push (Clone)] Top State - Player: 0 | Dice: -1(u) -1(u) 4 4 | Initial: [4 4 ][DEBUG] UndoCheckerMove BEFORE: Player 0, Move: (pos=19, to=15, die=4) Dice: -1 -1 4 4 
[DEBUG] UndoCheckerMove AFTER: Player 0, Move: (pos=19, to=15, die=4) Dice: 4 -1 4 4 
[DEBUG] ApplyCheckerMove BEFORE: Player 0, Move: (pos=23, to=19, die=4) Dice: 4 -1 4 4 
[DEBUG] ApplyCheckerMove AFTER: Player 0, Move: (pos=23, to=19, die=4) Dice: -1 -1 4 4 
[DEBUG ILM Before Push (Move)] Player: 0 | Dice: -1(u) -1(u) 4 4 | Initial: [4 4 ]
[DEBUG ILM After Push (Move)] Top State - Player: 0 | Dice: -1(u) -1(u) 4 4 | Initial: [4 4 ][DEBUG ILM Popped State] Depth: 1 | Player: 0 | Dice: -1(u) -1(u) 4 4 | Initial: [4 4 ] | Seq Size: 1
  Generated 2 half-moves: [19->15/4] [23->19/4] 
[DEBUG] ApplyCheckerMove BEFORE: Player 0, Move: (pos=19, to=15, die=4) Dice: -1 -1 4 4 
[DEBUG] ApplyCheckerMove AFTER: Player 0, Move: (pos=19, to=15, die=4) Dice: -1 -1 -1 4 
[DEBUG ILM Before Push (Clone)] Player: 0 | Dice: -1(u) -1(u) -1(u) 4 | Initial: [4 4 ]
[DEBUG ILM After Push (Clone)] Top State - Player: 0 | Dice: -1(u) -1(u) -1(u) 4 | Initial: [4 4 ][DEBUG] UndoCheckerMove BEFORE: Player 0, Move: (pos=19, to=15, die=4) Dice: -1 -1 -1 4 
[DEBUG] UndoCheckerMove AFTER: Player 0, Move: (pos=19, to=15, die=4) Dice: 4 -1 -1 4 
[DEBUG] ApplyCheckerMove BEFORE: Player 0, Move: (pos=23, to=19, die=4) Dice: 4 -1 -1 4 
[DEBUG] ApplyCheckerMove AFTER: Player 0, Move: (pos=23, to=19, die=4) Dice: -1 -1 -1 4 
[DEBUG ILM Before Push (Move)] Player: 0 | Dice: -1(u) -1(u) -1(u) 4 | Initial: [4 4 ]
[DEBUG ILM After Push (Move)] Top State - Player: 0 | Dice: -1(u) -1(u) -1(u) 4 | Initial: [4 4 ][DEBUG ILM Popped State] Depth: 2 | Player: 0 | Dice: -1(u) -1(u) -1(u) 4 | Initial: [4 4 ] | Seq Size: 2
  Generated 2 half-moves: [19->15/4] [23->19/4] 
[DEBUG] ApplyCheckerMove BEFORE: Player 0, Move: (pos=19, to=15, die=4) Dice: -1 -1 -1 4 
[DEBUG] ApplyCheckerMove AFTER: Player 0, Move: (pos=19, to=15, die=4) Dice: -1 -1 -1 -1 
[DEBUG ILM Before Push (Clone)] Player: 0 | Dice: -1(u) -1(u) -1(u) -1(u) | Initial: [4 4 ]
[DEBUG ILM After Push (Clone)] Top State - Player: 0 | Dice: -1(u) -1(u) -1(u) -1(u) | Initial: [4 4 ][DEBUG] UndoCheckerMove BEFORE: Player 0, Move: (pos=19, to=15, die=4) Dice: -1 -1 -1 -1 
[DEBUG] UndoCheckerMove AFTER: Player 0, Move: (pos=19, to=15, die=4) Dice: 4 -1 -1 -1 
[DEBUG] ApplyCheckerMove BEFORE: Player 0, Move: (pos=23, to=19, die=4) Dice: 4 -1 -1 -1 
[DEBUG] ApplyCheckerMove AFTER: Player 0, Move: (pos=23, to=19, die=4) Dice: -1 -1 -1 -1 
[DEBUG ILM Before Push (Move)] Player: 0 | Dice: -1(u) -1(u) -1(u) -1(u) | Initial: [4 4 ]
[DEBUG ILM After Push (Move)] Top State - Player: 0 | Dice: -1(u) -1(u) -1(u) -1(u) | Initial: [4 4 ][DEBUG ILM Popped State] Depth: 3 | Player: 0 | Dice: -1(u) -1(u) -1(u) -1(u) | Initial: [4 4 ] | Seq Size: 3
  Generated 1 half-moves: [-1->-1/1] 
[DEBUG ILM ADD SEQ NOBRANCH/LIMIT] Depth=3: {23,19,4} {23,19,4} {23,19,4}
[DEBUG ILM Popped State] Depth: 3 | Player: 0 | Dice: -1(u) -1(u) -1(u) -1(u) | Initial: [4 4 ] | Seq Size: 3
  Generated 1 half-moves: [-1->-1/1] 
[DEBUG ILM ADD SEQ NOBRANCH/LIMIT] Depth=3: {23,19,4} {23,19,4} {19,15,4}
[DEBUG ILM Popped State] Depth: 2 | Player: 0 | Dice: -1(u) -1(u) -1(u) 4 | Initial: [4 4 ] | Seq Size: 2
  Generated 2 half-moves: [19->15/4] [23->19/4] 
[DEBUG] ApplyCheckerMove BEFORE: Player 0, Move: (pos=19, to=15, die=4) Dice: -1 -1 -1 4 
[DEBUG] ApplyCheckerMove AFTER: Player 0, Move: (pos=19, to=15, die=4) Dice: -1 -1 -1 -1 
[DEBUG ILM Before Push (Clone)] Player: 0 | Dice: -1(u) -1(u) -1(u) -1(u) | Initial: [4 4 ]
[DEBUG ILM After Push (Clone)] Top State - Player: 0 | Dice: -1(u) -1(u) -1(u) -1(u) | Initial: [4 4 ][DEBUG] UndoCheckerMove BEFORE: Player 0, Move: (pos=19, to=15, die=4) Dice: -1 -1 -1 -1 
[DEBUG] UndoCheckerMove AFTER: Player 0, Move: (pos=19, to=15, die=4) Dice: 4 -1 -1 -1 
[DEBUG] ApplyCheckerMove BEFORE: Player 0, Move: (pos=23, to=19, die=4) Dice: 4 -1 -1 -1 
[DEBUG] ApplyCheckerMove AFTER: Player 0, Move: (pos=23, to=19, die=4) Dice: -1 -1 -1 -1 
[DEBUG ILM Before Push (Move)] Player: 0 | Dice: -1(u) -1(u) -1(u) -1(u) | Initial: [4 4 ]
[DEBUG ILM After Push (Move)] Top State - Player: 0 | Dice: -1(u) -1(u) -1(u) -1(u) | Initial: [4 4 ][DEBUG ILM Popped State] Depth: 3 | Player: 0 | Dice: -1(u) -1(u) -1(u) -1(u) | Initial: [4 4 ] | Seq Size: 3
  Generated 1 half-moves: [-1->-1/1] 
[DEBUG ILM ADD SEQ NOBRANCH/LIMIT] Depth=3: {23,19,4} {19,15,4} {23,19,4}
[DEBUG ILM Popped State] Depth: 3 | Player: 0 | Dice: -1(u) -1(u) -1(u) -1(u) | Initial: [4 4 ] | Seq Size: 3
  Generated 1 half-moves: [-1->-1/1] 
[DEBUG ILM ADD SEQ NOBRANCH/LIMIT] Depth=3: {23,19,4} {19,15,4} {19,15,4}
[DEBUG ILM Popped State] Depth: 1 | Player: 0 | Dice: -1(u) -1(u) 4 4 | Initial: [4 4 ] | Seq Size: 1
  Generated 1 half-moves: [23->19/4] 
[DEBUG] ApplyCheckerMove BEFORE: Player 0, Move: (pos=23, to=19, die=4) Dice: -1 -1 4 4 
[DEBUG] ApplyCheckerMove AFTER: Player 0, Move: (pos=23, to=19, die=4) Dice: -1 -1 -1 4 
[DEBUG ILM Before Push (Move)] Player: 0 | Dice: -1(u) -1(u) -1(u) 4 | Initial: [4 4 ]
[DEBUG ILM After Push (Move)] Top State - Player: 0 | Dice: -1(u) -1(u) -1(u) 4 | Initial: [4 4 ][DEBUG ILM Popped State] Depth: 2 | Player: 0 | Dice: -1(u) -1(u) -1(u) 4 | Initial: [4 4 ] | Seq Size: 2
  Generated 2 half-moves: [19->15/4] [23->19/4] 
[DEBUG] ApplyCheckerMove BEFORE: Player 0, Move: (pos=19, to=15, die=4) Dice: -1 -1 -1 4 
[DEBUG] ApplyCheckerMove AFTER: Player 0, Move: (pos=19, to=15, die=4) Dice: -1 -1 -1 -1 
[DEBUG ILM Before Push (Clone)] Player: 0 | Dice: -1(u) -1(u) -1(u) -1(u) | Initial: [4 4 ]
[DEBUG ILM After Push (Clone)] Top State - Player: 0 | Dice: -1(u) -1(u) -1(u) -1(u) | Initial: [4 4 ][DEBUG] UndoCheckerMove BEFORE: Player 0, Move: (pos=19, to=15, die=4) Dice: -1 -1 -1 -1 
[DEBUG] UndoCheckerMove AFTER: Player 0, Move: (pos=19, to=15, die=4) Dice: 4 -1 -1 -1 
[DEBUG] ApplyCheckerMove BEFORE: Player 0, Move: (pos=23, to=19, die=4) Dice: 4 -1 -1 -1 
[DEBUG] ApplyCheckerMove AFTER: Player 0, Move: (pos=23, to=19, die=4) Dice: -1 -1 -1 -1 
[DEBUG ILM Before Push (Move)] Player: 0 | Dice: -1(u) -1(u) -1(u) -1(u) | Initial: [4 4 ]
[DEBUG ILM After Push (Move)] Top State - Player: 0 | Dice: -1(u) -1(u) -1(u) -1(u) | Initial: [4 4 ][DEBUG ILM Popped State] Depth: 3 | Player: 0 | Dice: -1(u) -1(u) -1(u) -1(u) | Initial: [4 4 ] | Seq Size: 3
  Generated 1 half-moves: [-1->-1/1] 
[DEBUG ILM ADD SEQ NOBRANCH/LIMIT] Depth=3: {19,15,4} {23,19,4} {23,19,4}
[DEBUG ILM Popped State] Depth: 3 | Player: 0 | Dice: -1(u) -1(u) -1(u) -1(u) | Initial: [4 4 ] | Seq Size: 3
  Generated 1 half-moves: [-1->-1/1] 
[DEBUG ILM ADD SEQ NOBRANCH/LIMIT] Depth=3: {19,15,4} {23,19,4} {19,15,4}
[DEBUG FBS Entry] Player=0 Input movelist (6):
  Seq:  {19,15,4} {23,19,4} {19,15,4}
  Seq:  {19,15,4} {23,19,4} {23,19,4}
  Seq:  {23,19,4} {19,15,4} {19,15,4}
  Seq:  {23,19,4} {19,15,4} {23,19,4}
  Seq:  {23,19,4} {23,19,4} {19,15,4}
  Seq:  {23,19,4} {23,19,4} {23,19,4}
[DEBUG FBS Stats] longest_sequence=3, max_non_pass=3
[DEBUG] ApplyCheckerMove BEFORE: Player 0, Move: (pos=19, to=15, die=4) Dice: -1 4 4 4 
[DEBUG] ApplyCheckerMove AFTER: Player 0, Move: (pos=19, to=15, die=4) Dice: -1 -1 4 4 
[DEBUG] ApplyCheckerMove BEFORE: Player 0, Move: (pos=23, to=19, die=4) Dice: -1 -1 4 4 
[DEBUG] ApplyCheckerMove AFTER: Player 0, Move: (pos=23, to=19, die=4) Dice: -1 -1 -1 4 
[DEBUG] ApplyCheckerMove BEFORE: Player 0, Move: (pos=19, to=15, die=4) Dice: -1 -1 -1 4 
[DEBUG] ApplyCheckerMove AFTER: Player 0, Move: (pos=19, to=15, die=4) Dice: -1 -1 -1 -1 
[DEBUG] ApplyCheckerMove BEFORE: Player 0, Move: (pos=19, to=15, die=4) Dice: -1 4 4 4 
[DEBUG] ApplyCheckerMove AFTER: Player 0, Move: (pos=19, to=15, die=4) Dice: -1 -1 4 4 
[DEBUG] ApplyCheckerMove BEFORE: Player 0, Move: (pos=23, to=19, die=4) Dice: -1 -1 4 4 
[DEBUG] ApplyCheckerMove AFTER: Player 0, Move: (pos=23, to=19, die=4) Dice: -1 -1 -1 4 
[DEBUG] ApplyCheckerMove BEFORE: Player 0, Move: (pos=23, to=19, die=4) Dice: -1 -1 -1 4 
[DEBUG] ApplyCheckerMove AFTER: Player 0, Move: (pos=23, to=19, die=4) Dice: -1 -1 -1 -1 
[DEBUG] ApplyCheckerMove BEFORE: Player 0, Move: (pos=23, to=19, die=4) Dice: -1 4 4 4 
[DEBUG] ApplyCheckerMove AFTER: Player 0, Move: (pos=23, to=19, die=4) Dice: -1 -1 4 4 
[DEBUG] ApplyCheckerMove BEFORE: Player 0, Move: (pos=19, to=15, die=4) Dice: -1 -1 4 4 
[DEBUG] ApplyCheckerMove AFTER: Player 0, Move: (pos=19, to=15, die=4) Dice: -1 -1 -1 4 
[DEBUG] ApplyCheckerMove BEFORE: Player 0, Move: (pos=19, to=15, die=4) Dice: -1 -1 -1 4 
[DEBUG] ApplyCheckerMove AFTER: Player 0, Move: (pos=19, to=15, die=4) Dice: -1 -1 -1 -1 
[DEBUG] ApplyCheckerMove BEFORE: Player 0, Move: (pos=23, to=19, die=4) Dice: -1 4 4 4 
[DEBUG] ApplyCheckerMove AFTER: Player 0, Move: (pos=23, to=19, die=4) Dice: -1 -1 4 4 
[DEBUG] ApplyCheckerMove BEFORE: Player 0, Move: (pos=19, to=15, die=4) Dice: -1 -1 4 4 
[DEBUG] ApplyCheckerMove AFTER: Player 0, Move: (pos=19, to=15, die=4) Dice: -1 -1 -1 4 
[DEBUG] ApplyCheckerMove BEFORE: Player 0, Move: (pos=23, to=19, die=4) Dice: -1 -1 -1 4 
[DEBUG] ApplyCheckerMove AFTER: Player 0, Move: (pos=23, to=19, die=4) Dice: -1 -1 -1 -1 
[DEBUG] ApplyCheckerMove BEFORE: Player 0, Move: (pos=23, to=19, die=4) Dice: -1 4 4 4 
[DEBUG] ApplyCheckerMove AFTER: Player 0, Move: (pos=23, to=19, die=4) Dice: -1 -1 4 4 
[DEBUG] ApplyCheckerMove BEFORE: Player 0, Move: (pos=23, to=19, die=4) Dice: -1 -1 4 4 
[DEBUG] ApplyCheckerMove AFTER: Player 0, Move: (pos=23, to=19, die=4) Dice: -1 -1 -1 4 
[DEBUG] ApplyCheckerMove BEFORE: Player 0, Move: (pos=19, to=15, die=4) Dice: -1 -1 -1 4 
[DEBUG] ApplyCheckerMove AFTER: Player 0, Move: (pos=19, to=15, die=4) Dice: -1 -1 -1 -1 
[DEBUG] ApplyCheckerMove BEFORE: Player 0, Move: (pos=23, to=19, die=4) Dice: -1 4 4 4 
[DEBUG] ApplyCheckerMove AFTER: Player 0, Move: (pos=23, to=19, die=4) Dice: -1 -1 4 4 
[DEBUG] ApplyCheckerMove BEFORE: Player 0, Move: (pos=23, to=19, die=4) Dice: -1 -1 4 4 
[DEBUG] ApplyCheckerMove AFTER: Player 0, Move: (pos=23, to=19, die=4) Dice: -1 -1 -1 4 
[DEBUG] ApplyCheckerMove BEFORE: Player 0, Move: (pos=23, to=19, die=4) Dice: -1 -1 -1 4 
[DEBUG] ApplyCheckerMove AFTER: Player 0, Move: (pos=23, to=19, die=4) Dice: -1 -1 -1 -1 
[DEBUG FBS Exit] Returning filtered_movelist (6):
  Seq:  {19,15,4} {23,19,4} {19,15,4}
  Seq:  {19,15,4} {23,19,4} {23,19,4}
  Seq:  {23,19,4} {19,15,4} {19,15,4}
  Seq:  {23,19,4} {19,15,4} {23,19,4}
  Seq:  {23,19,4} {23,19,4} {19,15,4}
  Seq:  {23,19,4} {23,19,4} {23,19,4}
[DEBUG DoApplyAction] Enter half-move branch with move_id=23 and moves_remaining_=3
[DEBUG DoApplyAction] Decoded move: (pos=23, die=4)
[DEBUG] ApplyCheckerMove BEFORE: Player 0, Move: (pos=23, to=19, die=4) Dice: -1 4 4 4 
[DEBUG] ApplyCheckerMove AFTER: Player 0, Move: (pos=23, to=19, die=4) Dice: -1 -1 4 4 
[DEBUG DoApplyAction] After ApplyCheckerMove, moves_remaining_ will be 2
[DEBUG DoApplyAction] Exiting with moves_remaining_=2
[DEBUG ILM ENTRY] IterativeLegalMoves function entered.
[DEBUG ILM Popped State] Depth: 0 | Player: 0 | Dice: -1(u) -1(u) 4 4 | Initial: [4 4 ] | Seq Size: 0
  Generated 2 half-moves: [19->15/4] [23->19/4] 
[DEBUG] ApplyCheckerMove BEFORE: Player 0, Move: (pos=19, to=15, die=4) Dice: -1 -1 4 4 
[DEBUG] ApplyCheckerMove AFTER: Player 0, Move: (pos=19, to=15, die=4) Dice: -1 -1 -1 4 
[DEBUG ILM Before Push (Clone)] Player: 0 | Dice: -1(u) -1(u) -1(u) 4 | Initial: [4 4 ]
[DEBUG ILM After Push (Clone)] Top State - Player: 0 | Dice: -1(u) -1(u) -1(u) 4 | Initial: [4 4 ][DEBUG] UndoCheckerMove BEFORE: Player 0, Move: (pos=19, to=15, die=4) Dice: -1 -1 -1 4 
[DEBUG] UndoCheckerMove AFTER: Player 0, Move: (pos=19, to=15, die=4) Dice: 4 -1 -1 4 
[DEBUG] ApplyCheckerMove BEFORE: Player 0, Move: (pos=23, to=19, die=4) Dice: 4 -1 -1 4 
[DEBUG] ApplyCheckerMove AFTER: Player 0, Move: (pos=23, to=19, die=4) Dice: -1 -1 -1 4 
[DEBUG ILM Before Push (Move)] Player: 0 | Dice: -1(u) -1(u) -1(u) 4 | Initial: [4 4 ]
[DEBUG ILM After Push (Move)] Top State - Player: 0 | Dice: -1(u) -1(u) -1(u) 4 | Initial: [4 4 ][DEBUG ILM Popped State] Depth: 1 | Player: 0 | Dice: -1(u) -1(u) -1(u) 4 | Initial: [4 4 ] | Seq Size: 1
  Generated 1 half-moves: [19->15/4] 
[DEBUG] ApplyCheckerMove BEFORE: Player 0, Move: (pos=19, to=15, die=4) Dice: -1 -1 -1 4 
[DEBUG] ApplyCheckerMove AFTER: Player 0, Move: (pos=19, to=15, die=4) Dice: -1 -1 -1 -1 
[DEBUG ILM Before Push (Move)] Player: 0 | Dice: -1(u) -1(u) -1(u) -1(u) | Initial: [4 4 ]
[DEBUG ILM After Push (Move)] Top State - Player: 0 | Dice: -1(u) -1(u) -1(u) -1(u) | Initial: [4 4 ][DEBUG ILM Popped State] Depth: 2 | Player: 0 | Dice: -1(u) -1(u) -1(u) -1(u) | Initial: [4 4 ] | Seq Size: 2
  Generated 1 half-moves: [-1->-1/1] 
[DEBUG ILM ADD SEQ NOBRANCH/LIMIT] Depth=2: {23,19,4} {19,15,4}
[DEBUG ILM Popped State] Depth: 1 | Player: 0 | Dice: -1(u) -1(u) -1(u) 4 | Initial: [4 4 ] | Seq Size: 1
  Generated 2 half-moves: [19->15/4] [23->19/4] 
[DEBUG] ApplyCheckerMove BEFORE: Player 0, Move: (pos=19, to=15, die=4) Dice: -1 -1 -1 4 
[DEBUG] ApplyCheckerMove AFTER: Player 0, Move: (pos=19, to=15, die=4) Dice: -1 -1 -1 -1 
[DEBUG ILM Before Push (Clone)] Player: 0 | Dice: -1(u) -1(u) -1(u) -1(u) | Initial: [4 4 ]
[DEBUG ILM After Push (Clone)] Top State - Player: 0 | Dice: -1(u) -1(u) -1(u) -1(u) | Initial: [4 4 ][DEBUG] UndoCheckerMove BEFORE: Player 0, Move: (pos=19, to=15, die=4) Dice: -1 -1 -1 -1 
[DEBUG] UndoCheckerMove AFTER: Player 0, Move: (pos=19, to=15, die=4) Dice: 4 -1 -1 -1 
[DEBUG] ApplyCheckerMove BEFORE: Player 0, Move: (pos=23, to=19, die=4) Dice: 4 -1 -1 -1 
[DEBUG] ApplyCheckerMove AFTER: Player 0, Move: (pos=23, to=19, die=4) Dice: -1 -1 -1 -1 
[DEBUG ILM Before Push (Move)] Player: 0 | Dice: -1(u) -1(u) -1(u) -1(u) | Initial: [4 4 ]
[DEBUG ILM After Push (Move)] Top State - Player: 0 | Dice: -1(u) -1(u) -1(u) -1(u) | Initial: [4 4 ][DEBUG ILM Popped State] Depth: 2 | Player: 0 | Dice: -1(u) -1(u) -1(u) -1(u) | Initial: [4 4 ] | Seq Size: 2
  Generated 1 half-moves: [-1->-1/1] 
[DEBUG ILM ADD SEQ NOBRANCH/LIMIT] Depth=2: {19,15,4} {23,19,4}
[DEBUG ILM Popped State] Depth: 2 | Player: 0 | Dice: -1(u) -1(u) -1(u) -1(u) | Initial: [4 4 ] | Seq Size: 2
  Generated 1 half-moves: [-1->-1/1] 
[DEBUG ILM ADD SEQ NOBRANCH/LIMIT] Depth=2: {19,15,4} {19,15,4}
[DEBUG FBS Entry] Player=0 Input movelist (3):
  Seq:  {19,15,4} {19,15,4}
  Seq:  {19,15,4} {23,19,4}
  Seq:  {23,19,4} {19,15,4}
[DEBUG FBS Stats] longest_sequence=2, max_non_pass=2
[DEBUG] ApplyCheckerMove BEFORE: Player 0, Move: (pos=19, to=15, die=4) Dice: -1 -1 4 4 
[DEBUG] ApplyCheckerMove AFTER: Player 0, Move: (pos=19, to=15, die=4) Dice: -1 -1 -1 4 
[DEBUG] ApplyCheckerMove BEFORE: Player 0, Move: (pos=19, to=15, die=4) Dice: -1 -1 -1 4 
[DEBUG] ApplyCheckerMove AFTER: Player 0, Move: (pos=19, to=15, die=4) Dice: -1 -1 -1 -1 
[DEBUG] ApplyCheckerMove BEFORE: Player 0, Move: (pos=19, to=15, die=4) Dice: -1 -1 4 4 
[DEBUG] ApplyCheckerMove AFTER: Player 0, Move: (pos=19, to=15, die=4) Dice: -1 -1 -1 4 
[DEBUG] ApplyCheckerMove BEFORE: Player 0, Move: (pos=23, to=19, die=4) Dice: -1 -1 -1 4 
[DEBUG] ApplyCheckerMove AFTER: Player 0, Move: (pos=23, to=19, die=4) Dice: -1 -1 -1 -1 
[DEBUG] ApplyCheckerMove BEFORE: Player 0, Move: (pos=23, to=19, die=4) Dice: -1 -1 4 4 
[DEBUG] ApplyCheckerMove AFTER: Player 0, Move: (pos=23, to=19, die=4) Dice: -1 -1 -1 4 
[DEBUG] ApplyCheckerMove BEFORE: Player 0, Move: (pos=19, to=15, die=4) Dice: -1 -1 -1 4 
[DEBUG] ApplyCheckerMove AFTER: Player 0, Move: (pos=19, to=15, die=4) Dice: -1 -1 -1 -1 
[DEBUG FBS Exit] Returning filtered_movelist (3):
  Seq:  {19,15,4} {19,15,4}
  Seq:  {19,15,4} {23,19,4}
  Seq:  {23,19,4} {19,15,4}
[DEBUG DoApplyAction] Enter half-move branch with move_id=19 and moves_remaining_=2
[DEBUG DoApplyAction] Decoded move: (pos=19, die=4)
[DEBUG] ApplyCheckerMove BEFORE: Player 0, Move: (pos=19, to=15, die=4) Dice: -1 -1 4 4 
[DEBUG] ApplyCheckerMove AFTER: Player 0, Move: (pos=19, to=15, die=4) Dice: -1 -1 -1 4 
[DEBUG DoApplyAction] After ApplyCheckerMove, moves_remaining_ will be 1
[DEBUG DoApplyAction] Exiting with moves_remaining_=1
[DEBUG ILM ENTRY] IterativeLegalMoves function entered.
[DEBUG ILM Popped State] Depth: 0 | Player: 0 | Dice: -1(u) -1(u) -1(u) 4 | Initial: [4 4 ] | Seq Size: 0
  Generated 2 half-moves: [19->15/4] [23->19/4] 
[DEBUG] ApplyCheckerMove BEFORE: Player 0, Move: (pos=19, to=15, die=4) Dice: -1 -1 -1 4 
[DEBUG] ApplyCheckerMove AFTER: Player 0, Move: (pos=19, to=15, die=4) Dice: -1 -1 -1 -1 
[DEBUG ILM Before Push (Clone)] Player: 0 | Dice: -1(u) -1(u) -1(u) -1(u) | Initial: [4 4 ]
[DEBUG ILM After Push (Clone)] Top State - Player: 0 | Dice: -1(u) -1(u) -1(u) -1(u) | Initial: [4 4 ][DEBUG] UndoCheckerMove BEFORE: Player 0, Move: (pos=19, to=15, die=4) Dice: -1 -1 -1 -1 
[DEBUG] UndoCheckerMove AFTER: Player 0, Move: (pos=19, to=15, die=4) Dice: 4 -1 -1 -1 
[DEBUG] ApplyCheckerMove BEFORE: Player 0, Move: (pos=23, to=19, die=4) Dice: 4 -1 -1 -1 
[DEBUG] ApplyCheckerMove AFTER: Player 0, Move: (pos=23, to=19, die=4) Dice: -1 -1 -1 -1 
[DEBUG ILM Before Push (Move)] Player: 0 | Dice: -1(u) -1(u) -1(u) -1(u) | Initial: [4 4 ]
[DEBUG ILM After Push (Move)] Top State - Player: 0 | Dice: -1(u) -1(u) -1(u) -1(u) | Initial: [4 4 ][DEBUG ILM Popped State] Depth: 1 | Player: 0 | Dice: -1(u) -1(u) -1(u) -1(u) | Initial: [4 4 ] | Seq Size: 1
  Generated 1 half-moves: [-1->-1/1] 
[DEBUG ILM ADD SEQ NOBRANCH/LIMIT] Depth=1: {23,19,4}
[DEBUG ILM Popped State] Depth: 1 | Player: 0 | Dice: -1(u) -1(u) -1(u) -1(u) | Initial: [4 4 ] | Seq Size: 1
  Generated 1 half-moves: [-1->-1/1] 
[DEBUG ILM ADD SEQ NOBRANCH/LIMIT] Depth=1: {19,15,4}
[DEBUG FBS Entry] Player=0 Input movelist (2):
  Seq:  {19,15,4}
  Seq:  {23,19,4}
[DEBUG FBS Stats] longest_sequence=1, max_non_pass=1
[DEBUG] ApplyCheckerMove BEFORE: Player 0, Move: (pos=19, to=15, die=4) Dice: -1 -1 -1 4 
[DEBUG] ApplyCheckerMove AFTER: Player 0, Move: (pos=19, to=15, die=4) Dice: -1 -1 -1 -1 
[DEBUG] ApplyCheckerMove BEFORE: Player 0, Move: (pos=23, to=19, die=4) Dice: -1 -1 -1 4 
[DEBUG] ApplyCheckerMove AFTER: Player 0, Move: (pos=23, to=19, die=4) Dice: -1 -1 -1 -1 
[DEBUG FBS Exit] Returning filtered_movelist (2):
  Seq:  {19,15,4}
  Seq:  {23,19,4}
[DEBUG DoApplyAction] Enter half-move branch with move_id=19 and moves_remaining_=1
[DEBUG DoApplyAction] Decoded move: (pos=19, die=4)
[DEBUG] ApplyCheckerMove BEFORE: Player 0, Move: (pos=19, to=15, die=4) Dice: -1 -1 -1 4 
[DEBUG] ApplyCheckerMove AFTER: Player 0, Move: (pos=19, to=15, die=4) Dice: -1 -1 -1 -1 
[DEBUG DoApplyAction] After ApplyCheckerMove, moves_remaining_ will be 0
[DEBUG DoApplyAction] Exiting with moves_remaining_=0
✓ Basic movement test passed

=== Running InitialDiceTest ===
✓ Initial dice values verified

=== Running CheckerDistributionTest ===
[DEBUG SetupDice] Input dice: {6, 6, 6, 6}
[DEBUG SetupDice] Assigned state->dice_: {6, 6, 6, 6}
[DEBUG SetupDice] Assigned state->initial_dice_: {6, 6}
[DEBUG ILM ENTRY] IterativeLegalMoves function entered.
[DEBUG ILM Popped State] Depth: 0 | Player: 0 | Dice: 6 6 6 6 | Initial: [6 6 ] | Seq Size: 0
  Generated 1 half-moves: [23->17/6] 
[DEBUG] ApplyCheckerMove BEFORE: Player 0, Move: (pos=23, to=17, die=6) Dice: 6 6 6 6 
[DEBUG] ApplyCheckerMove AFTER: Player 0, Move: (pos=23, to=17, die=6) Dice: -1 6 6 6 
[DEBUG ILM Before Push (Move)] Player: 0 | Dice: -1(u) 6 6 6 | Initial: [6 6 ]
[DEBUG ILM After Push (Move)] Top State - Player: 0 | Dice: -1(u) 6 6 6 | Initial: [6 6 ][DEBUG ILM Popped State] Depth: 1 | Player: 0 | Dice: -1(u) 6 6 6 | Initial: [6 6 ] | Seq Size: 1
  Generated 1 half-moves: [23->17/6] 
[DEBUG] ApplyCheckerMove BEFORE: Player 0, Move: (pos=23, to=17, die=6) Dice: -1 6 6 6 
[DEBUG] ApplyCheckerMove AFTER: Player 0, Move: (pos=23, to=17, die=6) Dice: -1 -1 6 6 
[DEBUG ILM Before Push (Move)] Player: 0 | Dice: -1(u) -1(u) 6 6 | Initial: [6 6 ]
[DEBUG ILM After Push (Move)] Top State - Player: 0 | Dice: -1(u) -1(u) 6 6 | Initial: [6 6 ][DEBUG ILM Popped State] Depth: 2 | Player: 0 | Dice: -1(u) -1(u) 6 6 | Initial: [6 6 ] | Seq Size: 2
  Generated 1 half-moves: [23->17/6] 
[DEBUG] ApplyCheckerMove BEFORE: Player 0, Move: (pos=23, to=17, die=6) Dice: -1 -1 6 6 
[DEBUG] ApplyCheckerMove AFTER: Player 0, Move: (pos=23, to=17, die=6) Dice: -1 -1 -1 6 
[DEBUG ILM Before Push (Move)] Player: 0 | Dice: -1(u) -1(u) -1(u) 6 | Initial: [6 6 ]
[DEBUG ILM After Push (Move)] Top State - Player: 0 | Dice: -1(u) -1(u) -1(u) 6 | Initial: [6 6 ][DEBUG ILM Popped State] Depth: 3 | Player: 0 | Dice: -1(u) -1(u) -1(u) 6 | Initial: [6 6 ] | Seq Size: 3
  Generated 1 half-moves: [23->17/6] 
[DEBUG] ApplyCheckerMove BEFORE: Player 0, Move: (pos=23, to=17, die=6) Dice: -1 -1 -1 6 
[DEBUG] ApplyCheckerMove AFTER: Player 0, Move: (pos=23, to=17, die=6) Dice: -1 -1 -1 -1 
[DEBUG ILM Before Push (Move)] Player: 0 | Dice: -1(u) -1(u) -1(u) -1(u) | Initial: [6 6 ]
[DEBUG ILM After Push (Move)] Top State - Player: 0 | Dice: -1(u) -1(u) -1(u) -1(u) | Initial: [6 6 ][DEBUG ILM Popped State] Depth: 4 | Player: 0 | Dice: -1(u) -1(u) -1(u) -1(u) | Initial: [6 6 ] | Seq Size: 4
  Generated 1 half-moves: [-1->-1/1] 
[DEBUG ILM ADD SEQ NOBRANCH/LIMIT] Depth=4: {23,17,6} {23,17,6} {23,17,6} {23,17,6}
[DEBUG FBS Entry] Player=0 Input movelist (1):
  Seq:  {23,17,6} {23,17,6} {23,17,6} {23,17,6}
[DEBUG FBS Stats] longest_sequence=4, max_non_pass=4
[DEBUG] ApplyCheckerMove BEFORE: Player 0, Move: (pos=23, to=17, die=6) Dice: 6 6 6 6 
[DEBUG] ApplyCheckerMove AFTER: Player 0, Move: (pos=23, to=17, die=6) Dice: -1 6 6 6 
[DEBUG] ApplyCheckerMove BEFORE: Player 0, Move: (pos=23, to=17, die=6) Dice: -1 6 6 6 
[DEBUG] ApplyCheckerMove AFTER: Player 0, Move: (pos=23, to=17, die=6) Dice: -1 -1 6 6 
[DEBUG] ApplyCheckerMove BEFORE: Player 0, Move: (pos=23, to=17, die=6) Dice: -1 -1 6 6 
[DEBUG] ApplyCheckerMove AFTER: Player 0, Move: (pos=23, to=17, die=6) Dice: -1 -1 -1 6 
[DEBUG] ApplyCheckerMove BEFORE: Player 0, Move: (pos=23, to=17, die=6) Dice: -1 -1 -1 6 
[DEBUG] ApplyCheckerMove AFTER: Player 0, Move: (pos=23, to=17, die=6) Dice: -1 -1 -1 -1 
[DEBUG FBS Exit] Returning filtered_movelist (1):
  Seq:  {23,17,6} {23,17,6} {23,17,6} {23,17,6}
[DEBUG DoApplyAction] Enter half-move branch with move_id=23 and moves_remaining_=4
[DEBUG DoApplyAction] Decoded move: (pos=23, die=6)
[DEBUG] ApplyCheckerMove BEFORE: Player 0, Move: (pos=23, to=17, die=6) Dice: 6 6 6 6 
[DEBUG] ApplyCheckerMove AFTER: Player 0, Move: (pos=23, to=17, die=6) Dice: -1 6 6 6 
[DEBUG DoApplyAction] After ApplyCheckerMove, moves_remaining_ will be 3
[DEBUG DoApplyAction] Exiting with moves_remaining_=3
[DEBUG ILM ENTRY] IterativeLegalMoves function entered.
[DEBUG ILM Popped State] Depth: 0 | Player: 0 | Dice: -1(u) 6 6 6 | Initial: [6 6 ] | Seq Size: 0
  Generated 1 half-moves: [23->17/6] 
[DEBUG] ApplyCheckerMove BEFORE: Player 0, Move: (pos=23, to=17, die=6) Dice: -1 6 6 6 
[DEBUG] ApplyCheckerMove AFTER: Player 0, Move: (pos=23, to=17, die=6) Dice: -1 -1 6 6 
[DEBUG ILM Before Push (Move)] Player: 0 | Dice: -1(u) -1(u) 6 6 | Initial: [6 6 ]
[DEBUG ILM After Push (Move)] Top State - Player: 0 | Dice: -1(u) -1(u) 6 6 | Initial: [6 6 ][DEBUG ILM Popped State] Depth: 1 | Player: 0 | Dice: -1(u) -1(u) 6 6 | Initial: [6 6 ] | Seq Size: 1
  Generated 1 half-moves: [23->17/6] 
[DEBUG] ApplyCheckerMove BEFORE: Player 0, Move: (pos=23, to=17, die=6) Dice: -1 -1 6 6 
[DEBUG] ApplyCheckerMove AFTER: Player 0, Move: (pos=23, to=17, die=6) Dice: -1 -1 -1 6 
[DEBUG ILM Before Push (Move)] Player: 0 | Dice: -1(u) -1(u) -1(u) 6 | Initial: [6 6 ]
[DEBUG ILM After Push (Move)] Top State - Player: 0 | Dice: -1(u) -1(u) -1(u) 6 | Initial: [6 6 ][DEBUG ILM Popped State] Depth: 2 | Player: 0 | Dice: -1(u) -1(u) -1(u) 6 | Initial: [6 6 ] | Seq Size: 2
  Generated 1 half-moves: [23->17/6] 
[DEBUG] ApplyCheckerMove BEFORE: Player 0, Move: (pos=23, to=17, die=6) Dice: -1 -1 -1 6 
[DEBUG] ApplyCheckerMove AFTER: Player 0, Move: (pos=23, to=17, die=6) Dice: -1 -1 -1 -1 
[DEBUG ILM Before Push (Move)] Player: 0 | Dice: -1(u) -1(u) -1(u) -1(u) | Initial: [6 6 ]
[DEBUG ILM After Push (Move)] Top State - Player: 0 | Dice: -1(u) -1(u) -1(u) -1(u) | Initial: [6 6 ][DEBUG ILM Popped State] Depth: 3 | Player: 0 | Dice: -1(u) -1(u) -1(u) -1(u) | Initial: [6 6 ] | Seq Size: 3
  Generated 1 half-moves: [-1->-1/1] 
[DEBUG ILM ADD SEQ NOBRANCH/LIMIT] Depth=3: {23,17,6} {23,17,6} {23,17,6}
[DEBUG FBS Entry] Player=0 Input movelist (1):
  Seq:  {23,17,6} {23,17,6} {23,17,6}
[DEBUG FBS Stats] longest_sequence=3, max_non_pass=3
[DEBUG] ApplyCheckerMove BEFORE: Player 0, Move: (pos=23, to=17, die=6) Dice: -1 6 6 6 
[DEBUG] ApplyCheckerMove AFTER: Player 0, Move: (pos=23, to=17, die=6) Dice: -1 -1 6 6 
[DEBUG] ApplyCheckerMove BEFORE: Player 0, Move: (pos=23, to=17, die=6) Dice: -1 -1 6 6 
[DEBUG] ApplyCheckerMove AFTER: Player 0, Move: (pos=23, to=17, die=6) Dice: -1 -1 -1 6 
[DEBUG] ApplyCheckerMove BEFORE: Player 0, Move: (pos=23, to=17, die=6) Dice: -1 -1 -1 6 
[DEBUG] ApplyCheckerMove AFTER: Player 0, Move: (pos=23, to=17, die=6) Dice: -1 -1 -1 -1 
[DEBUG FBS Exit] Returning filtered_movelist (1):
  Seq:  {23,17,6} {23,17,6} {23,17,6}
[DEBUG DoApplyAction] Enter half-move branch with move_id=23 and moves_remaining_=3
[DEBUG DoApplyAction] Decoded move: (pos=23, die=6)
[DEBUG] ApplyCheckerMove BEFORE: Player 0, Move: (pos=23, to=17, die=6) Dice: -1 6 6 6 
[DEBUG] ApplyCheckerMove AFTER: Player 0, Move: (pos=23, to=17, die=6) Dice: -1 -1 6 6 
[DEBUG DoApplyAction] After ApplyCheckerMove, moves_remaining_ will be 2
[DEBUG DoApplyAction] Exiting with moves_remaining_=2
✓ Checker distribution verified

=== Running HeadRuleTestFirstTurn ===
[DEBUG ILM ENTRY] IterativeLegalMoves function entered.
[DEBUG ILM Popped State] Depth: 0 | Player: 0 | Dice: 4 4 4 4 | Initial: [4 4 4 4 ] | Seq Size: 0
  Generated 1 half-moves: [23->19/4] 
[DEBUG] ApplyCheckerMove BEFORE: Player 0, Move: (pos=23, to=19, die=4) Dice: 4 4 4 4 
[DEBUG] ApplyCheckerMove AFTER: Player 0, Move: (pos=23, to=19, die=4) Dice: -1 4 4 4 
[DEBUG ILM Before Push (Move)] Player: 0 | Dice: -1(u) 4 4 4 | Initial: [4 4 4 4 ]
[DEBUG ILM After Push (Move)] Top State - Player: 0 | Dice: -1(u) 4 4 4 | Initial: [4 4 4 4 ][DEBUG ILM Popped State] Depth: 1 | Player: 0 | Dice: -1(u) 4 4 4 | Initial: [4 4 4 4 ] | Seq Size: 1
  Generated 2 half-moves: [19->15/4] [23->19/4] 
[DEBUG] ApplyCheckerMove BEFORE: Player 0, Move: (pos=19, to=15, die=4) Dice: -1 4 4 4 
[DEBUG] ApplyCheckerMove AFTER: Player 0, Move: (pos=19, to=15, die=4) Dice: -1 -1 4 4 
[DEBUG ILM Before Push (Clone)] Player: 0 | Dice: -1(u) -1(u) 4 4 | Initial: [4 4 4 4 ]
[DEBUG ILM After Push (Clone)] Top State - Player: 0 | Dice: -1(u) -1(u) 4 4 | Initial: [4 4 4 4 ][DEBUG] UndoCheckerMove BEFORE: Player 0, Move: (pos=19, to=15, die=4) Dice: -1 -1 4 4 
[DEBUG] UndoCheckerMove AFTER: Player 0, Move: (pos=19, to=15, die=4) Dice: 4 -1 4 4 
[DEBUG] ApplyCheckerMove BEFORE: Player 0, Move: (pos=23, to=19, die=4) Dice: 4 -1 4 4 
[DEBUG] ApplyCheckerMove AFTER: Player 0, Move: (pos=23, to=19, die=4) Dice: -1 -1 4 4 
[DEBUG ILM Before Push (Move)] Player: 0 | Dice: -1(u) -1(u) 4 4 | Initial: [4 4 4 4 ]
[DEBUG ILM After Push (Move)] Top State - Player: 0 | Dice: -1(u) -1(u) 4 4 | Initial: [4 4 4 4 ][DEBUG ILM Popped State] Depth: 2 | Player: 0 | Dice: -1(u) -1(u) 4 4 | Initial: [4 4 4 4 ] | Seq Size: 2
  Generated 2 half-moves: [19->15/4] [23->19/4] 
[DEBUG] ApplyCheckerMove BEFORE: Player 0, Move: (pos=19, to=15, die=4) Dice: -1 -1 4 4 
[DEBUG] ApplyCheckerMove AFTER: Player 0, Move: (pos=19, to=15, die=4) Dice: -1 -1 -1 4 
[DEBUG ILM Before Push (Clone)] Player: 0 | Dice: -1(u) -1(u) -1(u) 4 | Initial: [4 4 4 4 ]
[DEBUG ILM After Push (Clone)] Top State - Player: 0 | Dice: -1(u) -1(u) -1(u) 4 | Initial: [4 4 4 4 ][DEBUG] UndoCheckerMove BEFORE: Player 0, Move: (pos=19, to=15, die=4) Dice: -1 -1 -1 4 
[DEBUG] UndoCheckerMove AFTER: Player 0, Move: (pos=19, to=15, die=4) Dice: 4 -1 -1 4 
[DEBUG] ApplyCheckerMove BEFORE: Player 0, Move: (pos=23, to=19, die=4) Dice: 4 -1 -1 4 
[DEBUG] ApplyCheckerMove AFTER: Player 0, Move: (pos=23, to=19, die=4) Dice: -1 -1 -1 4 
[DEBUG ILM Before Push (Move)] Player: 0 | Dice: -1(u) -1(u) -1(u) 4 | Initial: [4 4 4 4 ]
[DEBUG ILM After Push (Move)] Top State - Player: 0 | Dice: -1(u) -1(u) -1(u) 4 | Initial: [4 4 4 4 ][DEBUG ILM Popped State] Depth: 3 | Player: 0 | Dice: -1(u) -1(u) -1(u) 4 | Initial: [4 4 4 4 ] | Seq Size: 3
  Generated 2 half-moves: [19->15/4] [23->19/4] 
[DEBUG] ApplyCheckerMove BEFORE: Player 0, Move: (pos=19, to=15, die=4) Dice: -1 -1 -1 4 
[DEBUG] ApplyCheckerMove AFTER: Player 0, Move: (pos=19, to=15, die=4) Dice: -1 -1 -1 -1 
[DEBUG ILM Before Push (Clone)] Player: 0 | Dice: -1(u) -1(u) -1(u) -1(u) | Initial: [4 4 4 4 ]
[DEBUG ILM After Push (Clone)] Top State - Player: 0 | Dice: -1(u) -1(u) -1(u) -1(u) | Initial: [4 4 4 4 ][DEBUG] UndoCheckerMove BEFORE: Player 0, Move: (pos=19, to=15, die=4) Dice: -1 -1 -1 -1 
[DEBUG] UndoCheckerMove AFTER: Player 0, Move: (pos=19, to=15, die=4) Dice: 4 -1 -1 -1 
[DEBUG] ApplyCheckerMove BEFORE: Player 0, Move: (pos=23, to=19, die=4) Dice: 4 -1 -1 -1 
[DEBUG] ApplyCheckerMove AFTER: Player 0, Move: (pos=23, to=19, die=4) Dice: -1 -1 -1 -1 
[DEBUG ILM Before Push (Move)] Player: 0 | Dice: -1(u) -1(u) -1(u) -1(u) | Initial: [4 4 4 4 ]
[DEBUG ILM After Push (Move)] Top State - Player: 0 | Dice: -1(u) -1(u) -1(u) -1(u) | Initial: [4 4 4 4 ][DEBUG ILM Popped State] Depth: 4 | Player: 0 | Dice: -1(u) -1(u) -1(u) -1(u) | Initial: [4 4 4 4 ] | Seq Size: 4
  Generated 1 half-moves: [-1->-1/1] 
[DEBUG ILM ADD SEQ NOBRANCH/LIMIT] Depth=4: {23,19,4} {23,19,4} {23,19,4} {23,19,4}
[DEBUG ILM Popped State] Depth: 4 | Player: 0 | Dice: -1(u) -1(u) -1(u) -1(u) | Initial: [4 4 4 4 ] | Seq Size: 4
  Generated 1 half-moves: [-1->-1/1] 
[DEBUG ILM ADD SEQ NOBRANCH/LIMIT] Depth=4: {23,19,4} {23,19,4} {23,19,4} {19,15,4}
[DEBUG ILM Popped State] Depth: 3 | Player: 0 | Dice: -1(u) -1(u) -1(u) 4 | Initial: [4 4 4 4 ] | Seq Size: 3
  Generated 2 half-moves: [19->15/4] [23->19/4] 
[DEBUG] ApplyCheckerMove BEFORE: Player 0, Move: (pos=19, to=15, die=4) Dice: -1 -1 -1 4 
[DEBUG] ApplyCheckerMove AFTER: Player 0, Move: (pos=19, to=15, die=4) Dice: -1 -1 -1 -1 
[DEBUG ILM Before Push (Clone)] Player: 0 | Dice: -1(u) -1(u) -1(u) -1(u) | Initial: [4 4 4 4 ]
[DEBUG ILM After Push (Clone)] Top State - Player: 0 | Dice: -1(u) -1(u) -1(u) -1(u) | Initial: [4 4 4 4 ][DEBUG] UndoCheckerMove BEFORE: Player 0, Move: (pos=19, to=15, die=4) Dice: -1 -1 -1 -1 
[DEBUG] UndoCheckerMove AFTER: Player 0, Move: (pos=19, to=15, die=4) Dice: 4 -1 -1 -1 
[DEBUG] ApplyCheckerMove BEFORE: Player 0, Move: (pos=23, to=19, die=4) Dice: 4 -1 -1 -1 
[DEBUG] ApplyCheckerMove AFTER: Player 0, Move: (pos=23, to=19, die=4) Dice: -1 -1 -1 -1 
[DEBUG ILM Before Push (Move)] Player: 0 | Dice: -1(u) -1(u) -1(u) -1(u) | Initial: [4 4 4 4 ]
[DEBUG ILM After Push (Move)] Top State - Player: 0 | Dice: -1(u) -1(u) -1(u) -1(u) | Initial: [4 4 4 4 ][DEBUG ILM Popped State] Depth: 4 | Player: 0 | Dice: -1(u) -1(u) -1(u) -1(u) | Initial: [4 4 4 4 ] | Seq Size: 4
  Generated 1 half-moves: [-1->-1/1] 
[DEBUG ILM ADD SEQ NOBRANCH/LIMIT] Depth=4: {23,19,4} {23,19,4} {19,15,4} {23,19,4}
[DEBUG ILM Popped State] Depth: 4 | Player: 0 | Dice: -1(u) -1(u) -1(u) -1(u) | Initial: [4 4 4 4 ] | Seq Size: 4
  Generated 1 half-moves: [-1->-1/1] 
[DEBUG ILM ADD SEQ NOBRANCH/LIMIT] Depth=4: {23,19,4} {23,19,4} {19,15,4} {19,15,4}
[DEBUG ILM Popped State] Depth: 2 | Player: 0 | Dice: -1(u) -1(u) 4 4 | Initial: [4 4 4 4 ] | Seq Size: 2
  Generated 1 half-moves: [23->19/4] 
[DEBUG] ApplyCheckerMove BEFORE: Player 0, Move: (pos=23, to=19, die=4) Dice: -1 -1 4 4 
[DEBUG] ApplyCheckerMove AFTER: Player 0, Move: (pos=23, to=19, die=4) Dice: -1 -1 -1 4 
[DEBUG ILM Before Push (Move)] Player: 0 | Dice: -1(u) -1(u) -1(u) 4 | Initial: [4 4 4 4 ]
[DEBUG ILM After Push (Move)] Top State - Player: 0 | Dice: -1(u) -1(u) -1(u) 4 | Initial: [4 4 4 4 ][DEBUG ILM Popped State] Depth: 3 | Player: 0 | Dice: -1(u) -1(u) -1(u) 4 | Initial: [4 4 4 4 ] | Seq Size: 3
  Generated 2 half-moves: [19->15/4] [23->19/4] 
[DEBUG] ApplyCheckerMove BEFORE: Player 0, Move: (pos=19, to=15, die=4) Dice: -1 -1 -1 4 
[DEBUG] ApplyCheckerMove AFTER: Player 0, Move: (pos=19, to=15, die=4) Dice: -1 -1 -1 -1 
[DEBUG ILM Before Push (Clone)] Player: 0 | Dice: -1(u) -1(u) -1(u) -1(u) | Initial: [4 4 4 4 ]
[DEBUG ILM After Push (Clone)] Top State - Player: 0 | Dice: -1(u) -1(u) -1(u) -1(u) | Initial: [4 4 4 4 ][DEBUG] UndoCheckerMove BEFORE: Player 0, Move: (pos=19, to=15, die=4) Dice: -1 -1 -1 -1 
[DEBUG] UndoCheckerMove AFTER: Player 0, Move: (pos=19, to=15, die=4) Dice: 4 -1 -1 -1 
[DEBUG] ApplyCheckerMove BEFORE: Player 0, Move: (pos=23, to=19, die=4) Dice: 4 -1 -1 -1 
[DEBUG] ApplyCheckerMove AFTER: Player 0, Move: (pos=23, to=19, die=4) Dice: -1 -1 -1 -1 
[DEBUG ILM Before Push (Move)] Player: 0 | Dice: -1(u) -1(u) -1(u) -1(u) | Initial: [4 4 4 4 ]
[DEBUG ILM After Push (Move)] Top State - Player: 0 | Dice: -1(u) -1(u) -1(u) -1(u) | Initial: [4 4 4 4 ][DEBUG ILM Popped State] Depth: 4 | Player: 0 | Dice: -1(u) -1(u) -1(u) -1(u) | Initial: [4 4 4 4 ] | Seq Size: 4
  Generated 1 half-moves: [-1->-1/1] 
[DEBUG ILM ADD SEQ NOBRANCH/LIMIT] Depth=4: {23,19,4} {19,15,4} {23,19,4} {23,19,4}
[DEBUG ILM Popped State] Depth: 4 | Player: 0 | Dice: -1(u) -1(u) -1(u) -1(u) | Initial: [4 4 4 4 ] | Seq Size: 4
  Generated 1 half-moves: [-1->-1/1] 
[DEBUG ILM ADD SEQ NOBRANCH/LIMIT] Depth=4: {23,19,4} {19,15,4} {23,19,4} {19,15,4}
[DEBUG FBS Entry] Player=0 Input movelist (6):
  Seq:  {23,19,4} {19,15,4} {23,19,4} {19,15,4}
  Seq:  {23,19,4} {19,15,4} {23,19,4} {23,19,4}
  Seq:  {23,19,4} {23,19,4} {19,15,4} {19,15,4}
  Seq:  {23,19,4} {23,19,4} {19,15,4} {23,19,4}
  Seq:  {23,19,4} {23,19,4} {23,19,4} {19,15,4}
  Seq:  {23,19,4} {23,19,4} {23,19,4} {23,19,4}
[DEBUG FBS Stats] longest_sequence=4, max_non_pass=4
[DEBUG] ApplyCheckerMove BEFORE: Player 0, Move: (pos=23, to=19, die=4) Dice: 4 4 4 4 
[DEBUG] ApplyCheckerMove AFTER: Player 0, Move: (pos=23, to=19, die=4) Dice: -1 4 4 4 
[DEBUG] ApplyCheckerMove BEFORE: Player 0, Move: (pos=19, to=15, die=4) Dice: -1 4 4 4 
[DEBUG] ApplyCheckerMove AFTER: Player 0, Move: (pos=19, to=15, die=4) Dice: -1 -1 4 4 
[DEBUG] ApplyCheckerMove BEFORE: Player 0, Move: (pos=23, to=19, die=4) Dice: -1 -1 4 4 
[DEBUG] ApplyCheckerMove AFTER: Player 0, Move: (pos=23, to=19, die=4) Dice: -1 -1 -1 4 
[DEBUG] ApplyCheckerMove BEFORE: Player 0, Move: (pos=19, to=15, die=4) Dice: -1 -1 -1 4 
[DEBUG] ApplyCheckerMove AFTER: Player 0, Move: (pos=19, to=15, die=4) Dice: -1 -1 -1 -1 
[DEBUG] ApplyCheckerMove BEFORE: Player 0, Move: (pos=23, to=19, die=4) Dice: 4 4 4 4 
[DEBUG] ApplyCheckerMove AFTER: Player 0, Move: (pos=23, to=19, die=4) Dice: -1 4 4 4 
[DEBUG] ApplyCheckerMove BEFORE: Player 0, Move: (pos=19, to=15, die=4) Dice: -1 4 4 4 
[DEBUG] ApplyCheckerMove AFTER: Player 0, Move: (pos=19, to=15, die=4) Dice: -1 -1 4 4 
[DEBUG] ApplyCheckerMove BEFORE: Player 0, Move: (pos=23, to=19, die=4) Dice: -1 -1 4 4 
[DEBUG] ApplyCheckerMove AFTER: Player 0, Move: (pos=23, to=19, die=4) Dice: -1 -1 -1 4 
[DEBUG] ApplyCheckerMove BEFORE: Player 0, Move: (pos=23, to=19, die=4) Dice: -1 -1 -1 4 
[DEBUG] ApplyCheckerMove AFTER: Player 0, Move: (pos=23, to=19, die=4) Dice: -1 -1 -1 -1 
[DEBUG] ApplyCheckerMove BEFORE: Player 0, Move: (pos=23, to=19, die=4) Dice: 4 4 4 4 
[DEBUG] ApplyCheckerMove AFTER: Player 0, Move: (pos=23, to=19, die=4) Dice: -1 4 4 4 
[DEBUG] ApplyCheckerMove BEFORE: Player 0, Move: (pos=23, to=19, die=4) Dice: -1 4 4 4 
[DEBUG] ApplyCheckerMove AFTER: Player 0, Move: (pos=23, to=19, die=4) Dice: -1 -1 4 4 
[DEBUG] ApplyCheckerMove BEFORE: Player 0, Move: (pos=19, to=15, die=4) Dice: -1 -1 4 4 
[DEBUG] ApplyCheckerMove AFTER: Player 0, Move: (pos=19, to=15, die=4) Dice: -1 -1 -1 4 
[DEBUG] ApplyCheckerMove BEFORE: Player 0, Move: (pos=19, to=15, die=4) Dice: -1 -1 -1 4 
[DEBUG] ApplyCheckerMove AFTER: Player 0, Move: (pos=19, to=15, die=4) Dice: -1 -1 -1 -1 
[DEBUG] ApplyCheckerMove BEFORE: Player 0, Move: (pos=23, to=19, die=4) Dice: 4 4 4 4 
[DEBUG] ApplyCheckerMove AFTER: Player 0, Move: (pos=23, to=19, die=4) Dice: -1 4 4 4 
[DEBUG] ApplyCheckerMove BEFORE: Player 0, Move: (pos=23, to=19, die=4) Dice: -1 4 4 4 
[DEBUG] ApplyCheckerMove AFTER: Player 0, Move: (pos=23, to=19, die=4) Dice: -1 -1 4 4 
[DEBUG] ApplyCheckerMove BEFORE: Player 0, Move: (pos=19, to=15, die=4) Dice: -1 -1 4 4 
[DEBUG] ApplyCheckerMove AFTER: Player 0, Move: (pos=19, to=15, die=4) Dice: -1 -1 -1 4 
[DEBUG] ApplyCheckerMove BEFORE: Player 0, Move: (pos=23, to=19, die=4) Dice: -1 -1 -1 4 
[DEBUG] ApplyCheckerMove AFTER: Player 0, Move: (pos=23, to=19, die=4) Dice: -1 -1 -1 -1 
[DEBUG] ApplyCheckerMove BEFORE: Player 0, Move: (pos=23, to=19, die=4) Dice: 4 4 4 4 
[DEBUG] ApplyCheckerMove AFTER: Player 0, Move: (pos=23, to=19, die=4) Dice: -1 4 4 4 
[DEBUG] ApplyCheckerMove BEFORE: Player 0, Move: (pos=23, to=19, die=4) Dice: -1 4 4 4 
[DEBUG] ApplyCheckerMove AFTER: Player 0, Move: (pos=23, to=19, die=4) Dice: -1 -1 4 4 
[DEBUG] ApplyCheckerMove BEFORE: Player 0, Move: (pos=23, to=19, die=4) Dice: -1 -1 4 4 
[DEBUG] ApplyCheckerMove AFTER: Player 0, Move: (pos=23, to=19, die=4) Dice: -1 -1 -1 4 
[DEBUG] ApplyCheckerMove BEFORE: Player 0, Move: (pos=19, to=15, die=4) Dice: -1 -1 -1 4 
[DEBUG] ApplyCheckerMove AFTER: Player 0, Move: (pos=19, to=15, die=4) Dice: -1 -1 -1 -1 
[DEBUG] ApplyCheckerMove BEFORE: Player 0, Move: (pos=23, to=19, die=4) Dice: 4 4 4 4 
[DEBUG] ApplyCheckerMove AFTER: Player 0, Move: (pos=23, to=19, die=4) Dice: -1 4 4 4 
[DEBUG] ApplyCheckerMove BEFORE: Player 0, Move: (pos=23, to=19, die=4) Dice: -1 4 4 4 
[DEBUG] ApplyCheckerMove AFTER: Player 0, Move: (pos=23, to=19, die=4) Dice: -1 -1 4 4 
[DEBUG] ApplyCheckerMove BEFORE: Player 0, Move: (pos=23, to=19, die=4) Dice: -1 -1 4 4 
[DEBUG] ApplyCheckerMove AFTER: Player 0, Move: (pos=23, to=19, die=4) Dice: -1 -1 -1 4 
[DEBUG] ApplyCheckerMove BEFORE: Player 0, Move: (pos=23, to=19, die=4) Dice: -1 -1 -1 4 
[DEBUG] ApplyCheckerMove AFTER: Player 0, Move: (pos=23, to=19, die=4) Dice: -1 -1 -1 -1 
[DEBUG FBS Exit] Returning filtered_movelist (6):
  Seq:  {23,19,4} {19,15,4} {23,19,4} {19,15,4}
  Seq:  {23,19,4} {19,15,4} {23,19,4} {23,19,4}
  Seq:  {23,19,4} {23,19,4} {19,15,4} {19,15,4}
  Seq:  {23,19,4} {23,19,4} {19,15,4} {23,19,4}
  Seq:  {23,19,4} {23,19,4} {23,19,4} {19,15,4}
  Seq:  {23,19,4} {23,19,4} {23,19,4} {23,19,4}
[DEBUG DoApplyAction] Enter half-move branch with move_id=23 and moves_remaining_=4
[DEBUG DoApplyAction] Decoded move: (pos=23, die=4)
[DEBUG] ApplyCheckerMove BEFORE: Player 0, Move: (pos=23, to=19, die=4) Dice: 4 4 4 4 
[DEBUG] ApplyCheckerMove AFTER: Player 0, Move: (pos=23, to=19, die=4) Dice: -1 4 4 4 
[DEBUG DoApplyAction] After ApplyCheckerMove, moves_remaining_ will be 3
[DEBUG DoApplyAction] Exiting with moves_remaining_=3
[DEBUG ILM ENTRY] IterativeLegalMoves function entered.
[DEBUG ILM Popped State] Depth: 0 | Player: 0 | Dice: -1(u) 4 4 4 | Initial: [4 4 4 4 ] | Seq Size: 0
  Generated 2 half-moves: [19->15/4] [23->19/4] 
[DEBUG] ApplyCheckerMove BEFORE: Player 0, Move: (pos=19, to=15, die=4) Dice: -1 4 4 4 
[DEBUG] ApplyCheckerMove AFTER: Player 0, Move: (pos=19, to=15, die=4) Dice: -1 -1 4 4 
[DEBUG ILM Before Push (Clone)] Player: 0 | Dice: -1(u) -1(u) 4 4 | Initial: [4 4 4 4 ]
[DEBUG ILM After Push (Clone)] Top State - Player: 0 | Dice: -1(u) -1(u) 4 4 | Initial: [4 4 4 4 ][DEBUG] UndoCheckerMove BEFORE: Player 0, Move: (pos=19, to=15, die=4) Dice: -1 -1 4 4 
[DEBUG] UndoCheckerMove AFTER: Player 0, Move: (pos=19, to=15, die=4) Dice: 4 -1 4 4 
[DEBUG] ApplyCheckerMove BEFORE: Player 0, Move: (pos=23, to=19, die=4) Dice: 4 -1 4 4 
[DEBUG] ApplyCheckerMove AFTER: Player 0, Move: (pos=23, to=19, die=4) Dice: -1 -1 4 4 
[DEBUG ILM Before Push (Move)] Player: 0 | Dice: -1(u) -1(u) 4 4 | Initial: [4 4 4 4 ]
[DEBUG ILM After Push (Move)] Top State - Player: 0 | Dice: -1(u) -1(u) 4 4 | Initial: [4 4 4 4 ][DEBUG ILM Popped State] Depth: 1 | Player: 0 | Dice: -1(u) -1(u) 4 4 | Initial: [4 4 4 4 ] | Seq Size: 1
  Generated 2 half-moves: [19->15/4] [23->19/4] 
[DEBUG] ApplyCheckerMove BEFORE: Player 0, Move: (pos=19, to=15, die=4) Dice: -1 -1 4 4 
[DEBUG] ApplyCheckerMove AFTER: Player 0, Move: (pos=19, to=15, die=4) Dice: -1 -1 -1 4 
[DEBUG ILM Before Push (Clone)] Player: 0 | Dice: -1(u) -1(u) -1(u) 4 | Initial: [4 4 4 4 ]
[DEBUG ILM After Push (Clone)] Top State - Player: 0 | Dice: -1(u) -1(u) -1(u) 4 | Initial: [4 4 4 4 ][DEBUG] UndoCheckerMove BEFORE: Player 0, Move: (pos=19, to=15, die=4) Dice: -1 -1 -1 4 
[DEBUG] UndoCheckerMove AFTER: Player 0, Move: (pos=19, to=15, die=4) Dice: 4 -1 -1 4 
[DEBUG] ApplyCheckerMove BEFORE: Player 0, Move: (pos=23, to=19, die=4) Dice: 4 -1 -1 4 
[DEBUG] ApplyCheckerMove AFTER: Player 0, Move: (pos=23, to=19, die=4) Dice: -1 -1 -1 4 
[DEBUG ILM Before Push (Move)] Player: 0 | Dice: -1(u) -1(u) -1(u) 4 | Initial: [4 4 4 4 ]
[DEBUG ILM After Push (Move)] Top State - Player: 0 | Dice: -1(u) -1(u) -1(u) 4 | Initial: [4 4 4 4 ][DEBUG ILM Popped State] Depth: 2 | Player: 0 | Dice: -1(u) -1(u) -1(u) 4 | Initial: [4 4 4 4 ] | Seq Size: 2
  Generated 2 half-moves: [19->15/4] [23->19/4] 
[DEBUG] ApplyCheckerMove BEFORE: Player 0, Move: (pos=19, to=15, die=4) Dice: -1 -1 -1 4 
[DEBUG] ApplyCheckerMove AFTER: Player 0, Move: (pos=19, to=15, die=4) Dice: -1 -1 -1 -1 
[DEBUG ILM Before Push (Clone)] Player: 0 | Dice: -1(u) -1(u) -1(u) -1(u) | Initial: [4 4 4 4 ]
[DEBUG ILM After Push (Clone)] Top State - Player: 0 | Dice: -1(u) -1(u) -1(u) -1(u) | Initial: [4 4 4 4 ][DEBUG] UndoCheckerMove BEFORE: Player 0, Move: (pos=19, to=15, die=4) Dice: -1 -1 -1 -1 
[DEBUG] UndoCheckerMove AFTER: Player 0, Move: (pos=19, to=15, die=4) Dice: 4 -1 -1 -1 
[DEBUG] ApplyCheckerMove BEFORE: Player 0, Move: (pos=23, to=19, die=4) Dice: 4 -1 -1 -1 
[DEBUG] ApplyCheckerMove AFTER: Player 0, Move: (pos=23, to=19, die=4) Dice: -1 -1 -1 -1 
[DEBUG ILM Before Push (Move)] Player: 0 | Dice: -1(u) -1(u) -1(u) -1(u) | Initial: [4 4 4 4 ]
[DEBUG ILM After Push (Move)] Top State - Player: 0 | Dice: -1(u) -1(u) -1(u) -1(u) | Initial: [4 4 4 4 ][DEBUG ILM Popped State] Depth: 3 | Player: 0 | Dice: -1(u) -1(u) -1(u) -1(u) | Initial: [4 4 4 4 ] | Seq Size: 3
  Generated 1 half-moves: [-1->-1/1] 
[DEBUG ILM ADD SEQ NOBRANCH/LIMIT] Depth=3: {23,19,4} {23,19,4} {23,19,4}
[DEBUG ILM Popped State] Depth: 3 | Player: 0 | Dice: -1(u) -1(u) -1(u) -1(u) | Initial: [4 4 4 4 ] | Seq Size: 3
  Generated 1 half-moves: [-1->-1/1] 
[DEBUG ILM ADD SEQ NOBRANCH/LIMIT] Depth=3: {23,19,4} {23,19,4} {19,15,4}
[DEBUG ILM Popped State] Depth: 2 | Player: 0 | Dice: -1(u) -1(u) -1(u) 4 | Initial: [4 4 4 4 ] | Seq Size: 2
  Generated 2 half-moves: [19->15/4] [23->19/4] 
[DEBUG] ApplyCheckerMove BEFORE: Player 0, Move: (pos=19, to=15, die=4) Dice: -1 -1 -1 4 
[DEBUG] ApplyCheckerMove AFTER: Player 0, Move: (pos=19, to=15, die=4) Dice: -1 -1 -1 -1 
[DEBUG ILM Before Push (Clone)] Player: 0 | Dice: -1(u) -1(u) -1(u) -1(u) | Initial: [4 4 4 4 ]
[DEBUG ILM After Push (Clone)] Top State - Player: 0 | Dice: -1(u) -1(u) -1(u) -1(u) | Initial: [4 4 4 4 ][DEBUG] UndoCheckerMove BEFORE: Player 0, Move: (pos=19, to=15, die=4) Dice: -1 -1 -1 -1 
[DEBUG] UndoCheckerMove AFTER: Player 0, Move: (pos=19, to=15, die=4) Dice: 4 -1 -1 -1 
[DEBUG] ApplyCheckerMove BEFORE: Player 0, Move: (pos=23, to=19, die=4) Dice: 4 -1 -1 -1 
[DEBUG] ApplyCheckerMove AFTER: Player 0, Move: (pos=23, to=19, die=4) Dice: -1 -1 -1 -1 
[DEBUG ILM Before Push (Move)] Player: 0 | Dice: -1(u) -1(u) -1(u) -1(u) | Initial: [4 4 4 4 ]
[DEBUG ILM After Push (Move)] Top State - Player: 0 | Dice: -1(u) -1(u) -1(u) -1(u) | Initial: [4 4 4 4 ][DEBUG ILM Popped State] Depth: 3 | Player: 0 | Dice: -1(u) -1(u) -1(u) -1(u) | Initial: [4 4 4 4 ] | Seq Size: 3
  Generated 1 half-moves: [-1->-1/1] 
[DEBUG ILM ADD SEQ NOBRANCH/LIMIT] Depth=3: {23,19,4} {19,15,4} {23,19,4}
[DEBUG ILM Popped State] Depth: 3 | Player: 0 | Dice: -1(u) -1(u) -1(u) -1(u) | Initial: [4 4 4 4 ] | Seq Size: 3
  Generated 1 half-moves: [-1->-1/1] 
[DEBUG ILM ADD SEQ NOBRANCH/LIMIT] Depth=3: {23,19,4} {19,15,4} {19,15,4}
[DEBUG ILM Popped State] Depth: 1 | Player: 0 | Dice: -1(u) -1(u) 4 4 | Initial: [4 4 4 4 ] | Seq Size: 1
  Generated 1 half-moves: [23->19/4] 
[DEBUG] ApplyCheckerMove BEFORE: Player 0, Move: (pos=23, to=19, die=4) Dice: -1 -1 4 4 
[DEBUG] ApplyCheckerMove AFTER: Player 0, Move: (pos=23, to=19, die=4) Dice: -1 -1 -1 4 
[DEBUG ILM Before Push (Move)] Player: 0 | Dice: -1(u) -1(u) -1(u) 4 | Initial: [4 4 4 4 ]
[DEBUG ILM After Push (Move)] Top State - Player: 0 | Dice: -1(u) -1(u) -1(u) 4 | Initial: [4 4 4 4 ][DEBUG ILM Popped State] Depth: 2 | Player: 0 | Dice: -1(u) -1(u) -1(u) 4 | Initial: [4 4 4 4 ] | Seq Size: 2
  Generated 2 half-moves: [19->15/4] [23->19/4] 
[DEBUG] ApplyCheckerMove BEFORE: Player 0, Move: (pos=19, to=15, die=4) Dice: -1 -1 -1 4 
[DEBUG] ApplyCheckerMove AFTER: Player 0, Move: (pos=19, to=15, die=4) Dice: -1 -1 -1 -1 
[DEBUG ILM Before Push (Clone)] Player: 0 | Dice: -1(u) -1(u) -1(u) -1(u) | Initial: [4 4 4 4 ]
[DEBUG ILM After Push (Clone)] Top State - Player: 0 | Dice: -1(u) -1(u) -1(u) -1(u) | Initial: [4 4 4 4 ][DEBUG] UndoCheckerMove BEFORE: Player 0, Move: (pos=19, to=15, die=4) Dice: -1 -1 -1 -1 
[DEBUG] UndoCheckerMove AFTER: Player 0, Move: (pos=19, to=15, die=4) Dice: 4 -1 -1 -1 
[DEBUG] ApplyCheckerMove BEFORE: Player 0, Move: (pos=23, to=19, die=4) Dice: 4 -1 -1 -1 
[DEBUG] ApplyCheckerMove AFTER: Player 0, Move: (pos=23, to=19, die=4) Dice: -1 -1 -1 -1 
[DEBUG ILM Before Push (Move)] Player: 0 | Dice: -1(u) -1(u) -1(u) -1(u) | Initial: [4 4 4 4 ]
[DEBUG ILM After Push (Move)] Top State - Player: 0 | Dice: -1(u) -1(u) -1(u) -1(u) | Initial: [4 4 4 4 ][DEBUG ILM Popped State] Depth: 3 | Player: 0 | Dice: -1(u) -1(u) -1(u) -1(u) | Initial: [4 4 4 4 ] | Seq Size: 3
  Generated 1 half-moves: [-1->-1/1] 
[DEBUG ILM ADD SEQ NOBRANCH/LIMIT] Depth=3: {19,15,4} {23,19,4} {23,19,4}
[DEBUG ILM Popped State] Depth: 3 | Player: 0 | Dice: -1(u) -1(u) -1(u) -1(u) | Initial: [4 4 4 4 ] | Seq Size: 3
  Generated 1 half-moves: [-1->-1/1] 
[DEBUG ILM ADD SEQ NOBRANCH/LIMIT] Depth=3: {19,15,4} {23,19,4} {19,15,4}
[DEBUG FBS Entry] Player=0 Input movelist (6):
  Seq:  {19,15,4} {23,19,4} {19,15,4}
  Seq:  {19,15,4} {23,19,4} {23,19,4}
  Seq:  {23,19,4} {19,15,4} {19,15,4}
  Seq:  {23,19,4} {19,15,4} {23,19,4}
  Seq:  {23,19,4} {23,19,4} {19,15,4}
  Seq:  {23,19,4} {23,19,4} {23,19,4}
[DEBUG FBS Stats] longest_sequence=3, max_non_pass=3
[DEBUG] ApplyCheckerMove BEFORE: Player 0, Move: (pos=19, to=15, die=4) Dice: -1 4 4 4 
[DEBUG] ApplyCheckerMove AFTER: Player 0, Move: (pos=19, to=15, die=4) Dice: -1 -1 4 4 
[DEBUG] ApplyCheckerMove BEFORE: Player 0, Move: (pos=23, to=19, die=4) Dice: -1 -1 4 4 
[DEBUG] ApplyCheckerMove AFTER: Player 0, Move: (pos=23, to=19, die=4) Dice: -1 -1 -1 4 
[DEBUG] ApplyCheckerMove BEFORE: Player 0, Move: (pos=19, to=15, die=4) Dice: -1 -1 -1 4 
[DEBUG] ApplyCheckerMove AFTER: Player 0, Move: (pos=19, to=15, die=4) Dice: -1 -1 -1 -1 
[DEBUG] ApplyCheckerMove BEFORE: Player 0, Move: (pos=19, to=15, die=4) Dice: -1 4 4 4 
[DEBUG] ApplyCheckerMove AFTER: Player 0, Move: (pos=19, to=15, die=4) Dice: -1 -1 4 4 
[DEBUG] ApplyCheckerMove BEFORE: Player 0, Move: (pos=23, to=19, die=4) Dice: -1 -1 4 4 
[DEBUG] ApplyCheckerMove AFTER: Player 0, Move: (pos=23, to=19, die=4) Dice: -1 -1 -1 4 
[DEBUG] ApplyCheckerMove BEFORE: Player 0, Move: (pos=23, to=19, die=4) Dice: -1 -1 -1 4 
[DEBUG] ApplyCheckerMove AFTER: Player 0, Move: (pos=23, to=19, die=4) Dice: -1 -1 -1 -1 
[DEBUG] ApplyCheckerMove BEFORE: Player 0, Move: (pos=23, to=19, die=4) Dice: -1 4 4 4 
[DEBUG] ApplyCheckerMove AFTER: Player 0, Move: (pos=23, to=19, die=4) Dice: -1 -1 4 4 
[DEBUG] ApplyCheckerMove BEFORE: Player 0, Move: (pos=19, to=15, die=4) Dice: -1 -1 4 4 
[DEBUG] ApplyCheckerMove AFTER: Player 0, Move: (pos=19, to=15, die=4) Dice: -1 -1 -1 4 
[DEBUG] ApplyCheckerMove BEFORE: Player 0, Move: (pos=19, to=15, die=4) Dice: -1 -1 -1 4 
[DEBUG] ApplyCheckerMove AFTER: Player 0, Move: (pos=19, to=15, die=4) Dice: -1 -1 -1 -1 
[DEBUG] ApplyCheckerMove BEFORE: Player 0, Move: (pos=23, to=19, die=4) Dice: -1 4 4 4 
[DEBUG] ApplyCheckerMove AFTER: Player 0, Move: (pos=23, to=19, die=4) Dice: -1 -1 4 4 
[DEBUG] ApplyCheckerMove BEFORE: Player 0, Move: (pos=19, to=15, die=4) Dice: -1 -1 4 4 
[DEBUG] ApplyCheckerMove AFTER: Player 0, Move: (pos=19, to=15, die=4) Dice: -1 -1 -1 4 
[DEBUG] ApplyCheckerMove BEFORE: Player 0, Move: (pos=23, to=19, die=4) Dice: -1 -1 -1 4 
[DEBUG] ApplyCheckerMove AFTER: Player 0, Move: (pos=23, to=19, die=4) Dice: -1 -1 -1 -1 
[DEBUG] ApplyCheckerMove BEFORE: Player 0, Move: (pos=23, to=19, die=4) Dice: -1 4 4 4 
[DEBUG] ApplyCheckerMove AFTER: Player 0, Move: (pos=23, to=19, die=4) Dice: -1 -1 4 4 
[DEBUG] ApplyCheckerMove BEFORE: Player 0, Move: (pos=23, to=19, die=4) Dice: -1 -1 4 4 
[DEBUG] ApplyCheckerMove AFTER: Player 0, Move: (pos=23, to=19, die=4) Dice: -1 -1 -1 4 
[DEBUG] ApplyCheckerMove BEFORE: Player 0, Move: (pos=19, to=15, die=4) Dice: -1 -1 -1 4 
[DEBUG] ApplyCheckerMove AFTER: Player 0, Move: (pos=19, to=15, die=4) Dice: -1 -1 -1 -1 
[DEBUG] ApplyCheckerMove BEFORE: Player 0, Move: (pos=23, to=19, die=4) Dice: -1 4 4 4 
[DEBUG] ApplyCheckerMove AFTER: Player 0, Move: (pos=23, to=19, die=4) Dice: -1 -1 4 4 
[DEBUG] ApplyCheckerMove BEFORE: Player 0, Move: (pos=23, to=19, die=4) Dice: -1 -1 4 4 
[DEBUG] ApplyCheckerMove AFTER: Player 0, Move: (pos=23, to=19, die=4) Dice: -1 -1 -1 4 
[DEBUG] ApplyCheckerMove BEFORE: Player 0, Move: (pos=23, to=19, die=4) Dice: -1 -1 -1 4 
[DEBUG] ApplyCheckerMove AFTER: Player 0, Move: (pos=23, to=19, die=4) Dice: -1 -1 -1 -1 
[DEBUG FBS Exit] Returning filtered_movelist (6):
  Seq:  {19,15,4} {23,19,4} {19,15,4}
  Seq:  {19,15,4} {23,19,4} {23,19,4}
  Seq:  {23,19,4} {19,15,4} {19,15,4}
  Seq:  {23,19,4} {19,15,4} {23,19,4}
  Seq:  {23,19,4} {23,19,4} {19,15,4}
  Seq:  {23,19,4} {23,19,4} {23,19,4}
[DEBUG DoApplyAction] Enter half-move branch with move_id=23 and moves_remaining_=3
[DEBUG DoApplyAction] Decoded move: (pos=23, die=4)
[DEBUG] ApplyCheckerMove BEFORE: Player 0, Move: (pos=23, to=19, die=4) Dice: -1 4 4 4 
[DEBUG] ApplyCheckerMove AFTER: Player 0, Move: (pos=23, to=19, die=4) Dice: -1 -1 4 4 
[DEBUG DoApplyAction] After ApplyCheckerMove, moves_remaining_ will be 2
[DEBUG DoApplyAction] Exiting with moves_remaining_=2
✓ Head rule first-turn test passed

=== Running HeadRuleTestNonFirstTurn ===
[DEBUG SetupDice] Input dice: {4, 4, 4, 4}
[DEBUG SetupDice] Assigned state->dice_: {4, 4, 4, 4}
[DEBUG SetupDice] Assigned state->initial_dice_: {4, 4}
[DEBUG ILM ENTRY] IterativeLegalMoves function entered.
[DEBUG ILM Popped State] Depth: 0 | Player: 0 | Dice: 4 4 4 4 | Initial: [4 4 ] | Seq Size: 0
  Generated 2 half-moves: [22->18/4] [23->19/4] 
[DEBUG] ApplyCheckerMove BEFORE: Player 0, Move: (pos=22, to=18, die=4) Dice: 4 4 4 4 
[DEBUG] ApplyCheckerMove AFTER: Player 0, Move: (pos=22, to=18, die=4) Dice: -1 4 4 4 
[DEBUG ILM Before Push (Clone)] Player: 0 | Dice: -1(u) 4 4 4 | Initial: [4 4 ]
[DEBUG ILM After Push (Clone)] Top State - Player: 0 | Dice: -1(u) 4 4 4 | Initial: [4 4 ][DEBUG] UndoCheckerMove BEFORE: Player 0, Move: (pos=22, to=18, die=4) Dice: -1 4 4 4 
[DEBUG] UndoCheckerMove AFTER: Player 0, Move: (pos=22, to=18, die=4) Dice: 4 4 4 4 
[DEBUG] ApplyCheckerMove BEFORE: Player 0, Move: (pos=23, to=19, die=4) Dice: 4 4 4 4 
[DEBUG] ApplyCheckerMove AFTER: Player 0, Move: (pos=23, to=19, die=4) Dice: -1 4 4 4 
[DEBUG ILM Before Push (Move)] Player: 0 | Dice: -1(u) 4 4 4 | Initial: [4 4 ]
[DEBUG ILM After Push (Move)] Top State - Player: 0 | Dice: -1(u) 4 4 4 | Initial: [4 4 ][DEBUG ILM Popped State] Depth: 1 | Player: 0 | Dice: -1(u) 4 4 4 | Initial: [4 4 ] | Seq Size: 1
  Generated 3 half-moves: [19->15/4] [22->18/4] [23->19/4] 
[DEBUG] ApplyCheckerMove BEFORE: Player 0, Move: (pos=19, to=15, die=4) Dice: -1 4 4 4 
[DEBUG] ApplyCheckerMove AFTER: Player 0, Move: (pos=19, to=15, die=4) Dice: -1 -1 4 4 
[DEBUG ILM Before Push (Clone)] Player: 0 | Dice: -1(u) -1(u) 4 4 | Initial: [4 4 ]
[DEBUG ILM After Push (Clone)] Top State - Player: 0 | Dice: -1(u) -1(u) 4 4 | Initial: [4 4 ][DEBUG] UndoCheckerMove BEFORE: Player 0, Move: (pos=19, to=15, die=4) Dice: -1 -1 4 4 
[DEBUG] UndoCheckerMove AFTER: Player 0, Move: (pos=19, to=15, die=4) Dice: 4 -1 4 4 
[DEBUG] ApplyCheckerMove BEFORE: Player 0, Move: (pos=22, to=18, die=4) Dice: 4 -1 4 4 
[DEBUG] ApplyCheckerMove AFTER: Player 0, Move: (pos=22, to=18, die=4) Dice: -1 -1 4 4 
[DEBUG ILM Before Push (Clone)] Player: 0 | Dice: -1(u) -1(u) 4 4 | Initial: [4 4 ]
[DEBUG ILM After Push (Clone)] Top State - Player: 0 | Dice: -1(u) -1(u) 4 4 | Initial: [4 4 ][DEBUG] UndoCheckerMove BEFORE: Player 0, Move: (pos=22, to=18, die=4) Dice: -1 -1 4 4 
[DEBUG] UndoCheckerMove AFTER: Player 0, Move: (pos=22, to=18, die=4) Dice: 4 -1 4 4 
[DEBUG] ApplyCheckerMove BEFORE: Player 0, Move: (pos=23, to=19, die=4) Dice: 4 -1 4 4 
[DEBUG] ApplyCheckerMove AFTER: Player 0, Move: (pos=23, to=19, die=4) Dice: -1 -1 4 4 
[DEBUG ILM Before Push (Move)] Player: 0 | Dice: -1(u) -1(u) 4 4 | Initial: [4 4 ]
[DEBUG ILM After Push (Move)] Top State - Player: 0 | Dice: -1(u) -1(u) 4 4 | Initial: [4 4 ][DEBUG ILM Popped State] Depth: 2 | Player: 0 | Dice: -1(u) -1(u) 4 4 | Initial: [4 4 ] | Seq Size: 2
  Generated 3 half-moves: [19->15/4] [22->18/4] [23->19/4] 
[DEBUG] ApplyCheckerMove BEFORE: Player 0, Move: (pos=19, to=15, die=4) Dice: -1 -1 4 4 
[DEBUG] ApplyCheckerMove AFTER: Player 0, Move: (pos=19, to=15, die=4) Dice: -1 -1 -1 4 
[DEBUG ILM Before Push (Clone)] Player: 0 | Dice: -1(u) -1(u) -1(u) 4 | Initial: [4 4 ]
[DEBUG ILM After Push (Clone)] Top State - Player: 0 | Dice: -1(u) -1(u) -1(u) 4 | Initial: [4 4 ][DEBUG] UndoCheckerMove BEFORE: Player 0, Move: (pos=19, to=15, die=4) Dice: -1 -1 -1 4 
[DEBUG] UndoCheckerMove AFTER: Player 0, Move: (pos=19, to=15, die=4) Dice: 4 -1 -1 4 
[DEBUG] ApplyCheckerMove BEFORE: Player 0, Move: (pos=22, to=18, die=4) Dice: 4 -1 -1 4 
[DEBUG] ApplyCheckerMove AFTER: Player 0, Move: (pos=22, to=18, die=4) Dice: -1 -1 -1 4 
[DEBUG ILM Before Push (Clone)] Player: 0 | Dice: -1(u) -1(u) -1(u) 4 | Initial: [4 4 ]
[DEBUG ILM After Push (Clone)] Top State - Player: 0 | Dice: -1(u) -1(u) -1(u) 4 | Initial: [4 4 ][DEBUG] UndoCheckerMove BEFORE: Player 0, Move: (pos=22, to=18, die=4) Dice: -1 -1 -1 4 
[DEBUG] UndoCheckerMove AFTER: Player 0, Move: (pos=22, to=18, die=4) Dice: 4 -1 -1 4 
[DEBUG] ApplyCheckerMove BEFORE: Player 0, Move: (pos=23, to=19, die=4) Dice: 4 -1 -1 4 
[DEBUG] ApplyCheckerMove AFTER: Player 0, Move: (pos=23, to=19, die=4) Dice: -1 -1 -1 4 
[DEBUG ILM Before Push (Move)] Player: 0 | Dice: -1(u) -1(u) -1(u) 4 | Initial: [4 4 ]
[DEBUG ILM After Push (Move)] Top State - Player: 0 | Dice: -1(u) -1(u) -1(u) 4 | Initial: [4 4 ][DEBUG ILM Popped State] Depth: 3 | Player: 0 | Dice: -1(u) -1(u) -1(u) 4 | Initial: [4 4 ] | Seq Size: 3
  Generated 3 half-moves: [19->15/4] [22->18/4] [23->19/4] 
[DEBUG] ApplyCheckerMove BEFORE: Player 0, Move: (pos=19, to=15, die=4) Dice: -1 -1 -1 4 
[DEBUG] ApplyCheckerMove AFTER: Player 0, Move: (pos=19, to=15, die=4) Dice: -1 -1 -1 -1 
[DEBUG ILM Before Push (Clone)] Player: 0 | Dice: -1(u) -1(u) -1(u) -1(u) | Initial: [4 4 ]
[DEBUG ILM After Push (Clone)] Top State - Player: 0 | Dice: -1(u) -1(u) -1(u) -1(u) | Initial: [4 4 ][DEBUG] UndoCheckerMove BEFORE: Player 0, Move: (pos=19, to=15, die=4) Dice: -1 -1 -1 -1 
[DEBUG] UndoCheckerMove AFTER: Player 0, Move: (pos=19, to=15, die=4) Dice: 4 -1 -1 -1 
[DEBUG] ApplyCheckerMove BEFORE: Player 0, Move: (pos=22, to=18, die=4) Dice: 4 -1 -1 -1 
[DEBUG] ApplyCheckerMove AFTER: Player 0, Move: (pos=22, to=18, die=4) Dice: -1 -1 -1 -1 
[DEBUG ILM Before Push (Clone)] Player: 0 | Dice: -1(u) -1(u) -1(u) -1(u) | Initial: [4 4 ]
[DEBUG ILM After Push (Clone)] Top State - Player: 0 | Dice: -1(u) -1(u) -1(u) -1(u) | Initial: [4 4 ][DEBUG] UndoCheckerMove BEFORE: Player 0, Move: (pos=22, to=18, die=4) Dice: -1 -1 -1 -1 
[DEBUG] UndoCheckerMove AFTER: Player 0, Move: (pos=22, to=18, die=4) Dice: 4 -1 -1 -1 
[DEBUG] ApplyCheckerMove BEFORE: Player 0, Move: (pos=23, to=19, die=4) Dice: 4 -1 -1 -1 
[DEBUG] ApplyCheckerMove AFTER: Player 0, Move: (pos=23, to=19, die=4) Dice: -1 -1 -1 -1 
[DEBUG ILM Before Push (Move)] Player: 0 | Dice: -1(u) -1(u) -1(u) -1(u) | Initial: [4 4 ]
[DEBUG ILM After Push (Move)] Top State - Player: 0 | Dice: -1(u) -1(u) -1(u) -1(u) | Initial: [4 4 ][DEBUG ILM Popped State] Depth: 4 | Player: 0 | Dice: -1(u) -1(u) -1(u) -1(u) | Initial: [4 4 ] | Seq Size: 4
  Generated 1 half-moves: [-1->-1/1] 
[DEBUG ILM ADD SEQ NOBRANCH/LIMIT] Depth=4: {23,19,4} {23,19,4} {23,19,4} {23,19,4}
[DEBUG ILM Popped State] Depth: 4 | Player: 0 | Dice: -1(u) -1(u) -1(u) -1(u) | Initial: [4 4 ] | Seq Size: 4
  Generated 1 half-moves: [-1->-1/1] 
[DEBUG ILM ADD SEQ NOBRANCH/LIMIT] Depth=4: {23,19,4} {23,19,4} {23,19,4} {22,18,4}
[DEBUG ILM Popped State] Depth: 4 | Player: 0 | Dice: -1(u) -1(u) -1(u) -1(u) | Initial: [4 4 ] | Seq Size: 4
  Generated 1 half-moves: [-1->-1/1] 
[DEBUG ILM ADD SEQ NOBRANCH/LIMIT] Depth=4: {23,19,4} {23,19,4} {23,19,4} {19,15,4}
[DEBUG ILM Popped State] Depth: 3 | Player: 0 | Dice: -1(u) -1(u) -1(u) 4 | Initial: [4 4 ] | Seq Size: 3
  Generated 3 half-moves: [18->14/4] [19->15/4] [23->19/4] 
[DEBUG] ApplyCheckerMove BEFORE: Player 0, Move: (pos=18, to=14, die=4) Dice: -1 -1 -1 4 
[DEBUG] ApplyCheckerMove AFTER: Player 0, Move: (pos=18, to=14, die=4) Dice: -1 -1 -1 -1 
[DEBUG ILM Before Push (Clone)] Player: 0 | Dice: -1(u) -1(u) -1(u) -1(u) | Initial: [4 4 ]
[DEBUG ILM After Push (Clone)] Top State - Player: 0 | Dice: -1(u) -1(u) -1(u) -1(u) | Initial: [4 4 ][DEBUG] UndoCheckerMove BEFORE: Player 0, Move: (pos=18, to=14, die=4) Dice: -1 -1 -1 -1 
[DEBUG] UndoCheckerMove AFTER: Player 0, Move: (pos=18, to=14, die=4) Dice: 4 -1 -1 -1 
[DEBUG] ApplyCheckerMove BEFORE: Player 0, Move: (pos=19, to=15, die=4) Dice: 4 -1 -1 -1 
[DEBUG] ApplyCheckerMove AFTER: Player 0, Move: (pos=19, to=15, die=4) Dice: -1 -1 -1 -1 
[DEBUG ILM Before Push (Clone)] Player: 0 | Dice: -1(u) -1(u) -1(u) -1(u) | Initial: [4 4 ]
[DEBUG ILM After Push (Clone)] Top State - Player: 0 | Dice: -1(u) -1(u) -1(u) -1(u) | Initial: [4 4 ][DEBUG] UndoCheckerMove BEFORE: Player 0, Move: (pos=19, to=15, die=4) Dice: -1 -1 -1 -1 
[DEBUG] UndoCheckerMove AFTER: Player 0, Move: (pos=19, to=15, die=4) Dice: 4 -1 -1 -1 
[DEBUG] ApplyCheckerMove BEFORE: Player 0, Move: (pos=23, to=19, die=4) Dice: 4 -1 -1 -1 
[DEBUG] ApplyCheckerMove AFTER: Player 0, Move: (pos=23, to=19, die=4) Dice: -1 -1 -1 -1 
[DEBUG ILM Before Push (Move)] Player: 0 | Dice: -1(u) -1(u) -1(u) -1(u) | Initial: [4 4 ]
[DEBUG ILM After Push (Move)] Top State - Player: 0 | Dice: -1(u) -1(u) -1(u) -1(u) | Initial: [4 4 ][DEBUG ILM Popped State] Depth: 4 | Player: 0 | Dice: -1(u) -1(u) -1(u) -1(u) | Initial: [4 4 ] | Seq Size: 4
  Generated 1 half-moves: [-1->-1/1] 
[DEBUG ILM ADD SEQ NOBRANCH/LIMIT] Depth=4: {23,19,4} {23,19,4} {22,18,4} {23,19,4}
[DEBUG ILM Popped State] Depth: 4 | Player: 0 | Dice: -1(u) -1(u) -1(u) -1(u) | Initial: [4 4 ] | Seq Size: 4
  Generated 1 half-moves: [-1->-1/1] 
[DEBUG ILM ADD SEQ NOBRANCH/LIMIT] Depth=4: {23,19,4} {23,19,4} {22,18,4} {19,15,4}
[DEBUG ILM Popped State] Depth: 4 | Player: 0 | Dice: -1(u) -1(u) -1(u) -1(u) | Initial: [4 4 ] | Seq Size: 4
  Generated 1 half-moves: [-1->-1/1] 
[DEBUG ILM ADD SEQ NOBRANCH/LIMIT] Depth=4: {23,19,4} {23,19,4} {22,18,4} {18,14,4}
[DEBUG ILM Popped State] Depth: 3 | Player: 0 | Dice: -1(u) -1(u) -1(u) 4 | Initial: [4 4 ] | Seq Size: 3
  Generated 3 half-moves: [19->15/4] [22->18/4] [23->19/4] 
[DEBUG] ApplyCheckerMove BEFORE: Player 0, Move: (pos=19, to=15, die=4) Dice: -1 -1 -1 4 
[DEBUG] ApplyCheckerMove AFTER: Player 0, Move: (pos=19, to=15, die=4) Dice: -1 -1 -1 -1 
[DEBUG ILM Before Push (Clone)] Player: 0 | Dice: -1(u) -1(u) -1(u) -1(u) | Initial: [4 4 ]
[DEBUG ILM After Push (Clone)] Top State - Player: 0 | Dice: -1(u) -1(u) -1(u) -1(u) | Initial: [4 4 ][DEBUG] UndoCheckerMove BEFORE: Player 0, Move: (pos=19, to=15, die=4) Dice: -1 -1 -1 -1 
[DEBUG] UndoCheckerMove AFTER: Player 0, Move: (pos=19, to=15, die=4) Dice: 4 -1 -1 -1 
[DEBUG] ApplyCheckerMove BEFORE: Player 0, Move: (pos=22, to=18, die=4) Dice: 4 -1 -1 -1 
[DEBUG] ApplyCheckerMove AFTER: Player 0, Move: (pos=22, to=18, die=4) Dice: -1 -1 -1 -1 
[DEBUG ILM Before Push (Clone)] Player: 0 | Dice: -1(u) -1(u) -1(u) -1(u) | Initial: [4 4 ]
[DEBUG ILM After Push (Clone)] Top State - Player: 0 | Dice: -1(u) -1(u) -1(u) -1(u) | Initial: [4 4 ][DEBUG] UndoCheckerMove BEFORE: Player 0, Move: (pos=22, to=18, die=4) Dice: -1 -1 -1 -1 
[DEBUG] UndoCheckerMove AFTER: Player 0, Move: (pos=22, to=18, die=4) Dice: 4 -1 -1 -1 
[DEBUG] ApplyCheckerMove BEFORE: Player 0, Move: (pos=23, to=19, die=4) Dice: 4 -1 -1 -1 
[DEBUG] ApplyCheckerMove AFTER: Player 0, Move: (pos=23, to=19, die=4) Dice: -1 -1 -1 -1 
[DEBUG ILM Before Push (Move)] Player: 0 | Dice: -1(u) -1(u) -1(u) -1(u) | Initial: [4 4 ]
[DEBUG ILM After Push (Move)] Top State - Player: 0 | Dice: -1(u) -1(u) -1(u) -1(u) | Initial: [4 4 ][DEBUG ILM Popped State] Depth: 4 | Player: 0 | Dice: -1(u) -1(u) -1(u) -1(u) | Initial: [4 4 ] | Seq Size: 4
  Generated 1 half-moves: [-1->-1/1] 
[DEBUG ILM ADD SEQ NOBRANCH/LIMIT] Depth=4: {23,19,4} {23,19,4} {19,15,4} {23,19,4}
[DEBUG ILM Popped State] Depth: 4 | Player: 0 | Dice: -1(u) -1(u) -1(u) -1(u) | Initial: [4 4 ] | Seq Size: 4
  Generated 1 half-moves: [-1->-1/1] 
[DEBUG ILM ADD SEQ NOBRANCH/LIMIT] Depth=4: {23,19,4} {23,19,4} {19,15,4} {22,18,4}
[DEBUG ILM Popped State] Depth: 4 | Player: 0 | Dice: -1(u) -1(u) -1(u) -1(u) | Initial: [4 4 ] | Seq Size: 4
  Generated 1 half-moves: [-1->-1/1] 
[DEBUG ILM ADD SEQ NOBRANCH/LIMIT] Depth=4: {23,19,4} {23,19,4} {19,15,4} {19,15,4}
[DEBUG ILM Popped State] Depth: 2 | Player: 0 | Dice: -1(u) -1(u) 4 4 | Initial: [4 4 ] | Seq Size: 2
  Generated 3 half-moves: [18->14/4] [19->15/4] [23->19/4] 
[DEBUG] ApplyCheckerMove BEFORE: Player 0, Move: (pos=18, to=14, die=4) Dice: -1 -1 4 4 
[DEBUG] ApplyCheckerMove AFTER: Player 0, Move: (pos=18, to=14, die=4) Dice: -1 -1 -1 4 
[DEBUG ILM Before Push (Clone)] Player: 0 | Dice: -1(u) -1(u) -1(u) 4 | Initial: [4 4 ]
[DEBUG ILM After Push (Clone)] Top State - Player: 0 | Dice: -1(u) -1(u) -1(u) 4 | Initial: [4 4 ][DEBUG] UndoCheckerMove BEFORE: Player 0, Move: (pos=18, to=14, die=4) Dice: -1 -1 -1 4 
[DEBUG] UndoCheckerMove AFTER: Player 0, Move: (pos=18, to=14, die=4) Dice: 4 -1 -1 4 
[DEBUG] ApplyCheckerMove BEFORE: Player 0, Move: (pos=19, to=15, die=4) Dice: 4 -1 -1 4 
[DEBUG] ApplyCheckerMove AFTER: Player 0, Move: (pos=19, to=15, die=4) Dice: -1 -1 -1 4 
[DEBUG ILM Before Push (Clone)] Player: 0 | Dice: -1(u) -1(u) -1(u) 4 | Initial: [4 4 ]
[DEBUG ILM After Push (Clone)] Top State - Player: 0 | Dice: -1(u) -1(u) -1(u) 4 | Initial: [4 4 ][DEBUG] UndoCheckerMove BEFORE: Player 0, Move: (pos=19, to=15, die=4) Dice: -1 -1 -1 4 
[DEBUG] UndoCheckerMove AFTER: Player 0, Move: (pos=19, to=15, die=4) Dice: 4 -1 -1 4 
[DEBUG] ApplyCheckerMove BEFORE: Player 0, Move: (pos=23, to=19, die=4) Dice: 4 -1 -1 4 
[DEBUG] ApplyCheckerMove AFTER: Player 0, Move: (pos=23, to=19, die=4) Dice: -1 -1 -1 4 
[DEBUG ILM Before Push (Move)] Player: 0 | Dice: -1(u) -1(u) -1(u) 4 | Initial: [4 4 ]
[DEBUG ILM After Push (Move)] Top State - Player: 0 | Dice: -1(u) -1(u) -1(u) 4 | Initial: [4 4 ][DEBUG ILM Popped State] Depth: 3 | Player: 0 | Dice: -1(u) -1(u) -1(u) 4 | Initial: [4 4 ] | Seq Size: 3
  Generated 3 half-moves: [18->14/4] [19->15/4] [23->19/4] 
[DEBUG] ApplyCheckerMove BEFORE: Player 0, Move: (pos=18, to=14, die=4) Dice: -1 -1 -1 4 
[DEBUG] ApplyCheckerMove AFTER: Player 0, Move: (pos=18, to=14, die=4) Dice: -1 -1 -1 -1 
[DEBUG ILM Before Push (Clone)] Player: 0 | Dice: -1(u) -1(u) -1(u) -1(u) | Initial: [4 4 ]
[DEBUG ILM After Push (Clone)] Top State - Player: 0 | Dice: -1(u) -1(u) -1(u) -1(u) | Initial: [4 4 ][DEBUG] UndoCheckerMove BEFORE: Player 0, Move: (pos=18, to=14, die=4) Dice: -1 -1 -1 -1 
[DEBUG] UndoCheckerMove AFTER: Player 0, Move: (pos=18, to=14, die=4) Dice: 4 -1 -1 -1 
[DEBUG] ApplyCheckerMove BEFORE: Player 0, Move: (pos=19, to=15, die=4) Dice: 4 -1 -1 -1 
[DEBUG] ApplyCheckerMove AFTER: Player 0, Move: (pos=19, to=15, die=4) Dice: -1 -1 -1 -1 
[DEBUG ILM Before Push (Clone)] Player: 0 | Dice: -1(u) -1(u) -1(u) -1(u) | Initial: [4 4 ]
[DEBUG ILM After Push (Clone)] Top State - Player: 0 | Dice: -1(u) -1(u) -1(u) -1(u) | Initial: [4 4 ][DEBUG] UndoCheckerMove BEFORE: Player 0, Move: (pos=19, to=15, die=4) Dice: -1 -1 -1 -1 
[DEBUG] UndoCheckerMove AFTER: Player 0, Move: (pos=19, to=15, die=4) Dice: 4 -1 -1 -1 
[DEBUG] ApplyCheckerMove BEFORE: Player 0, Move: (pos=23, to=19, die=4) Dice: 4 -1 -1 -1 
[DEBUG] ApplyCheckerMove AFTER: Player 0, Move: (pos=23, to=19, die=4) Dice: -1 -1 -1 -1 
[DEBUG ILM Before Push (Move)] Player: 0 | Dice: -1(u) -1(u) -1(u) -1(u) | Initial: [4 4 ]
[DEBUG ILM After Push (Move)] Top State - Player: 0 | Dice: -1(u) -1(u) -1(u) -1(u) | Initial: [4 4 ][DEBUG ILM Popped State] Depth: 4 | Player: 0 | Dice: -1(u) -1(u) -1(u) -1(u) | Initial: [4 4 ] | Seq Size: 4
  Generated 1 half-moves: [-1->-1/1] 
[DEBUG ILM ADD SEQ NOBRANCH/LIMIT] Depth=4: {23,19,4} {22,18,4} {23,19,4} {23,19,4}
[DEBUG ILM Popped State] Depth: 4 | Player: 0 | Dice: -1(u) -1(u) -1(u) -1(u) | Initial: [4 4 ] | Seq Size: 4
  Generated 1 half-moves: [-1->-1/1] 
[DEBUG ILM ADD SEQ NOBRANCH/LIMIT] Depth=4: {23,19,4} {22,18,4} {23,19,4} {19,15,4}
[DEBUG ILM Popped State] Depth: 4 | Player: 0 | Dice: -1(u) -1(u) -1(u) -1(u) | Initial: [4 4 ] | Seq Size: 4
  Generated 1 half-moves: [-1->-1/1] 
[DEBUG ILM ADD SEQ NOBRANCH/LIMIT] Depth=4: {23,19,4} {22,18,4} {23,19,4} {18,14,4}
[DEBUG ILM Popped State] Depth: 3 | Player: 0 | Dice: -1(u) -1(u) -1(u) 4 | Initial: [4 4 ] | Seq Size: 3
  Generated 2 half-moves: [18->14/4] [23->19/4] 
[DEBUG] ApplyCheckerMove BEFORE: Player 0, Move: (pos=18, to=14, die=4) Dice: -1 -1 -1 4 
[DEBUG] ApplyCheckerMove AFTER: Player 0, Move: (pos=18, to=14, die=4) Dice: -1 -1 -1 -1 
[DEBUG ILM Before Push (Clone)] Player: 0 | Dice: -1(u) -1(u) -1(u) -1(u) | Initial: [4 4 ]
[DEBUG ILM After Push (Clone)] Top State - Player: 0 | Dice: -1(u) -1(u) -1(u) -1(u) | Initial: [4 4 ][DEBUG] UndoCheckerMove BEFORE: Player 0, Move: (pos=18, to=14, die=4) Dice: -1 -1 -1 -1 
[DEBUG] UndoCheckerMove AFTER: Player 0, Move: (pos=18, to=14, die=4) Dice: 4 -1 -1 -1 
[DEBUG] ApplyCheckerMove BEFORE: Player 0, Move: (pos=23, to=19, die=4) Dice: 4 -1 -1 -1 
[DEBUG] ApplyCheckerMove AFTER: Player 0, Move: (pos=23, to=19, die=4) Dice: -1 -1 -1 -1 
[DEBUG ILM Before Push (Move)] Player: 0 | Dice: -1(u) -1(u) -1(u) -1(u) | Initial: [4 4 ]
[DEBUG ILM After Push (Move)] Top State - Player: 0 | Dice: -1(u) -1(u) -1(u) -1(u) | Initial: [4 4 ][DEBUG ILM Popped State] Depth: 4 | Player: 0 | Dice: -1(u) -1(u) -1(u) -1(u) | Initial: [4 4 ] | Seq Size: 4
  Generated 1 half-moves: [-1->-1/1] 
[DEBUG ILM ADD SEQ NOBRANCH/LIMIT] Depth=4: {23,19,4} {22,18,4} {19,15,4} {23,19,4}
[DEBUG ILM Popped State] Depth: 4 | Player: 0 | Dice: -1(u) -1(u) -1(u) -1(u) | Initial: [4 4 ] | Seq Size: 4
  Generated 1 half-moves: [-1->-1/1] 
[DEBUG ILM ADD SEQ NOBRANCH/LIMIT] Depth=4: {23,19,4} {22,18,4} {19,15,4} {18,14,4}
[DEBUG ILM Popped State] Depth: 3 | Player: 0 | Dice: -1(u) -1(u) -1(u) 4 | Initial: [4 4 ] | Seq Size: 3
  Generated 3 half-moves: [14->10/4] [19->15/4] [23->19/4] 
[DEBUG] ApplyCheckerMove BEFORE: Player 0, Move: (pos=14, to=10, die=4) Dice: -1 -1 -1 4 
[DEBUG] ApplyCheckerMove AFTER: Player 0, Move: (pos=14, to=10, die=4) Dice: -1 -1 -1 -1 
[DEBUG ILM Before Push (Clone)] Player: 0 | Dice: -1(u) -1(u) -1(u) -1(u) | Initial: [4 4 ]
[DEBUG ILM After Push (Clone)] Top State - Player: 0 | Dice: -1(u) -1(u) -1(u) -1(u) | Initial: [4 4 ][DEBUG] UndoCheckerMove BEFORE: Player 0, Move: (pos=14, to=10, die=4) Dice: -1 -1 -1 -1 
[DEBUG] UndoCheckerMove AFTER: Player 0, Move: (pos=14, to=10, die=4) Dice: 4 -1 -1 -1 
[DEBUG] ApplyCheckerMove BEFORE: Player 0, Move: (pos=19, to=15, die=4) Dice: 4 -1 -1 -1 
[DEBUG] ApplyCheckerMove AFTER: Player 0, Move: (pos=19, to=15, die=4) Dice: -1 -1 -1 -1 
[DEBUG ILM Before Push (Clone)] Player: 0 | Dice: -1(u) -1(u) -1(u) -1(u) | Initial: [4 4 ]
[DEBUG ILM After Push (Clone)] Top State - Player: 0 | Dice: -1(u) -1(u) -1(u) -1(u) | Initial: [4 4 ][DEBUG] UndoCheckerMove BEFORE: Player 0, Move: (pos=19, to=15, die=4) Dice: -1 -1 -1 -1 
[DEBUG] UndoCheckerMove AFTER: Player 0, Move: (pos=19, to=15, die=4) Dice: 4 -1 -1 -1 
[DEBUG] ApplyCheckerMove BEFORE: Player 0, Move: (pos=23, to=19, die=4) Dice: 4 -1 -1 -1 
[DEBUG] ApplyCheckerMove AFTER: Player 0, Move: (pos=23, to=19, die=4) Dice: -1 -1 -1 -1 
[DEBUG ILM Before Push (Move)] Player: 0 | Dice: -1(u) -1(u) -1(u) -1(u) | Initial: [4 4 ]
[DEBUG ILM After Push (Move)] Top State - Player: 0 | Dice: -1(u) -1(u) -1(u) -1(u) | Initial: [4 4 ][DEBUG ILM Popped State] Depth: 4 | Player: 0 | Dice: -1(u) -1(u) -1(u) -1(u) | Initial: [4 4 ] | Seq Size: 4
  Generated 1 half-moves: [-1->-1/1] 
[DEBUG ILM ADD SEQ NOBRANCH/LIMIT] Depth=4: {23,19,4} {22,18,4} {18,14,4} {23,19,4}
[DEBUG ILM Popped State] Depth: 4 | Player: 0 | Dice: -1(u) -1(u) -1(u) -1(u) | Initial: [4 4 ] | Seq Size: 4
  Generated 1 half-moves: [-1->-1/1] 
[DEBUG ILM ADD SEQ NOBRANCH/LIMIT] Depth=4: {23,19,4} {22,18,4} {18,14,4} {19,15,4}
[DEBUG ILM Popped State] Depth: 4 | Player: 0 | Dice: -1(u) -1(u) -1(u) -1(u) | Initial: [4 4 ] | Seq Size: 4
  Generated 1 half-moves: [-1->-1/1] 
[DEBUG ILM ADD SEQ NOBRANCH/LIMIT] Depth=4: {23,19,4} {22,18,4} {18,14,4} {14,10,4}
[DEBUG ILM Popped State] Depth: 2 | Player: 0 | Dice: -1(u) -1(u) 4 4 | Initial: [4 4 ] | Seq Size: 2
  Generated 2 half-moves: [22->18/4] [23->19/4] 
[DEBUG] ApplyCheckerMove BEFORE: Player 0, Move: (pos=22, to=18, die=4) Dice: -1 -1 4 4 
[DEBUG] ApplyCheckerMove AFTER: Player 0, Move: (pos=22, to=18, die=4) Dice: -1 -1 -1 4 
[DEBUG ILM Before Push (Clone)] Player: 0 | Dice: -1(u) -1(u) -1(u) 4 | Initial: [4 4 ]
[DEBUG ILM After Push (Clone)] Top State - Player: 0 | Dice: -1(u) -1(u) -1(u) 4 | Initial: [4 4 ][DEBUG] UndoCheckerMove BEFORE: Player 0, Move: (pos=22, to=18, die=4) Dice: -1 -1 -1 4 
[DEBUG] UndoCheckerMove AFTER: Player 0, Move: (pos=22, to=18, die=4) Dice: 4 -1 -1 4 
[DEBUG] ApplyCheckerMove BEFORE: Player 0, Move: (pos=23, to=19, die=4) Dice: 4 -1 -1 4 
[DEBUG] ApplyCheckerMove AFTER: Player 0, Move: (pos=23, to=19, die=4) Dice: -1 -1 -1 4 
[DEBUG ILM Before Push (Move)] Player: 0 | Dice: -1(u) -1(u) -1(u) 4 | Initial: [4 4 ]
[DEBUG ILM After Push (Move)] Top State - Player: 0 | Dice: -1(u) -1(u) -1(u) 4 | Initial: [4 4 ][DEBUG ILM Popped State] Depth: 3 | Player: 0 | Dice: -1(u) -1(u) -1(u) 4 | Initial: [4 4 ] | Seq Size: 3
  Generated 3 half-moves: [19->15/4] [22->18/4] [23->19/4] 
[DEBUG] ApplyCheckerMove BEFORE: Player 0, Move: (pos=19, to=15, die=4) Dice: -1 -1 -1 4 
[DEBUG] ApplyCheckerMove AFTER: Player 0, Move: (pos=19, to=15, die=4) Dice: -1 -1 -1 -1 
[DEBUG ILM Before Push (Clone)] Player: 0 | Dice: -1(u) -1(u) -1(u) -1(u) | Initial: [4 4 ]
[DEBUG ILM After Push (Clone)] Top State - Player: 0 | Dice: -1(u) -1(u) -1(u) -1(u) | Initial: [4 4 ][DEBUG] UndoCheckerMove BEFORE: Player 0, Move: (pos=19, to=15, die=4) Dice: -1 -1 -1 -1 
[DEBUG] UndoCheckerMove AFTER: Player 0, Move: (pos=19, to=15, die=4) Dice: 4 -1 -1 -1 
[DEBUG] ApplyCheckerMove BEFORE: Player 0, Move: (pos=22, to=18, die=4) Dice: 4 -1 -1 -1 
[DEBUG] ApplyCheckerMove AFTER: Player 0, Move: (pos=22, to=18, die=4) Dice: -1 -1 -1 -1 
[DEBUG ILM Before Push (Clone)] Player: 0 | Dice: -1(u) -1(u) -1(u) -1(u) | Initial: [4 4 ]
[DEBUG ILM After Push (Clone)] Top State - Player: 0 | Dice: -1(u) -1(u) -1(u) -1(u) | Initial: [4 4 ][DEBUG] UndoCheckerMove BEFORE: Player 0, Move: (pos=22, to=18, die=4) Dice: -1 -1 -1 -1 
[DEBUG] UndoCheckerMove AFTER: Player 0, Move: (pos=22, to=18, die=4) Dice: 4 -1 -1 -1 
[DEBUG] ApplyCheckerMove BEFORE: Player 0, Move: (pos=23, to=19, die=4) Dice: 4 -1 -1 -1 
[DEBUG] ApplyCheckerMove AFTER: Player 0, Move: (pos=23, to=19, die=4) Dice: -1 -1 -1 -1 
[DEBUG ILM Before Push (Move)] Player: 0 | Dice: -1(u) -1(u) -1(u) -1(u) | Initial: [4 4 ]
[DEBUG ILM After Push (Move)] Top State - Player: 0 | Dice: -1(u) -1(u) -1(u) -1(u) | Initial: [4 4 ][DEBUG ILM Popped State] Depth: 4 | Player: 0 | Dice: -1(u) -1(u) -1(u) -1(u) | Initial: [4 4 ] | Seq Size: 4
  Generated 1 half-moves: [-1->-1/1] 
[DEBUG ILM ADD SEQ NOBRANCH/LIMIT] Depth=4: {23,19,4} {19,15,4} {23,19,4} {23,19,4}
[DEBUG ILM Popped State] Depth: 4 | Player: 0 | Dice: -1(u) -1(u) -1(u) -1(u) | Initial: [4 4 ] | Seq Size: 4
  Generated 1 half-moves: [-1->-1/1] 
[DEBUG ILM ADD SEQ NOBRANCH/LIMIT] Depth=4: {23,19,4} {19,15,4} {23,19,4} {22,18,4}
[DEBUG ILM Popped State] Depth: 4 | Player: 0 | Dice: -1(u) -1(u) -1(u) -1(u) | Initial: [4 4 ] | Seq Size: 4
  Generated 1 half-moves: [-1->-1/1] 
[DEBUG ILM ADD SEQ NOBRANCH/LIMIT] Depth=4: {23,19,4} {19,15,4} {23,19,4} {19,15,4}
[DEBUG ILM Popped State] Depth: 3 | Player: 0 | Dice: -1(u) -1(u) -1(u) 4 | Initial: [4 4 ] | Seq Size: 3
  Generated 2 half-moves: [18->14/4] [23->19/4] 
[DEBUG] ApplyCheckerMove BEFORE: Player 0, Move: (pos=18, to=14, die=4) Dice: -1 -1 -1 4 
[DEBUG] ApplyCheckerMove AFTER: Player 0, Move: (pos=18, to=14, die=4) Dice: -1 -1 -1 -1 
[DEBUG ILM Before Push (Clone)] Player: 0 | Dice: -1(u) -1(u) -1(u) -1(u) | Initial: [4 4 ]
[DEBUG ILM After Push (Clone)] Top State - Player: 0 | Dice: -1(u) -1(u) -1(u) -1(u) | Initial: [4 4 ][DEBUG] UndoCheckerMove BEFORE: Player 0, Move: (pos=18, to=14, die=4) Dice: -1 -1 -1 -1 
[DEBUG] UndoCheckerMove AFTER: Player 0, Move: (pos=18, to=14, die=4) Dice: 4 -1 -1 -1 
[DEBUG] ApplyCheckerMove BEFORE: Player 0, Move: (pos=23, to=19, die=4) Dice: 4 -1 -1 -1 
[DEBUG] ApplyCheckerMove AFTER: Player 0, Move: (pos=23, to=19, die=4) Dice: -1 -1 -1 -1 
[DEBUG ILM Before Push (Move)] Player: 0 | Dice: -1(u) -1(u) -1(u) -1(u) | Initial: [4 4 ]
[DEBUG ILM After Push (Move)] Top State - Player: 0 | Dice: -1(u) -1(u) -1(u) -1(u) | Initial: [4 4 ][DEBUG ILM Popped State] Depth: 4 | Player: 0 | Dice: -1(u) -1(u) -1(u) -1(u) | Initial: [4 4 ] | Seq Size: 4
  Generated 1 half-moves: [-1->-1/1] 
[DEBUG ILM ADD SEQ NOBRANCH/LIMIT] Depth=4: {23,19,4} {19,15,4} {22,18,4} {23,19,4}
[DEBUG ILM Popped State] Depth: 4 | Player: 0 | Dice: -1(u) -1(u) -1(u) -1(u) | Initial: [4 4 ] | Seq Size: 4
  Generated 1 half-moves: [-1->-1/1] 
[DEBUG ILM ADD SEQ NOBRANCH/LIMIT] Depth=4: {23,19,4} {19,15,4} {22,18,4} {18,14,4}
[DEBUG ILM Popped State] Depth: 1 | Player: 0 | Dice: -1(u) 4 4 4 | Initial: [4 4 ] | Seq Size: 1
  Generated 2 half-moves: [18->14/4] [23->19/4] 
[DEBUG] ApplyCheckerMove BEFORE: Player 0, Move: (pos=18, to=14, die=4) Dice: -1 4 4 4 
[DEBUG] ApplyCheckerMove AFTER: Player 0, Move: (pos=18, to=14, die=4) Dice: -1 -1 4 4 
[DEBUG ILM Before Push (Clone)] Player: 0 | Dice: -1(u) -1(u) 4 4 | Initial: [4 4 ]
[DEBUG ILM After Push (Clone)] Top State - Player: 0 | Dice: -1(u) -1(u) 4 4 | Initial: [4 4 ][DEBUG] UndoCheckerMove BEFORE: Player 0, Move: (pos=18, to=14, die=4) Dice: -1 -1 4 4 
[DEBUG] UndoCheckerMove AFTER: Player 0, Move: (pos=18, to=14, die=4) Dice: 4 -1 4 4 
[DEBUG] ApplyCheckerMove BEFORE: Player 0, Move: (pos=23, to=19, die=4) Dice: 4 -1 4 4 
[DEBUG] ApplyCheckerMove AFTER: Player 0, Move: (pos=23, to=19, die=4) Dice: -1 -1 4 4 
[DEBUG ILM Before Push (Move)] Player: 0 | Dice: -1(u) -1(u) 4 4 | Initial: [4 4 ]
[DEBUG ILM After Push (Move)] Top State - Player: 0 | Dice: -1(u) -1(u) 4 4 | Initial: [4 4 ][DEBUG ILM Popped State] Depth: 2 | Player: 0 | Dice: -1(u) -1(u) 4 4 | Initial: [4 4 ] | Seq Size: 2
  Generated 3 half-moves: [18->14/4] [19->15/4] [23->19/4] 
[DEBUG] ApplyCheckerMove BEFORE: Player 0, Move: (pos=18, to=14, die=4) Dice: -1 -1 4 4 
[DEBUG] ApplyCheckerMove AFTER: Player 0, Move: (pos=18, to=14, die=4) Dice: -1 -1 -1 4 
[DEBUG ILM Before Push (Clone)] Player: 0 | Dice: -1(u) -1(u) -1(u) 4 | Initial: [4 4 ]
[DEBUG ILM After Push (Clone)] Top State - Player: 0 | Dice: -1(u) -1(u) -1(u) 4 | Initial: [4 4 ][DEBUG] UndoCheckerMove BEFORE: Player 0, Move: (pos=18, to=14, die=4) Dice: -1 -1 -1 4 
[DEBUG] UndoCheckerMove AFTER: Player 0, Move: (pos=18, to=14, die=4) Dice: 4 -1 -1 4 
[DEBUG] ApplyCheckerMove BEFORE: Player 0, Move: (pos=19, to=15, die=4) Dice: 4 -1 -1 4 
[DEBUG] ApplyCheckerMove AFTER: Player 0, Move: (pos=19, to=15, die=4) Dice: -1 -1 -1 4 
[DEBUG ILM Before Push (Clone)] Player: 0 | Dice: -1(u) -1(u) -1(u) 4 | Initial: [4 4 ]
[DEBUG ILM After Push (Clone)] Top State - Player: 0 | Dice: -1(u) -1(u) -1(u) 4 | Initial: [4 4 ][DEBUG] UndoCheckerMove BEFORE: Player 0, Move: (pos=19, to=15, die=4) Dice: -1 -1 -1 4 
[DEBUG] UndoCheckerMove AFTER: Player 0, Move: (pos=19, to=15, die=4) Dice: 4 -1 -1 4 
[DEBUG] ApplyCheckerMove BEFORE: Player 0, Move: (pos=23, to=19, die=4) Dice: 4 -1 -1 4 
[DEBUG] ApplyCheckerMove AFTER: Player 0, Move: (pos=23, to=19, die=4) Dice: -1 -1 -1 4 
[DEBUG ILM Before Push (Move)] Player: 0 | Dice: -1(u) -1(u) -1(u) 4 | Initial: [4 4 ]
[DEBUG ILM After Push (Move)] Top State - Player: 0 | Dice: -1(u) -1(u) -1(u) 4 | Initial: [4 4 ][DEBUG ILM Popped State] Depth: 3 | Player: 0 | Dice: -1(u) -1(u) -1(u) 4 | Initial: [4 4 ] | Seq Size: 3
  Generated 3 half-moves: [18->14/4] [19->15/4] [23->19/4] 
[DEBUG] ApplyCheckerMove BEFORE: Player 0, Move: (pos=18, to=14, die=4) Dice: -1 -1 -1 4 
[DEBUG] ApplyCheckerMove AFTER: Player 0, Move: (pos=18, to=14, die=4) Dice: -1 -1 -1 -1 
[DEBUG ILM Before Push (Clone)] Player: 0 | Dice: -1(u) -1(u) -1(u) -1(u) | Initial: [4 4 ]
[DEBUG ILM After Push (Clone)] Top State - Player: 0 | Dice: -1(u) -1(u) -1(u) -1(u) | Initial: [4 4 ][DEBUG] UndoCheckerMove BEFORE: Player 0, Move: (pos=18, to=14, die=4) Dice: -1 -1 -1 -1 
[DEBUG] UndoCheckerMove AFTER: Player 0, Move: (pos=18, to=14, die=4) Dice: 4 -1 -1 -1 
[DEBUG] ApplyCheckerMove BEFORE: Player 0, Move: (pos=19, to=15, die=4) Dice: 4 -1 -1 -1 
[DEBUG] ApplyCheckerMove AFTER: Player 0, Move: (pos=19, to=15, die=4) Dice: -1 -1 -1 -1 
[DEBUG ILM Before Push (Clone)] Player: 0 | Dice: -1(u) -1(u) -1(u) -1(u) | Initial: [4 4 ]
[DEBUG ILM After Push (Clone)] Top State - Player: 0 | Dice: -1(u) -1(u) -1(u) -1(u) | Initial: [4 4 ][DEBUG] UndoCheckerMove BEFORE: Player 0, Move: (pos=19, to=15, die=4) Dice: -1 -1 -1 -1 
[DEBUG] UndoCheckerMove AFTER: Player 0, Move: (pos=19, to=15, die=4) Dice: 4 -1 -1 -1 
[DEBUG] ApplyCheckerMove BEFORE: Player 0, Move: (pos=23, to=19, die=4) Dice: 4 -1 -1 -1 
[DEBUG] ApplyCheckerMove AFTER: Player 0, Move: (pos=23, to=19, die=4) Dice: -1 -1 -1 -1 
[DEBUG ILM Before Push (Move)] Player: 0 | Dice: -1(u) -1(u) -1(u) -1(u) | Initial: [4 4 ]
[DEBUG ILM After Push (Move)] Top State - Player: 0 | Dice: -1(u) -1(u) -1(u) -1(u) | Initial: [4 4 ][DEBUG ILM Popped State] Depth: 4 | Player: 0 | Dice: -1(u) -1(u) -1(u) -1(u) | Initial: [4 4 ] | Seq Size: 4
  Generated 1 half-moves: [-1->-1/1] 
[DEBUG ILM ADD SEQ NOBRANCH/LIMIT] Depth=4: {22,18,4} {23,19,4} {23,19,4} {23,19,4}
[DEBUG ILM Popped State] Depth: 4 | Player: 0 | Dice: -1(u) -1(u) -1(u) -1(u) | Initial: [4 4 ] | Seq Size: 4
  Generated 1 half-moves: [-1->-1/1] 
[DEBUG ILM ADD SEQ NOBRANCH/LIMIT] Depth=4: {22,18,4} {23,19,4} {23,19,4} {19,15,4}
[DEBUG ILM Popped State] Depth: 4 | Player: 0 | Dice: -1(u) -1(u) -1(u) -1(u) | Initial: [4 4 ] | Seq Size: 4
  Generated 1 half-moves: [-1->-1/1] 
[DEBUG ILM ADD SEQ NOBRANCH/LIMIT] Depth=4: {22,18,4} {23,19,4} {23,19,4} {18,14,4}
[DEBUG ILM Popped State] Depth: 3 | Player: 0 | Dice: -1(u) -1(u) -1(u) 4 | Initial: [4 4 ] | Seq Size: 3
  Generated 2 half-moves: [18->14/4] [23->19/4] 
[DEBUG] ApplyCheckerMove BEFORE: Player 0, Move: (pos=18, to=14, die=4) Dice: -1 -1 -1 4 
[DEBUG] ApplyCheckerMove AFTER: Player 0, Move: (pos=18, to=14, die=4) Dice: -1 -1 -1 -1 
[DEBUG ILM Before Push (Clone)] Player: 0 | Dice: -1(u) -1(u) -1(u) -1(u) | Initial: [4 4 ]
[DEBUG ILM After Push (Clone)] Top State - Player: 0 | Dice: -1(u) -1(u) -1(u) -1(u) | Initial: [4 4 ][DEBUG] UndoCheckerMove BEFORE: Player 0, Move: (pos=18, to=14, die=4) Dice: -1 -1 -1 -1 
[DEBUG] UndoCheckerMove AFTER: Player 0, Move: (pos=18, to=14, die=4) Dice: 4 -1 -1 -1 
[DEBUG] ApplyCheckerMove BEFORE: Player 0, Move: (pos=23, to=19, die=4) Dice: 4 -1 -1 -1 
[DEBUG] ApplyCheckerMove AFTER: Player 0, Move: (pos=23, to=19, die=4) Dice: -1 -1 -1 -1 
[DEBUG ILM Before Push (Move)] Player: 0 | Dice: -1(u) -1(u) -1(u) -1(u) | Initial: [4 4 ]
[DEBUG ILM After Push (Move)] Top State - Player: 0 | Dice: -1(u) -1(u) -1(u) -1(u) | Initial: [4 4 ][DEBUG ILM Popped State] Depth: 4 | Player: 0 | Dice: -1(u) -1(u) -1(u) -1(u) | Initial: [4 4 ] | Seq Size: 4
  Generated 1 half-moves: [-1->-1/1] 
[DEBUG ILM ADD SEQ NOBRANCH/LIMIT] Depth=4: {22,18,4} {23,19,4} {19,15,4} {23,19,4}
[DEBUG ILM Popped State] Depth: 4 | Player: 0 | Dice: -1(u) -1(u) -1(u) -1(u) | Initial: [4 4 ] | Seq Size: 4
  Generated 1 half-moves: [-1->-1/1] 
[DEBUG ILM ADD SEQ NOBRANCH/LIMIT] Depth=4: {22,18,4} {23,19,4} {19,15,4} {18,14,4}
[DEBUG ILM Popped State] Depth: 3 | Player: 0 | Dice: -1(u) -1(u) -1(u) 4 | Initial: [4 4 ] | Seq Size: 3
  Generated 3 half-moves: [14->10/4] [19->15/4] [23->19/4] 
[DEBUG] ApplyCheckerMove BEFORE: Player 0, Move: (pos=14, to=10, die=4) Dice: -1 -1 -1 4 
[DEBUG] ApplyCheckerMove AFTER: Player 0, Move: (pos=14, to=10, die=4) Dice: -1 -1 -1 -1 
[DEBUG ILM Before Push (Clone)] Player: 0 | Dice: -1(u) -1(u) -1(u) -1(u) | Initial: [4 4 ]
[DEBUG ILM After Push (Clone)] Top State - Player: 0 | Dice: -1(u) -1(u) -1(u) -1(u) | Initial: [4 4 ][DEBUG] UndoCheckerMove BEFORE: Player 0, Move: (pos=14, to=10, die=4) Dice: -1 -1 -1 -1 
[DEBUG] UndoCheckerMove AFTER: Player 0, Move: (pos=14, to=10, die=4) Dice: 4 -1 -1 -1 
[DEBUG] ApplyCheckerMove BEFORE: Player 0, Move: (pos=19, to=15, die=4) Dice: 4 -1 -1 -1 
[DEBUG] ApplyCheckerMove AFTER: Player 0, Move: (pos=19, to=15, die=4) Dice: -1 -1 -1 -1 
[DEBUG ILM Before Push (Clone)] Player: 0 | Dice: -1(u) -1(u) -1(u) -1(u) | Initial: [4 4 ]
[DEBUG ILM After Push (Clone)] Top State - Player: 0 | Dice: -1(u) -1(u) -1(u) -1(u) | Initial: [4 4 ][DEBUG] UndoCheckerMove BEFORE: Player 0, Move: (pos=19, to=15, die=4) Dice: -1 -1 -1 -1 
[DEBUG] UndoCheckerMove AFTER: Player 0, Move: (pos=19, to=15, die=4) Dice: 4 -1 -1 -1 
[DEBUG] ApplyCheckerMove BEFORE: Player 0, Move: (pos=23, to=19, die=4) Dice: 4 -1 -1 -1 
[DEBUG] ApplyCheckerMove AFTER: Player 0, Move: (pos=23, to=19, die=4) Dice: -1 -1 -1 -1 
[DEBUG ILM Before Push (Move)] Player: 0 | Dice: -1(u) -1(u) -1(u) -1(u) | Initial: [4 4 ]
[DEBUG ILM After Push (Move)] Top State - Player: 0 | Dice: -1(u) -1(u) -1(u) -1(u) | Initial: [4 4 ][DEBUG ILM Popped State] Depth: 4 | Player: 0 | Dice: -1(u) -1(u) -1(u) -1(u) | Initial: [4 4 ] | Seq Size: 4
  Generated 1 half-moves: [-1->-1/1] 
[DEBUG ILM ADD SEQ NOBRANCH/LIMIT] Depth=4: {22,18,4} {23,19,4} {18,14,4} {23,19,4}
[DEBUG ILM Popped State] Depth: 4 | Player: 0 | Dice: -1(u) -1(u) -1(u) -1(u) | Initial: [4 4 ] | Seq Size: 4
  Generated 1 half-moves: [-1->-1/1] 
[DEBUG ILM ADD SEQ NOBRANCH/LIMIT] Depth=4: {22,18,4} {23,19,4} {18,14,4} {19,15,4}
[DEBUG ILM Popped State] Depth: 4 | Player: 0 | Dice: -1(u) -1(u) -1(u) -1(u) | Initial: [4 4 ] | Seq Size: 4
  Generated 1 half-moves: [-1->-1/1] 
[DEBUG ILM ADD SEQ NOBRANCH/LIMIT] Depth=4: {22,18,4} {23,19,4} {18,14,4} {14,10,4}
[DEBUG ILM Popped State] Depth: 2 | Player: 0 | Dice: -1(u) -1(u) 4 4 | Initial: [4 4 ] | Seq Size: 2
  Generated 2 half-moves: [14->10/4] [23->19/4] 
[DEBUG] ApplyCheckerMove BEFORE: Player 0, Move: (pos=14, to=10, die=4) Dice: -1 -1 4 4 
[DEBUG] ApplyCheckerMove AFTER: Player 0, Move: (pos=14, to=10, die=4) Dice: -1 -1 -1 4 
[DEBUG ILM Before Push (Clone)] Player: 0 | Dice: -1(u) -1(u) -1(u) 4 | Initial: [4 4 ]
[DEBUG ILM After Push (Clone)] Top State - Player: 0 | Dice: -1(u) -1(u) -1(u) 4 | Initial: [4 4 ][DEBUG] UndoCheckerMove BEFORE: Player 0, Move: (pos=14, to=10, die=4) Dice: -1 -1 -1 4 
[DEBUG] UndoCheckerMove AFTER: Player 0, Move: (pos=14, to=10, die=4) Dice: 4 -1 -1 4 
[DEBUG] ApplyCheckerMove BEFORE: Player 0, Move: (pos=23, to=19, die=4) Dice: 4 -1 -1 4 
[DEBUG] ApplyCheckerMove AFTER: Player 0, Move: (pos=23, to=19, die=4) Dice: -1 -1 -1 4 
[DEBUG ILM Before Push (Move)] Player: 0 | Dice: -1(u) -1(u) -1(u) 4 | Initial: [4 4 ]
[DEBUG ILM After Push (Move)] Top State - Player: 0 | Dice: -1(u) -1(u) -1(u) 4 | Initial: [4 4 ][DEBUG ILM Popped State] Depth: 3 | Player: 0 | Dice: -1(u) -1(u) -1(u) 4 | Initial: [4 4 ] | Seq Size: 3
  Generated 3 half-moves: [14->10/4] [19->15/4] [23->19/4] 
[DEBUG] ApplyCheckerMove BEFORE: Player 0, Move: (pos=14, to=10, die=4) Dice: -1 -1 -1 4 
[DEBUG] ApplyCheckerMove AFTER: Player 0, Move: (pos=14, to=10, die=4) Dice: -1 -1 -1 -1 
[DEBUG ILM Before Push (Clone)] Player: 0 | Dice: -1(u) -1(u) -1(u) -1(u) | Initial: [4 4 ]
[DEBUG ILM After Push (Clone)] Top State - Player: 0 | Dice: -1(u) -1(u) -1(u) -1(u) | Initial: [4 4 ][DEBUG] UndoCheckerMove BEFORE: Player 0, Move: (pos=14, to=10, die=4) Dice: -1 -1 -1 -1 
[DEBUG] UndoCheckerMove AFTER: Player 0, Move: (pos=14, to=10, die=4) Dice: 4 -1 -1 -1 
[DEBUG] ApplyCheckerMove BEFORE: Player 0, Move: (pos=19, to=15, die=4) Dice: 4 -1 -1 -1 
[DEBUG] ApplyCheckerMove AFTER: Player 0, Move: (pos=19, to=15, die=4) Dice: -1 -1 -1 -1 
[DEBUG ILM Before Push (Clone)] Player: 0 | Dice: -1(u) -1(u) -1(u) -1(u) | Initial: [4 4 ]
[DEBUG ILM After Push (Clone)] Top State - Player: 0 | Dice: -1(u) -1(u) -1(u) -1(u) | Initial: [4 4 ][DEBUG] UndoCheckerMove BEFORE: Player 0, Move: (pos=19, to=15, die=4) Dice: -1 -1 -1 -1 
[DEBUG] UndoCheckerMove AFTER: Player 0, Move: (pos=19, to=15, die=4) Dice: 4 -1 -1 -1 
[DEBUG] ApplyCheckerMove BEFORE: Player 0, Move: (pos=23, to=19, die=4) Dice: 4 -1 -1 -1 
[DEBUG] ApplyCheckerMove AFTER: Player 0, Move: (pos=23, to=19, die=4) Dice: -1 -1 -1 -1 
[DEBUG ILM Before Push (Move)] Player: 0 | Dice: -1(u) -1(u) -1(u) -1(u) | Initial: [4 4 ]
[DEBUG ILM After Push (Move)] Top State - Player: 0 | Dice: -1(u) -1(u) -1(u) -1(u) | Initial: [4 4 ][DEBUG ILM Popped State] Depth: 4 | Player: 0 | Dice: -1(u) -1(u) -1(u) -1(u) | Initial: [4 4 ] | Seq Size: 4
  Generated 1 half-moves: [-1->-1/1] 
[DEBUG ILM ADD SEQ NOBRANCH/LIMIT] Depth=4: {22,18,4} {18,14,4} {23,19,4} {23,19,4}
[DEBUG ILM Popped State] Depth: 4 | Player: 0 | Dice: -1(u) -1(u) -1(u) -1(u) | Initial: [4 4 ] | Seq Size: 4
  Generated 1 half-moves: [-1->-1/1] 
[DEBUG ILM ADD SEQ NOBRANCH/LIMIT] Depth=4: {22,18,4} {18,14,4} {23,19,4} {19,15,4}
[DEBUG ILM Popped State] Depth: 4 | Player: 0 | Dice: -1(u) -1(u) -1(u) -1(u) | Initial: [4 4 ] | Seq Size: 4
  Generated 1 half-moves: [-1->-1/1] 
[DEBUG ILM ADD SEQ NOBRANCH/LIMIT] Depth=4: {22,18,4} {18,14,4} {23,19,4} {14,10,4}
[DEBUG ILM Popped State] Depth: 3 | Player: 0 | Dice: -1(u) -1(u) -1(u) 4 | Initial: [4 4 ] | Seq Size: 3
  Generated 2 half-moves: [10->6/4] [23->19/4] 
[DEBUG] ApplyCheckerMove BEFORE: Player 0, Move: (pos=10, to=6, die=4) Dice: -1 -1 -1 4 
[DEBUG] ApplyCheckerMove AFTER: Player 0, Move: (pos=10, to=6, die=4) Dice: -1 -1 -1 -1 
[DEBUG ILM Before Push (Clone)] Player: 0 | Dice: -1(u) -1(u) -1(u) -1(u) | Initial: [4 4 ]
[DEBUG ILM After Push (Clone)] Top State - Player: 0 | Dice: -1(u) -1(u) -1(u) -1(u) | Initial: [4 4 ][DEBUG] UndoCheckerMove BEFORE: Player 0, Move: (pos=10, to=6, die=4) Dice: -1 -1 -1 -1 
[DEBUG] UndoCheckerMove AFTER: Player 0, Move: (pos=10, to=6, die=4) Dice: 4 -1 -1 -1 
[DEBUG] ApplyCheckerMove BEFORE: Player 0, Move: (pos=23, to=19, die=4) Dice: 4 -1 -1 -1 
[DEBUG] ApplyCheckerMove AFTER: Player 0, Move: (pos=23, to=19, die=4) Dice: -1 -1 -1 -1 
[DEBUG ILM Before Push (Move)] Player: 0 | Dice: -1(u) -1(u) -1(u) -1(u) | Initial: [4 4 ]
[DEBUG ILM After Push (Move)] Top State - Player: 0 | Dice: -1(u) -1(u) -1(u) -1(u) | Initial: [4 4 ][DEBUG ILM Popped State] Depth: 4 | Player: 0 | Dice: -1(u) -1(u) -1(u) -1(u) | Initial: [4 4 ] | Seq Size: 4
  Generated 1 half-moves: [-1->-1/1] 
[DEBUG ILM ADD SEQ NOBRANCH/LIMIT] Depth=4: {22,18,4} {18,14,4} {14,10,4} {23,19,4}
[DEBUG ILM Popped State] Depth: 4 | Player: 0 | Dice: -1(u) -1(u) -1(u) -1(u) | Initial: [4 4 ] | Seq Size: 4
  Generated 1 half-moves: [-1->-1/1] 
[DEBUG ILM ADD SEQ NOBRANCH/LIMIT] Depth=4: {22,18,4} {18,14,4} {14,10,4} {10,6,4}
[DEBUG FBS Entry] Player=0 Input movelist (35):
  Seq:  {22,18,4} {18,14,4} {14,10,4} {10,6,4}
  Seq:  {22,18,4} {18,14,4} {14,10,4} {23,19,4}
  Seq:  {22,18,4} {18,14,4} {23,19,4} {14,10,4}
  Seq:  {22,18,4} {18,14,4} {23,19,4} {19,15,4}
  Seq:  {22,18,4} {18,14,4} {23,19,4} {23,19,4}
  Seq:  {22,18,4} {23,19,4} {18,14,4} {14,10,4}
  Seq:  {22,18,4} {23,19,4} {18,14,4} {19,15,4}
  Seq:  {22,18,4} {23,19,4} {18,14,4} {23,19,4}
  Seq:  {22,18,4} {23,19,4} {19,15,4} {18,14,4}
  Seq:  {22,18,4} {23,19,4} {19,15,4} {23,19,4}
  Seq:  {22,18,4} {23,19,4} {23,19,4} {18,14,4}
  Seq:  {22,18,4} {23,19,4} {23,19,4} {19,15,4}
  Seq:  {22,18,4} {23,19,4} {23,19,4} {23,19,4}
  Seq:  {23,19,4} {19,15,4} {22,18,4} {18,14,4}
  Seq:  {23,19,4} {19,15,4} {22,18,4} {23,19,4}
  Seq:  {23,19,4} {19,15,4} {23,19,4} {19,15,4}
  Seq:  {23,19,4} {19,15,4} {23,19,4} {22,18,4}
  Seq:  {23,19,4} {19,15,4} {23,19,4} {23,19,4}
  Seq:  {23,19,4} {22,18,4} {18,14,4} {14,10,4}
  Seq:  {23,19,4} {22,18,4} {18,14,4} {19,15,4}
  Seq:  {23,19,4} {22,18,4} {18,14,4} {23,19,4}
  Seq:  {23,19,4} {22,18,4} {19,15,4} {18,14,4}
  Seq:  {23,19,4} {22,18,4} {19,15,4} {23,19,4}
  Seq:  {23,19,4} {22,18,4} {23,19,4} {18,14,4}
  Seq:  {23,19,4} {22,18,4} {23,19,4} {19,15,4}
  Seq:  {23,19,4} {22,18,4} {23,19,4} {23,19,4}
  Seq:  {23,19,4} {23,19,4} {19,15,4} {19,15,4}
  Seq:  {23,19,4} {23,19,4} {19,15,4} {22,18,4}
  Seq:  {23,19,4} {23,19,4} {19,15,4} {23,19,4}
  Seq:  {23,19,4} {23,19,4} {22,18,4} {18,14,4}
  Seq:  {23,19,4} {23,19,4} {22,18,4} {19,15,4}
  Seq:  {23,19,4} {23,19,4} {22,18,4} {23,19,4}
  Seq:  {23,19,4} {23,19,4} {23,19,4} {19,15,4}
  Seq:  {23,19,4} {23,19,4} {23,19,4} {22,18,4}
  Seq:  {23,19,4} {23,19,4} {23,19,4} {23,19,4}
[DEBUG FBS Stats] longest_sequence=4, max_non_pass=4
[DEBUG] ApplyCheckerMove BEFORE: Player 0, Move: (pos=22, to=18, die=4) Dice: 4 4 4 4 
[DEBUG] ApplyCheckerMove AFTER: Player 0, Move: (pos=22, to=18, die=4) Dice: -1 4 4 4 
[DEBUG] ApplyCheckerMove BEFORE: Player 0, Move: (pos=18, to=14, die=4) Dice: -1 4 4 4 
[DEBUG] ApplyCheckerMove AFTER: Player 0, Move: (pos=18, to=14, die=4) Dice: -1 -1 4 4 
[DEBUG] ApplyCheckerMove BEFORE: Player 0, Move: (pos=14, to=10, die=4) Dice: -1 -1 4 4 
[DEBUG] ApplyCheckerMove AFTER: Player 0, Move: (pos=14, to=10, die=4) Dice: -1 -1 -1 4 
[DEBUG] ApplyCheckerMove BEFORE: Player 0, Move: (pos=10, to=6, die=4) Dice: -1 -1 -1 4 
[DEBUG] ApplyCheckerMove AFTER: Player 0, Move: (pos=10, to=6, die=4) Dice: -1 -1 -1 -1 
[DEBUG] ApplyCheckerMove BEFORE: Player 0, Move: (pos=22, to=18, die=4) Dice: 4 4 4 4 
[DEBUG] ApplyCheckerMove AFTER: Player 0, Move: (pos=22, to=18, die=4) Dice: -1 4 4 4 
[DEBUG] ApplyCheckerMove BEFORE: Player 0, Move: (pos=18, to=14, die=4) Dice: -1 4 4 4 
[DEBUG] ApplyCheckerMove AFTER: Player 0, Move: (pos=18, to=14, die=4) Dice: -1 -1 4 4 
[DEBUG] ApplyCheckerMove BEFORE: Player 0, Move: (pos=14, to=10, die=4) Dice: -1 -1 4 4 
[DEBUG] ApplyCheckerMove AFTER: Player 0, Move: (pos=14, to=10, die=4) Dice: -1 -1 -1 4 
[DEBUG] ApplyCheckerMove BEFORE: Player 0, Move: (pos=23, to=19, die=4) Dice: -1 -1 -1 4 
[DEBUG] ApplyCheckerMove AFTER: Player 0, Move: (pos=23, to=19, die=4) Dice: -1 -1 -1 -1 
[DEBUG] ApplyCheckerMove BEFORE: Player 0, Move: (pos=22, to=18, die=4) Dice: 4 4 4 4 
[DEBUG] ApplyCheckerMove AFTER: Player 0, Move: (pos=22, to=18, die=4) Dice: -1 4 4 4 
[DEBUG] ApplyCheckerMove BEFORE: Player 0, Move: (pos=18, to=14, die=4) Dice: -1 4 4 4 
[DEBUG] ApplyCheckerMove AFTER: Player 0, Move: (pos=18, to=14, die=4) Dice: -1 -1 4 4 
[DEBUG] ApplyCheckerMove BEFORE: Player 0, Move: (pos=23, to=19, die=4) Dice: -1 -1 4 4 
[DEBUG] ApplyCheckerMove AFTER: Player 0, Move: (pos=23, to=19, die=4) Dice: -1 -1 -1 4 
[DEBUG] ApplyCheckerMove BEFORE: Player 0, Move: (pos=14, to=10, die=4) Dice: -1 -1 -1 4 
[DEBUG] ApplyCheckerMove AFTER: Player 0, Move: (pos=14, to=10, die=4) Dice: -1 -1 -1 -1 
[DEBUG] ApplyCheckerMove BEFORE: Player 0, Move: (pos=22, to=18, die=4) Dice: 4 4 4 4 
[DEBUG] ApplyCheckerMove AFTER: Player 0, Move: (pos=22, to=18, die=4) Dice: -1 4 4 4 
[DEBUG] ApplyCheckerMove BEFORE: Player 0, Move: (pos=18, to=14, die=4) Dice: -1 4 4 4 
[DEBUG] ApplyCheckerMove AFTER: Player 0, Move: (pos=18, to=14, die=4) Dice: -1 -1 4 4 
[DEBUG] ApplyCheckerMove BEFORE: Player 0, Move: (pos=23, to=19, die=4) Dice: -1 -1 4 4 
[DEBUG] ApplyCheckerMove AFTER: Player 0, Move: (pos=23, to=19, die=4) Dice: -1 -1 -1 4 
[DEBUG] ApplyCheckerMove BEFORE: Player 0, Move: (pos=19, to=15, die=4) Dice: -1 -1 -1 4 
[DEBUG] ApplyCheckerMove AFTER: Player 0, Move: (pos=19, to=15, die=4) Dice: -1 -1 -1 -1 
[DEBUG] ApplyCheckerMove BEFORE: Player 0, Move: (pos=22, to=18, die=4) Dice: 4 4 4 4 
[DEBUG] ApplyCheckerMove AFTER: Player 0, Move: (pos=22, to=18, die=4) Dice: -1 4 4 4 
[DEBUG] ApplyCheckerMove BEFORE: Player 0, Move: (pos=18, to=14, die=4) Dice: -1 4 4 4 
[DEBUG] ApplyCheckerMove AFTER: Player 0, Move: (pos=18, to=14, die=4) Dice: -1 -1 4 4 
[DEBUG] ApplyCheckerMove BEFORE: Player 0, Move: (pos=23, to=19, die=4) Dice: -1 -1 4 4 
[DEBUG] ApplyCheckerMove AFTER: Player 0, Move: (pos=23, to=19, die=4) Dice: -1 -1 -1 4 
[DEBUG] ApplyCheckerMove BEFORE: Player 0, Move: (pos=23, to=19, die=4) Dice: -1 -1 -1 4 
[DEBUG] ApplyCheckerMove AFTER: Player 0, Move: (pos=23, to=19, die=4) Dice: -1 -1 -1 -1 
[DEBUG] ApplyCheckerMove BEFORE: Player 0, Move: (pos=22, to=18, die=4) Dice: 4 4 4 4 
[DEBUG] ApplyCheckerMove AFTER: Player 0, Move: (pos=22, to=18, die=4) Dice: -1 4 4 4 
[DEBUG] ApplyCheckerMove BEFORE: Player 0, Move: (pos=23, to=19, die=4) Dice: -1 4 4 4 
[DEBUG] ApplyCheckerMove AFTER: Player 0, Move: (pos=23, to=19, die=4) Dice: -1 -1 4 4 
[DEBUG] ApplyCheckerMove BEFORE: Player 0, Move: (pos=18, to=14, die=4) Dice: -1 -1 4 4 
[DEBUG] ApplyCheckerMove AFTER: Player 0, Move: (pos=18, to=14, die=4) Dice: -1 -1 -1 4 
[DEBUG] ApplyCheckerMove BEFORE: Player 0, Move: (pos=14, to=10, die=4) Dice: -1 -1 -1 4 
[DEBUG] ApplyCheckerMove AFTER: Player 0, Move: (pos=14, to=10, die=4) Dice: -1 -1 -1 -1 
[DEBUG] ApplyCheckerMove BEFORE: Player 0, Move: (pos=22, to=18, die=4) Dice: 4 4 4 4 
[DEBUG] ApplyCheckerMove AFTER: Player 0, Move: (pos=22, to=18, die=4) Dice: -1 4 4 4 
[DEBUG] ApplyCheckerMove BEFORE: Player 0, Move: (pos=23, to=19, die=4) Dice: -1 4 4 4 
[DEBUG] ApplyCheckerMove AFTER: Player 0, Move: (pos=23, to=19, die=4) Dice: -1 -1 4 4 
[DEBUG] ApplyCheckerMove BEFORE: Player 0, Move: (pos=18, to=14, die=4) Dice: -1 -1 4 4 
[DEBUG] ApplyCheckerMove AFTER: Player 0, Move: (pos=18, to=14, die=4) Dice: -1 -1 -1 4 
[DEBUG] ApplyCheckerMove BEFORE: Player 0, Move: (pos=19, to=15, die=4) Dice: -1 -1 -1 4 
[DEBUG] ApplyCheckerMove AFTER: Player 0, Move: (pos=19, to=15, die=4) Dice: -1 -1 -1 -1 
[DEBUG] ApplyCheckerMove BEFORE: Player 0, Move: (pos=22, to=18, die=4) Dice: 4 4 4 4 
[DEBUG] ApplyCheckerMove AFTER: Player 0, Move: (pos=22, to=18, die=4) Dice: -1 4 4 4 
[DEBUG] ApplyCheckerMove BEFORE: Player 0, Move: (pos=23, to=19, die=4) Dice: -1 4 4 4 
[DEBUG] ApplyCheckerMove AFTER: Player 0, Move: (pos=23, to=19, die=4) Dice: -1 -1 4 4 
[DEBUG] ApplyCheckerMove BEFORE: Player 0, Move: (pos=18, to=14, die=4) Dice: -1 -1 4 4 
[DEBUG] ApplyCheckerMove AFTER: Player 0, Move: (pos=18, to=14, die=4) Dice: -1 -1 -1 4 
[DEBUG] ApplyCheckerMove BEFORE: Player 0, Move: (pos=23, to=19, die=4) Dice: -1 -1 -1 4 
[DEBUG] ApplyCheckerMove AFTER: Player 0, Move: (pos=23, to=19, die=4) Dice: -1 -1 -1 -1 
[DEBUG] ApplyCheckerMove BEFORE: Player 0, Move: (pos=22, to=18, die=4) Dice: 4 4 4 4 
[DEBUG] ApplyCheckerMove AFTER: Player 0, Move: (pos=22, to=18, die=4) Dice: -1 4 4 4 
[DEBUG] ApplyCheckerMove BEFORE: Player 0, Move: (pos=23, to=19, die=4) Dice: -1 4 4 4 
[DEBUG] ApplyCheckerMove AFTER: Player 0, Move: (pos=23, to=19, die=4) Dice: -1 -1 4 4 
[DEBUG] ApplyCheckerMove BEFORE: Player 0, Move: (pos=19, to=15, die=4) Dice: -1 -1 4 4 
[DEBUG] ApplyCheckerMove AFTER: Player 0, Move: (pos=19, to=15, die=4) Dice: -1 -1 -1 4 
[DEBUG] ApplyCheckerMove BEFORE: Player 0, Move: (pos=18, to=14, die=4) Dice: -1 -1 -1 4 
[DEBUG] ApplyCheckerMove AFTER: Player 0, Move: (pos=18, to=14, die=4) Dice: -1 -1 -1 -1 
[DEBUG] ApplyCheckerMove BEFORE: Player 0, Move: (pos=22, to=18, die=4) Dice: 4 4 4 4 
[DEBUG] ApplyCheckerMove AFTER: Player 0, Move: (pos=22, to=18, die=4) Dice: -1 4 4 4 
[DEBUG] ApplyCheckerMove BEFORE: Player 0, Move: (pos=23, to=19, die=4) Dice: -1 4 4 4 
[DEBUG] ApplyCheckerMove AFTER: Player 0, Move: (pos=23, to=19, die=4) Dice: -1 -1 4 4 
[DEBUG] ApplyCheckerMove BEFORE: Player 0, Move: (pos=19, to=15, die=4) Dice: -1 -1 4 4 
[DEBUG] ApplyCheckerMove AFTER: Player 0, Move: (pos=19, to=15, die=4) Dice: -1 -1 -1 4 
[DEBUG] ApplyCheckerMove BEFORE: Player 0, Move: (pos=23, to=19, die=4) Dice: -1 -1 -1 4 
[DEBUG] ApplyCheckerMove AFTER: Player 0, Move: (pos=23, to=19, die=4) Dice: -1 -1 -1 -1 
[DEBUG] ApplyCheckerMove BEFORE: Player 0, Move: (pos=22, to=18, die=4) Dice: 4 4 4 4 
[DEBUG] ApplyCheckerMove AFTER: Player 0, Move: (pos=22, to=18, die=4) Dice: -1 4 4 4 
[DEBUG] ApplyCheckerMove BEFORE: Player 0, Move: (pos=23, to=19, die=4) Dice: -1 4 4 4 
[DEBUG] ApplyCheckerMove AFTER: Player 0, Move: (pos=23, to=19, die=4) Dice: -1 -1 4 4 
[DEBUG] ApplyCheckerMove BEFORE: Player 0, Move: (pos=23, to=19, die=4) Dice: -1 -1 4 4 
[DEBUG] ApplyCheckerMove AFTER: Player 0, Move: (pos=23, to=19, die=4) Dice: -1 -1 -1 4 
[DEBUG] ApplyCheckerMove BEFORE: Player 0, Move: (pos=18, to=14, die=4) Dice: -1 -1 -1 4 
[DEBUG] ApplyCheckerMove AFTER: Player 0, Move: (pos=18, to=14, die=4) Dice: -1 -1 -1 -1 
[DEBUG] ApplyCheckerMove BEFORE: Player 0, Move: (pos=22, to=18, die=4) Dice: 4 4 4 4 
[DEBUG] ApplyCheckerMove AFTER: Player 0, Move: (pos=22, to=18, die=4) Dice: -1 4 4 4 
[DEBUG] ApplyCheckerMove BEFORE: Player 0, Move: (pos=23, to=19, die=4) Dice: -1 4 4 4 
[DEBUG] ApplyCheckerMove AFTER: Player 0, Move: (pos=23, to=19, die=4) Dice: -1 -1 4 4 
[DEBUG] ApplyCheckerMove BEFORE: Player 0, Move: (pos=23, to=19, die=4) Dice: -1 -1 4 4 
[DEBUG] ApplyCheckerMove AFTER: Player 0, Move: (pos=23, to=19, die=4) Dice: -1 -1 -1 4 
[DEBUG] ApplyCheckerMove BEFORE: Player 0, Move: (pos=19, to=15, die=4) Dice: -1 -1 -1 4 
[DEBUG] ApplyCheckerMove AFTER: Player 0, Move: (pos=19, to=15, die=4) Dice: -1 -1 -1 -1 
[DEBUG] ApplyCheckerMove BEFORE: Player 0, Move: (pos=22, to=18, die=4) Dice: 4 4 4 4 
[DEBUG] ApplyCheckerMove AFTER: Player 0, Move: (pos=22, to=18, die=4) Dice: -1 4 4 4 
[DEBUG] ApplyCheckerMove BEFORE: Player 0, Move: (pos=23, to=19, die=4) Dice: -1 4 4 4 
[DEBUG] ApplyCheckerMove AFTER: Player 0, Move: (pos=23, to=19, die=4) Dice: -1 -1 4 4 
[DEBUG] ApplyCheckerMove BEFORE: Player 0, Move: (pos=23, to=19, die=4) Dice: -1 -1 4 4 
[DEBUG] ApplyCheckerMove AFTER: Player 0, Move: (pos=23, to=19, die=4) Dice: -1 -1 -1 4 
[DEBUG] ApplyCheckerMove BEFORE: Player 0, Move: (pos=23, to=19, die=4) Dice: -1 -1 -1 4 
[DEBUG] ApplyCheckerMove AFTER: Player 0, Move: (pos=23, to=19, die=4) Dice: -1 -1 -1 -1 
[DEBUG] ApplyCheckerMove BEFORE: Player 0, Move: (pos=23, to=19, die=4) Dice: 4 4 4 4 
[DEBUG] ApplyCheckerMove AFTER: Player 0, Move: (pos=23, to=19, die=4) Dice: -1 4 4 4 
[DEBUG] ApplyCheckerMove BEFORE: Player 0, Move: (pos=19, to=15, die=4) Dice: -1 4 4 4 
[DEBUG] ApplyCheckerMove AFTER: Player 0, Move: (pos=19, to=15, die=4) Dice: -1 -1 4 4 
[DEBUG] ApplyCheckerMove BEFORE: Player 0, Move: (pos=22, to=18, die=4) Dice: -1 -1 4 4 
[DEBUG] ApplyCheckerMove AFTER: Player 0, Move: (pos=22, to=18, die=4) Dice: -1 -1 -1 4 
[DEBUG] ApplyCheckerMove BEFORE: Player 0, Move: (pos=18, to=14, die=4) Dice: -1 -1 -1 4 
[DEBUG] ApplyCheckerMove AFTER: Player 0, Move: (pos=18, to=14, die=4) Dice: -1 -1 -1 -1 
[DEBUG] ApplyCheckerMove BEFORE: Player 0, Move: (pos=23, to=19, die=4) Dice: 4 4 4 4 
[DEBUG] ApplyCheckerMove AFTER: Player 0, Move: (pos=23, to=19, die=4) Dice: -1 4 4 4 
[DEBUG] ApplyCheckerMove BEFORE: Player 0, Move: (pos=19, to=15, die=4) Dice: -1 4 4 4 
[DEBUG] ApplyCheckerMove AFTER: Player 0, Move: (pos=19, to=15, die=4) Dice: -1 -1 4 4 
[DEBUG] ApplyCheckerMove BEFORE: Player 0, Move: (pos=22, to=18, die=4) Dice: -1 -1 4 4 
[DEBUG] ApplyCheckerMove AFTER: Player 0, Move: (pos=22, to=18, die=4) Dice: -1 -1 -1 4 
[DEBUG] ApplyCheckerMove BEFORE: Player 0, Move: (pos=23, to=19, die=4) Dice: -1 -1 -1 4 
[DEBUG] ApplyCheckerMove AFTER: Player 0, Move: (pos=23, to=19, die=4) Dice: -1 -1 -1 -1 
[DEBUG] ApplyCheckerMove BEFORE: Player 0, Move: (pos=23, to=19, die=4) Dice: 4 4 4 4 
[DEBUG] ApplyCheckerMove AFTER: Player 0, Move: (pos=23, to=19, die=4) Dice: -1 4 4 4 
[DEBUG] ApplyCheckerMove BEFORE: Player 0, Move: (pos=19, to=15, die=4) Dice: -1 4 4 4 
[DEBUG] ApplyCheckerMove AFTER: Player 0, Move: (pos=19, to=15, die=4) Dice: -1 -1 4 4 
[DEBUG] ApplyCheckerMove BEFORE: Player 0, Move: (pos=23, to=19, die=4) Dice: -1 -1 4 4 
[DEBUG] ApplyCheckerMove AFTER: Player 0, Move: (pos=23, to=19, die=4) Dice: -1 -1 -1 4 
[DEBUG] ApplyCheckerMove BEFORE: Player 0, Move: (pos=19, to=15, die=4) Dice: -1 -1 -1 4 
[DEBUG] ApplyCheckerMove AFTER: Player 0, Move: (pos=19, to=15, die=4) Dice: -1 -1 -1 -1 
[DEBUG] ApplyCheckerMove BEFORE: Player 0, Move: (pos=23, to=19, die=4) Dice: 4 4 4 4 
[DEBUG] ApplyCheckerMove AFTER: Player 0, Move: (pos=23, to=19, die=4) Dice: -1 4 4 4 
[DEBUG] ApplyCheckerMove BEFORE: Player 0, Move: (pos=19, to=15, die=4) Dice: -1 4 4 4 
[DEBUG] ApplyCheckerMove AFTER: Player 0, Move: (pos=19, to=15, die=4) Dice: -1 -1 4 4 
[DEBUG] ApplyCheckerMove BEFORE: Player 0, Move: (pos=23, to=19, die=4) Dice: -1 -1 4 4 
[DEBUG] ApplyCheckerMove AFTER: Player 0, Move: (pos=23, to=19, die=4) Dice: -1 -1 -1 4 
[DEBUG] ApplyCheckerMove BEFORE: Player 0, Move: (pos=22, to=18, die=4) Dice: -1 -1 -1 4 
[DEBUG] ApplyCheckerMove AFTER: Player 0, Move: (pos=22, to=18, die=4) Dice: -1 -1 -1 -1 
[DEBUG] ApplyCheckerMove BEFORE: Player 0, Move: (pos=23, to=19, die=4) Dice: 4 4 4 4 
[DEBUG] ApplyCheckerMove AFTER: Player 0, Move: (pos=23, to=19, die=4) Dice: -1 4 4 4 
[DEBUG] ApplyCheckerMove BEFORE: Player 0, Move: (pos=19, to=15, die=4) Dice: -1 4 4 4 
[DEBUG] ApplyCheckerMove AFTER: Player 0, Move: (pos=19, to=15, die=4) Dice: -1 -1 4 4 
[DEBUG] ApplyCheckerMove BEFORE: Player 0, Move: (pos=23, to=19, die=4) Dice: -1 -1 4 4 
[DEBUG] ApplyCheckerMove AFTER: Player 0, Move: (pos=23, to=19, die=4) Dice: -1 -1 -1 4 
[DEBUG] ApplyCheckerMove BEFORE: Player 0, Move: (pos=23, to=19, die=4) Dice: -1 -1 -1 4 
[DEBUG] ApplyCheckerMove AFTER: Player 0, Move: (pos=23, to=19, die=4) Dice: -1 -1 -1 -1 
[DEBUG] ApplyCheckerMove BEFORE: Player 0, Move: (pos=23, to=19, die=4) Dice: 4 4 4 4 
[DEBUG] ApplyCheckerMove AFTER: Player 0, Move: (pos=23, to=19, die=4) Dice: -1 4 4 4 
[DEBUG] ApplyCheckerMove BEFORE: Player 0, Move: (pos=22, to=18, die=4) Dice: -1 4 4 4 
[DEBUG] ApplyCheckerMove AFTER: Player 0, Move: (pos=22, to=18, die=4) Dice: -1 -1 4 4 
[DEBUG] ApplyCheckerMove BEFORE: Player 0, Move: (pos=18, to=14, die=4) Dice: -1 -1 4 4 
[DEBUG] ApplyCheckerMove AFTER: Player 0, Move: (pos=18, to=14, die=4) Dice: -1 -1 -1 4 
[DEBUG] ApplyCheckerMove BEFORE: Player 0, Move: (pos=14, to=10, die=4) Dice: -1 -1 -1 4 
[DEBUG] ApplyCheckerMove AFTER: Player 0, Move: (pos=14, to=10, die=4) Dice: -1 -1 -1 -1 
[DEBUG] ApplyCheckerMove BEFORE: Player 0, Move: (pos=23, to=19, die=4) Dice: 4 4 4 4 
[DEBUG] ApplyCheckerMove AFTER: Player 0, Move: (pos=23, to=19, die=4) Dice: -1 4 4 4 
[DEBUG] ApplyCheckerMove BEFORE: Player 0, Move: (pos=22, to=18, die=4) Dice: -1 4 4 4 
[DEBUG] ApplyCheckerMove AFTER: Player 0, Move: (pos=22, to=18, die=4) Dice: -1 -1 4 4 
[DEBUG] ApplyCheckerMove BEFORE: Player 0, Move: (pos=18, to=14, die=4) Dice: -1 -1 4 4 
[DEBUG] ApplyCheckerMove AFTER: Player 0, Move: (pos=18, to=14, die=4) Dice: -1 -1 -1 4 
[DEBUG] ApplyCheckerMove BEFORE: Player 0, Move: (pos=19, to=15, die=4) Dice: -1 -1 -1 4 
[DEBUG] ApplyCheckerMove AFTER: Player 0, Move: (pos=19, to=15, die=4) Dice: -1 -1 -1 -1 
[DEBUG] ApplyCheckerMove BEFORE: Player 0, Move: (pos=23, to=19, die=4) Dice: 4 4 4 4 
[DEBUG] ApplyCheckerMove AFTER: Player 0, Move: (pos=23, to=19, die=4) Dice: -1 4 4 4 
[DEBUG] ApplyCheckerMove BEFORE: Player 0, Move: (pos=22, to=18, die=4) Dice: -1 4 4 4 
[DEBUG] ApplyCheckerMove AFTER: Player 0, Move: (pos=22, to=18, die=4) Dice: -1 -1 4 4 
[DEBUG] ApplyCheckerMove BEFORE: Player 0, Move: (pos=18, to=14, die=4) Dice: -1 -1 4 4 
[DEBUG] ApplyCheckerMove AFTER: Player 0, Move: (pos=18, to=14, die=4) Dice: -1 -1 -1 4 
[DEBUG] ApplyCheckerMove BEFORE: Player 0, Move: (pos=23, to=19, die=4) Dice: -1 -1 -1 4 
[DEBUG] ApplyCheckerMove AFTER: Player 0, Move: (pos=23, to=19, die=4) Dice: -1 -1 -1 -1 
[DEBUG] ApplyCheckerMove BEFORE: Player 0, Move: (pos=23, to=19, die=4) Dice: 4 4 4 4 
[DEBUG] ApplyCheckerMove AFTER: Player 0, Move: (pos=23, to=19, die=4) Dice: -1 4 4 4 
[DEBUG] ApplyCheckerMove BEFORE: Player 0, Move: (pos=22, to=18, die=4) Dice: -1 4 4 4 
[DEBUG] ApplyCheckerMove AFTER: Player 0, Move: (pos=22, to=18, die=4) Dice: -1 -1 4 4 
[DEBUG] ApplyCheckerMove BEFORE: Player 0, Move: (pos=19, to=15, die=4) Dice: -1 -1 4 4 
[DEBUG] ApplyCheckerMove AFTER: Player 0, Move: (pos=19, to=15, die=4) Dice: -1 -1 -1 4 
[DEBUG] ApplyCheckerMove BEFORE: Player 0, Move: (pos=18, to=14, die=4) Dice: -1 -1 -1 4 
[DEBUG] ApplyCheckerMove AFTER: Player 0, Move: (pos=18, to=14, die=4) Dice: -1 -1 -1 -1 
[DEBUG] ApplyCheckerMove BEFORE: Player 0, Move: (pos=23, to=19, die=4) Dice: 4 4 4 4 
[DEBUG] ApplyCheckerMove AFTER: Player 0, Move: (pos=23, to=19, die=4) Dice: -1 4 4 4 
[DEBUG] ApplyCheckerMove BEFORE: Player 0, Move: (pos=22, to=18, die=4) Dice: -1 4 4 4 
[DEBUG] ApplyCheckerMove AFTER: Player 0, Move: (pos=22, to=18, die=4) Dice: -1 -1 4 4 
[DEBUG] ApplyCheckerMove BEFORE: Player 0, Move: (pos=19, to=15, die=4) Dice: -1 -1 4 4 
[DEBUG] ApplyCheckerMove AFTER: Player 0, Move: (pos=19, to=15, die=4) Dice: -1 -1 -1 4 
[DEBUG] ApplyCheckerMove BEFORE: Player 0, Move: (pos=23, to=19, die=4) Dice: -1 -1 -1 4 
[DEBUG] ApplyCheckerMove AFTER: Player 0, Move: (pos=23, to=19, die=4) Dice: -1 -1 -1 -1 
[DEBUG] ApplyCheckerMove BEFORE: Player 0, Move: (pos=23, to=19, die=4) Dice: 4 4 4 4 
[DEBUG] ApplyCheckerMove AFTER: Player 0, Move: (pos=23, to=19, die=4) Dice: -1 4 4 4 
[DEBUG] ApplyCheckerMove BEFORE: Player 0, Move: (pos=22, to=18, die=4) Dice: -1 4 4 4 
[DEBUG] ApplyCheckerMove AFTER: Player 0, Move: (pos=22, to=18, die=4) Dice: -1 -1 4 4 
[DEBUG] ApplyCheckerMove BEFORE: Player 0, Move: (pos=23, to=19, die=4) Dice: -1 -1 4 4 
[DEBUG] ApplyCheckerMove AFTER: Player 0, Move: (pos=23, to=19, die=4) Dice: -1 -1 -1 4 
[DEBUG] ApplyCheckerMove BEFORE: Player 0, Move: (pos=18, to=14, die=4) Dice: -1 -1 -1 4 
[DEBUG] ApplyCheckerMove AFTER: Player 0, Move: (pos=18, to=14, die=4) Dice: -1 -1 -1 -1 
[DEBUG] ApplyCheckerMove BEFORE: Player 0, Move: (pos=23, to=19, die=4) Dice: 4 4 4 4 
[DEBUG] ApplyCheckerMove AFTER: Player 0, Move: (pos=23, to=19, die=4) Dice: -1 4 4 4 
[DEBUG] ApplyCheckerMove BEFORE: Player 0, Move: (pos=22, to=18, die=4) Dice: -1 4 4 4 
[DEBUG] ApplyCheckerMove AFTER: Player 0, Move: (pos=22, to=18, die=4) Dice: -1 -1 4 4 
[DEBUG] ApplyCheckerMove BEFORE: Player 0, Move: (pos=23, to=19, die=4) Dice: -1 -1 4 4 
[DEBUG] ApplyCheckerMove AFTER: Player 0, Move: (pos=23, to=19, die=4) Dice: -1 -1 -1 4 
[DEBUG] ApplyCheckerMove BEFORE: Player 0, Move: (pos=19, to=15, die=4) Dice: -1 -1 -1 4 
[DEBUG] ApplyCheckerMove AFTER: Player 0, Move: (pos=19, to=15, die=4) Dice: -1 -1 -1 -1 
[DEBUG] ApplyCheckerMove BEFORE: Player 0, Move: (pos=23, to=19, die=4) Dice: 4 4 4 4 
[DEBUG] ApplyCheckerMove AFTER: Player 0, Move: (pos=23, to=19, die=4) Dice: -1 4 4 4 
[DEBUG] ApplyCheckerMove BEFORE: Player 0, Move: (pos=22, to=18, die=4) Dice: -1 4 4 4 
[DEBUG] ApplyCheckerMove AFTER: Player 0, Move: (pos=22, to=18, die=4) Dice: -1 -1 4 4 
[DEBUG] ApplyCheckerMove BEFORE: Player 0, Move: (pos=23, to=19, die=4) Dice: -1 -1 4 4 
[DEBUG] ApplyCheckerMove AFTER: Player 0, Move: (pos=23, to=19, die=4) Dice: -1 -1 -1 4 
[DEBUG] ApplyCheckerMove BEFORE: Player 0, Move: (pos=23, to=19, die=4) Dice: -1 -1 -1 4 
[DEBUG] ApplyCheckerMove AFTER: Player 0, Move: (pos=23, to=19, die=4) Dice: -1 -1 -1 -1 
[DEBUG] ApplyCheckerMove BEFORE: Player 0, Move: (pos=23, to=19, die=4) Dice: 4 4 4 4 
[DEBUG] ApplyCheckerMove AFTER: Player 0, Move: (pos=23, to=19, die=4) Dice: -1 4 4 4 
[DEBUG] ApplyCheckerMove BEFORE: Player 0, Move: (pos=23, to=19, die=4) Dice: -1 4 4 4 
[DEBUG] ApplyCheckerMove AFTER: Player 0, Move: (pos=23, to=19, die=4) Dice: -1 -1 4 4 
[DEBUG] ApplyCheckerMove BEFORE: Player 0, Move: (pos=19, to=15, die=4) Dice: -1 -1 4 4 
[DEBUG] ApplyCheckerMove AFTER: Player 0, Move: (pos=19, to=15, die=4) Dice: -1 -1 -1 4 
[DEBUG] ApplyCheckerMove BEFORE: Player 0, Move: (pos=19, to=15, die=4) Dice: -1 -1 -1 4 
[DEBUG] ApplyCheckerMove AFTER: Player 0, Move: (pos=19, to=15, die=4) Dice: -1 -1 -1 -1 
[DEBUG] ApplyCheckerMove BEFORE: Player 0, Move: (pos=23, to=19, die=4) Dice: 4 4 4 4 
[DEBUG] ApplyCheckerMove AFTER: Player 0, Move: (pos=23, to=19, die=4) Dice: -1 4 4 4 
[DEBUG] ApplyCheckerMove BEFORE: Player 0, Move: (pos=23, to=19, die=4) Dice: -1 4 4 4 
[DEBUG] ApplyCheckerMove AFTER: Player 0, Move: (pos=23, to=19, die=4) Dice: -1 -1 4 4 
[DEBUG] ApplyCheckerMove BEFORE: Player 0, Move: (pos=19, to=15, die=4) Dice: -1 -1 4 4 
[DEBUG] ApplyCheckerMove AFTER: Player 0, Move: (pos=19, to=15, die=4) Dice: -1 -1 -1 4 
[DEBUG] ApplyCheckerMove BEFORE: Player 0, Move: (pos=22, to=18, die=4) Dice: -1 -1 -1 4 
[DEBUG] ApplyCheckerMove AFTER: Player 0, Move: (pos=22, to=18, die=4) Dice: -1 -1 -1 -1 
[DEBUG] ApplyCheckerMove BEFORE: Player 0, Move: (pos=23, to=19, die=4) Dice: 4 4 4 4 
[DEBUG] ApplyCheckerMove AFTER: Player 0, Move: (pos=23, to=19, die=4) Dice: -1 4 4 4 
[DEBUG] ApplyCheckerMove BEFORE: Player 0, Move: (pos=23, to=19, die=4) Dice: -1 4 4 4 
[DEBUG] ApplyCheckerMove AFTER: Player 0, Move: (pos=23, to=19, die=4) Dice: -1 -1 4 4 
[DEBUG] ApplyCheckerMove BEFORE: Player 0, Move: (pos=19, to=15, die=4) Dice: -1 -1 4 4 
[DEBUG] ApplyCheckerMove AFTER: Player 0, Move: (pos=19, to=15, die=4) Dice: -1 -1 -1 4 
[DEBUG] ApplyCheckerMove BEFORE: Player 0, Move: (pos=23, to=19, die=4) Dice: -1 -1 -1 4 
[DEBUG] ApplyCheckerMove AFTER: Player 0, Move: (pos=23, to=19, die=4) Dice: -1 -1 -1 -1 
[DEBUG] ApplyCheckerMove BEFORE: Player 0, Move: (pos=23, to=19, die=4) Dice: 4 4 4 4 
[DEBUG] ApplyCheckerMove AFTER: Player 0, Move: (pos=23, to=19, die=4) Dice: -1 4 4 4 
[DEBUG] ApplyCheckerMove BEFORE: Player 0, Move: (pos=23, to=19, die=4) Dice: -1 4 4 4 
[DEBUG] ApplyCheckerMove AFTER: Player 0, Move: (pos=23, to=19, die=4) Dice: -1 -1 4 4 
[DEBUG] ApplyCheckerMove BEFORE: Player 0, Move: (pos=22, to=18, die=4) Dice: -1 -1 4 4 
[DEBUG] ApplyCheckerMove AFTER: Player 0, Move: (pos=22, to=18, die=4) Dice: -1 -1 -1 4 
[DEBUG] ApplyCheckerMove BEFORE: Player 0, Move: (pos=18, to=14, die=4) Dice: -1 -1 -1 4 
[DEBUG] ApplyCheckerMove AFTER: Player 0, Move: (pos=18, to=14, die=4) Dice: -1 -1 -1 -1 
[DEBUG] ApplyCheckerMove BEFORE: Player 0, Move: (pos=23, to=19, die=4) Dice: 4 4 4 4 
[DEBUG] ApplyCheckerMove AFTER: Player 0, Move: (pos=23, to=19, die=4) Dice: -1 4 4 4 
[DEBUG] ApplyCheckerMove BEFORE: Player 0, Move: (pos=23, to=19, die=4) Dice: -1 4 4 4 
[DEBUG] ApplyCheckerMove AFTER: Player 0, Move: (pos=23, to=19, die=4) Dice: -1 -1 4 4 
[DEBUG] ApplyCheckerMove BEFORE: Player 0, Move: (pos=22, to=18, die=4) Dice: -1 -1 4 4 
[DEBUG] ApplyCheckerMove AFTER: Player 0, Move: (pos=22, to=18, die=4) Dice: -1 -1 -1 4 
[DEBUG] ApplyCheckerMove BEFORE: Player 0, Move: (pos=19, to=15, die=4) Dice: -1 -1 -1 4 
[DEBUG] ApplyCheckerMove AFTER: Player 0, Move: (pos=19, to=15, die=4) Dice: -1 -1 -1 -1 
[DEBUG] ApplyCheckerMove BEFORE: Player 0, Move: (pos=23, to=19, die=4) Dice: 4 4 4 4 
[DEBUG] ApplyCheckerMove AFTER: Player 0, Move: (pos=23, to=19, die=4) Dice: -1 4 4 4 
[DEBUG] ApplyCheckerMove BEFORE: Player 0, Move: (pos=23, to=19, die=4) Dice: -1 4 4 4 
[DEBUG] ApplyCheckerMove AFTER: Player 0, Move: (pos=23, to=19, die=4) Dice: -1 -1 4 4 
[DEBUG] ApplyCheckerMove BEFORE: Player 0, Move: (pos=22, to=18, die=4) Dice: -1 -1 4 4 
[DEBUG] ApplyCheckerMove AFTER: Player 0, Move: (pos=22, to=18, die=4) Dice: -1 -1 -1 4 
[DEBUG] ApplyCheckerMove BEFORE: Player 0, Move: (pos=23, to=19, die=4) Dice: -1 -1 -1 4 
[DEBUG] ApplyCheckerMove AFTER: Player 0, Move: (pos=23, to=19, die=4) Dice: -1 -1 -1 -1 
[DEBUG] ApplyCheckerMove BEFORE: Player 0, Move: (pos=23, to=19, die=4) Dice: 4 4 4 4 
[DEBUG] ApplyCheckerMove AFTER: Player 0, Move: (pos=23, to=19, die=4) Dice: -1 4 4 4 
[DEBUG] ApplyCheckerMove BEFORE: Player 0, Move: (pos=23, to=19, die=4) Dice: -1 4 4 4 
[DEBUG] ApplyCheckerMove AFTER: Player 0, Move: (pos=23, to=19, die=4) Dice: -1 -1 4 4 
[DEBUG] ApplyCheckerMove BEFORE: Player 0, Move: (pos=23, to=19, die=4) Dice: -1 -1 4 4 
[DEBUG] ApplyCheckerMove AFTER: Player 0, Move: (pos=23, to=19, die=4) Dice: -1 -1 -1 4 
[DEBUG] ApplyCheckerMove BEFORE: Player 0, Move: (pos=19, to=15, die=4) Dice: -1 -1 -1 4 
[DEBUG] ApplyCheckerMove AFTER: Player 0, Move: (pos=19, to=15, die=4) Dice: -1 -1 -1 -1 
[DEBUG] ApplyCheckerMove BEFORE: Player 0, Move: (pos=23, to=19, die=4) Dice: 4 4 4 4 
[DEBUG] ApplyCheckerMove AFTER: Player 0, Move: (pos=23, to=19, die=4) Dice: -1 4 4 4 
[DEBUG] ApplyCheckerMove BEFORE: Player 0, Move: (pos=23, to=19, die=4) Dice: -1 4 4 4 
[DEBUG] ApplyCheckerMove AFTER: Player 0, Move: (pos=23, to=19, die=4) Dice: -1 -1 4 4 
[DEBUG] ApplyCheckerMove BEFORE: Player 0, Move: (pos=23, to=19, die=4) Dice: -1 -1 4 4 
[DEBUG] ApplyCheckerMove AFTER: Player 0, Move: (pos=23, to=19, die=4) Dice: -1 -1 -1 4 
[DEBUG] ApplyCheckerMove BEFORE: Player 0, Move: (pos=22, to=18, die=4) Dice: -1 -1 -1 4 
[DEBUG] ApplyCheckerMove AFTER: Player 0, Move: (pos=22, to=18, die=4) Dice: -1 -1 -1 -1 
[DEBUG] ApplyCheckerMove BEFORE: Player 0, Move: (pos=23, to=19, die=4) Dice: 4 4 4 4 
[DEBUG] ApplyCheckerMove AFTER: Player 0, Move: (pos=23, to=19, die=4) Dice: -1 4 4 4 
[DEBUG] ApplyCheckerMove BEFORE: Player 0, Move: (pos=23, to=19, die=4) Dice: -1 4 4 4 
[DEBUG] ApplyCheckerMove AFTER: Player 0, Move: (pos=23, to=19, die=4) Dice: -1 -1 4 4 
[DEBUG] ApplyCheckerMove BEFORE: Player 0, Move: (pos=23, to=19, die=4) Dice: -1 -1 4 4 
[DEBUG] ApplyCheckerMove AFTER: Player 0, Move: (pos=23, to=19, die=4) Dice: -1 -1 -1 4 
[DEBUG] ApplyCheckerMove BEFORE: Player 0, Move: (pos=23, to=19, die=4) Dice: -1 -1 -1 4 
[DEBUG] ApplyCheckerMove AFTER: Player 0, Move: (pos=23, to=19, die=4) Dice: -1 -1 -1 -1 
[DEBUG FBS Exit] Returning filtered_movelist (35):
  Seq:  {22,18,4} {18,14,4} {14,10,4} {10,6,4}
  Seq:  {22,18,4} {18,14,4} {14,10,4} {23,19,4}
  Seq:  {22,18,4} {18,14,4} {23,19,4} {14,10,4}
  Seq:  {22,18,4} {18,14,4} {23,19,4} {19,15,4}
  Seq:  {22,18,4} {18,14,4} {23,19,4} {23,19,4}
  Seq:  {22,18,4} {23,19,4} {18,14,4} {14,10,4}
  Seq:  {22,18,4} {23,19,4} {18,14,4} {19,15,4}
  Seq:  {22,18,4} {23,19,4} {18,14,4} {23,19,4}
  Seq:  {22,18,4} {23,19,4} {19,15,4} {18,14,4}
  Seq:  {22,18,4} {23,19,4} {19,15,4} {23,19,4}
  Seq:  {22,18,4} {23,19,4} {23,19,4} {18,14,4}
  Seq:  {22,18,4} {23,19,4} {23,19,4} {19,15,4}
  Seq:  {22,18,4} {23,19,4} {23,19,4} {23,19,4}
  Seq:  {23,19,4} {19,15,4} {22,18,4} {18,14,4}
  Seq:  {23,19,4} {19,15,4} {22,18,4} {23,19,4}
  Seq:  {23,19,4} {19,15,4} {23,19,4} {19,15,4}
  Seq:  {23,19,4} {19,15,4} {23,19,4} {22,18,4}
  Seq:  {23,19,4} {19,15,4} {23,19,4} {23,19,4}
  Seq:  {23,19,4} {22,18,4} {18,14,4} {14,10,4}
  Seq:  {23,19,4} {22,18,4} {18,14,4} {19,15,4}
  Seq:  {23,19,4} {22,18,4} {18,14,4} {23,19,4}
  Seq:  {23,19,4} {22,18,4} {19,15,4} {18,14,4}
  Seq:  {23,19,4} {22,18,4} {19,15,4} {23,19,4}
  Seq:  {23,19,4} {22,18,4} {23,19,4} {18,14,4}
  Seq:  {23,19,4} {22,18,4} {23,19,4} {19,15,4}
  Seq:  {23,19,4} {22,18,4} {23,19,4} {23,19,4}
  Seq:  {23,19,4} {23,19,4} {19,15,4} {19,15,4}
  Seq:  {23,19,4} {23,19,4} {19,15,4} {22,18,4}
  Seq:  {23,19,4} {23,19,4} {19,15,4} {23,19,4}
  Seq:  {23,19,4} {23,19,4} {22,18,4} {18,14,4}
  Seq:  {23,19,4} {23,19,4} {22,18,4} {19,15,4}
  Seq:  {23,19,4} {23,19,4} {22,18,4} {23,19,4}
  Seq:  {23,19,4} {23,19,4} {23,19,4} {19,15,4}
  Seq:  {23,19,4} {23,19,4} {23,19,4} {22,18,4}
  Seq:  {23,19,4} {23,19,4} {23,19,4} {23,19,4}
[DEBUG DoApplyAction] Enter half-move branch with move_id=22 and moves_remaining_=4
[DEBUG DoApplyAction] Decoded move: (pos=22, die=4)
[DEBUG] ApplyCheckerMove BEFORE: Player 0, Move: (pos=22, to=18, die=4) Dice: 4 4 4 4 
[DEBUG] ApplyCheckerMove AFTER: Player 0, Move: (pos=22, to=18, die=4) Dice: -1 4 4 4 
[DEBUG DoApplyAction] After ApplyCheckerMove, moves_remaining_ will be 3
[DEBUG DoApplyAction] Exiting with moves_remaining_=3
[DEBUG DoApplyAction] Enter half-move branch with move_id=23 and moves_remaining_=4
[DEBUG DoApplyAction] Decoded move: (pos=23, die=4)
[DEBUG] ApplyCheckerMove BEFORE: Player 0, Move: (pos=23, to=19, die=4) Dice: 4 4 4 4 
[DEBUG] ApplyCheckerMove AFTER: Player 0, Move: (pos=23, to=19, die=4) Dice: -1 4 4 4 
[DEBUG DoApplyAction] After ApplyCheckerMove, moves_remaining_ will be 3
[DEBUG DoApplyAction] Exiting with moves_remaining_=3
✓ Head rule non-first-turn test passed

=== Running MovementDirectionTest ===
[DEBUG SetupDice] Input dice: {3, 2, 0, 0}
[DEBUG SetupDice] Assigned state->dice_: {3, 2, 0, 0}
[DEBUG SetupDice] Assigned state->initial_dice_: {3, 2}
[DEBUG ILM ENTRY] IterativeLegalMoves function entered.
[DEBUG ILM Popped State] Depth: 0 | Player: 0 | Dice: 3 2 | Initial: [3 2 ] | Seq Size: 0
  Generated 4 half-moves: [18->15/3] [18->16/2] [23->20/3] [23->21/2] 
[DEBUG] ApplyCheckerMove BEFORE: Player 0, Move: (pos=18, to=15, die=3) Dice: 3 2 0 0 
[DEBUG] ApplyCheckerMove AFTER: Player 0, Move: (pos=18, to=15, die=3) Dice: -1 2 0 0 
[DEBUG ILM Before Push (Clone)] Player: 0 | Dice: -1(u) 2 | Initial: [3 2 ]
[DEBUG ILM After Push (Clone)] Top State - Player: 0 | Dice: -1(u) 2 | Initial: [3 2 ][DEBUG] UndoCheckerMove BEFORE: Player 0, Move: (pos=18, to=15, die=3) Dice: -1 2 0 0 
[DEBUG] UndoCheckerMove AFTER: Player 0, Move: (pos=18, to=15, die=3) Dice: 3 2 0 0 
[DEBUG] ApplyCheckerMove BEFORE: Player 0, Move: (pos=18, to=16, die=2) Dice: 3 2 0 0 
[DEBUG] ApplyCheckerMove AFTER: Player 0, Move: (pos=18, to=16, die=2) Dice: 3 -1 0 0 
[DEBUG ILM Before Push (Clone)] Player: 0 | Dice: 3 -1(u) | Initial: [3 2 ]
[DEBUG ILM After Push (Clone)] Top State - Player: 0 | Dice: 3 -1(u) | Initial: [3 2 ][DEBUG] UndoCheckerMove BEFORE: Player 0, Move: (pos=18, to=16, die=2) Dice: 3 -1 0 0 
[DEBUG] UndoCheckerMove AFTER: Player 0, Move: (pos=18, to=16, die=2) Dice: 3 2 0 0 
[DEBUG] ApplyCheckerMove BEFORE: Player 0, Move: (pos=23, to=20, die=3) Dice: 3 2 0 0 
[DEBUG] ApplyCheckerMove AFTER: Player 0, Move: (pos=23, to=20, die=3) Dice: -1 2 0 0 
[DEBUG ILM Before Push (Clone)] Player: 0 | Dice: -1(u) 2 | Initial: [3 2 ]
[DEBUG ILM After Push (Clone)] Top State - Player: 0 | Dice: -1(u) 2 | Initial: [3 2 ][DEBUG] UndoCheckerMove BEFORE: Player 0, Move: (pos=23, to=20, die=3) Dice: -1 2 0 0 
[DEBUG] UndoCheckerMove AFTER: Player 0, Move: (pos=23, to=20, die=3) Dice: 3 2 0 0 
[DEBUG] ApplyCheckerMove BEFORE: Player 0, Move: (pos=23, to=21, die=2) Dice: 3 2 0 0 
[DEBUG] ApplyCheckerMove AFTER: Player 0, Move: (pos=23, to=21, die=2) Dice: 3 -1 0 0 
[DEBUG ILM Before Push (Move)] Player: 0 | Dice: 3 -1(u) | Initial: [3 2 ]
[DEBUG ILM After Push (Move)] Top State - Player: 0 | Dice: 3 -1(u) | Initial: [3 2 ][DEBUG ILM Popped State] Depth: 1 | Player: 0 | Dice: 3 -1(u) | Initial: [3 2 ] | Seq Size: 1
  Generated 2 half-moves: [18->15/3] [21->18/3] 
[DEBUG] ApplyCheckerMove BEFORE: Player 0, Move: (pos=18, to=15, die=3) Dice: 3 -1 0 0 
[DEBUG] ApplyCheckerMove AFTER: Player 0, Move: (pos=18, to=15, die=3) Dice: -1 -1 0 0 
[DEBUG ILM Before Push (Clone)] Player: 0 | Dice: -1(u) -1(u) | Initial: [3 2 ]
[DEBUG ILM After Push (Clone)] Top State - Player: 0 | Dice: -1(u) -1(u) | Initial: [3 2 ][DEBUG] UndoCheckerMove BEFORE: Player 0, Move: (pos=18, to=15, die=3) Dice: -1 -1 0 0 
[DEBUG] UndoCheckerMove AFTER: Player 0, Move: (pos=18, to=15, die=3) Dice: 3 -1 0 0 
[DEBUG] ApplyCheckerMove BEFORE: Player 0, Move: (pos=21, to=18, die=3) Dice: 3 -1 0 0 
[DEBUG] ApplyCheckerMove AFTER: Player 0, Move: (pos=21, to=18, die=3) Dice: -1 -1 0 0 
[DEBUG ILM Before Push (Move)] Player: 0 | Dice: -1(u) -1(u) | Initial: [3 2 ]
[DEBUG ILM After Push (Move)] Top State - Player: 0 | Dice: -1(u) -1(u) | Initial: [3 2 ][DEBUG ILM Popped State] Depth: 2 | Player: 0 | Dice: -1(u) -1(u) | Initial: [3 2 ] | Seq Size: 2
  Generated 1 half-moves: [-1->-1/1] 
[DEBUG ILM ADD SEQ NOBRANCH/LIMIT] Depth=2: {23,21,2} {21,18,3}
[DEBUG ILM Popped State] Depth: 2 | Player: 0 | Dice: -1(u) -1(u) | Initial: [3 2 ] | Seq Size: 2
  Generated 1 half-moves: [-1->-1/1] 
[DEBUG ILM ADD SEQ NOBRANCH/LIMIT] Depth=2: {23,21,2} {18,15,3}
[DEBUG ILM Popped State] Depth: 1 | Player: 0 | Dice: -1(u) 2 | Initial: [3 2 ] | Seq Size: 1
  Generated 2 half-moves: [18->16/2] [20->18/2] 
[DEBUG] ApplyCheckerMove BEFORE: Player 0, Move: (pos=18, to=16, die=2) Dice: -1 2 0 0 
[DEBUG] ApplyCheckerMove AFTER: Player 0, Move: (pos=18, to=16, die=2) Dice: -1 -1 0 0 
[DEBUG ILM Before Push (Clone)] Player: 0 | Dice: -1(u) -1(u) | Initial: [3 2 ]
[DEBUG ILM After Push (Clone)] Top State - Player: 0 | Dice: -1(u) -1(u) | Initial: [3 2 ][DEBUG] UndoCheckerMove BEFORE: Player 0, Move: (pos=18, to=16, die=2) Dice: -1 -1 0 0 
[DEBUG] UndoCheckerMove AFTER: Player 0, Move: (pos=18, to=16, die=2) Dice: 2 -1 0 0 
[DEBUG] ApplyCheckerMove BEFORE: Player 0, Move: (pos=20, to=18, die=2) Dice: 2 -1 0 0 
[DEBUG] ApplyCheckerMove AFTER: Player 0, Move: (pos=20, to=18, die=2) Dice: -1 -1 0 0 
[DEBUG ILM Before Push (Move)] Player: 0 | Dice: -1(u) -1(u) | Initial: [3 2 ]
[DEBUG ILM After Push (Move)] Top State - Player: 0 | Dice: -1(u) -1(u) | Initial: [3 2 ][DEBUG ILM Popped State] Depth: 2 | Player: 0 | Dice: -1(u) -1(u) | Initial: [3 2 ] | Seq Size: 2
  Generated 1 half-moves: [-1->-1/1] 
[DEBUG ILM ADD SEQ NOBRANCH/LIMIT] Depth=2: {23,20,3} {20,18,2}
[DEBUG ILM Popped State] Depth: 2 | Player: 0 | Dice: -1(u) -1(u) | Initial: [3 2 ] | Seq Size: 2
  Generated 1 half-moves: [-1->-1/1] 
[DEBUG ILM ADD SEQ NOBRANCH/LIMIT] Depth=2: {23,20,3} {18,16,2}
[DEBUG ILM Popped State] Depth: 1 | Player: 0 | Dice: 3 -1(u) | Initial: [3 2 ] | Seq Size: 1
  Generated 2 half-moves: [16->13/3] [23->20/3] 
[DEBUG] ApplyCheckerMove BEFORE: Player 0, Move: (pos=16, to=13, die=3) Dice: 3 -1 0 0 
[DEBUG] ApplyCheckerMove AFTER: Player 0, Move: (pos=16, to=13, die=3) Dice: -1 -1 0 0 
[DEBUG ILM Before Push (Clone)] Player: 0 | Dice: -1(u) -1(u) | Initial: [3 2 ]
[DEBUG ILM After Push (Clone)] Top State - Player: 0 | Dice: -1(u) -1(u) | Initial: [3 2 ][DEBUG] UndoCheckerMove BEFORE: Player 0, Move: (pos=16, to=13, die=3) Dice: -1 -1 0 0 
[DEBUG] UndoCheckerMove AFTER: Player 0, Move: (pos=16, to=13, die=3) Dice: 3 -1 0 0 
[DEBUG] ApplyCheckerMove BEFORE: Player 0, Move: (pos=23, to=20, die=3) Dice: 3 -1 0 0 
[DEBUG] ApplyCheckerMove AFTER: Player 0, Move: (pos=23, to=20, die=3) Dice: -1 -1 0 0 
[DEBUG ILM Before Push (Move)] Player: 0 | Dice: -1(u) -1(u) | Initial: [3 2 ]
[DEBUG ILM After Push (Move)] Top State - Player: 0 | Dice: -1(u) -1(u) | Initial: [3 2 ][DEBUG ILM Popped State] Depth: 2 | Player: 0 | Dice: -1(u) -1(u) | Initial: [3 2 ] | Seq Size: 2
  Generated 1 half-moves: [-1->-1/1] 
[DEBUG ILM ADD SEQ NOBRANCH/LIMIT] Depth=2: {18,16,2} {23,20,3}
[DEBUG ILM Popped State] Depth: 2 | Player: 0 | Dice: -1(u) -1(u) | Initial: [3 2 ] | Seq Size: 2
  Generated 1 half-moves: [-1->-1/1] 
[DEBUG ILM ADD SEQ NOBRANCH/LIMIT] Depth=2: {18,16,2} {16,13,3}
[DEBUG ILM Popped State] Depth: 1 | Player: 0 | Dice: -1(u) 2 | Initial: [3 2 ] | Seq Size: 1
  Generated 2 half-moves: [15->13/2] [23->21/2] 
[DEBUG] ApplyCheckerMove BEFORE: Player 0, Move: (pos=15, to=13, die=2) Dice: -1 2 0 0 
[DEBUG] ApplyCheckerMove AFTER: Player 0, Move: (pos=15, to=13, die=2) Dice: -1 -1 0 0 
[DEBUG ILM Before Push (Clone)] Player: 0 | Dice: -1(u) -1(u) | Initial: [3 2 ]
[DEBUG ILM After Push (Clone)] Top State - Player: 0 | Dice: -1(u) -1(u) | Initial: [3 2 ][DEBUG] UndoCheckerMove BEFORE: Player 0, Move: (pos=15, to=13, die=2) Dice: -1 -1 0 0 
[DEBUG] UndoCheckerMove AFTER: Player 0, Move: (pos=15, to=13, die=2) Dice: 2 -1 0 0 
[DEBUG] ApplyCheckerMove BEFORE: Player 0, Move: (pos=23, to=21, die=2) Dice: 2 -1 0 0 
[DEBUG] ApplyCheckerMove AFTER: Player 0, Move: (pos=23, to=21, die=2) Dice: -1 -1 0 0 
[DEBUG ILM Before Push (Move)] Player: 0 | Dice: -1(u) -1(u) | Initial: [3 2 ]
[DEBUG ILM After Push (Move)] Top State - Player: 0 | Dice: -1(u) -1(u) | Initial: [3 2 ][DEBUG ILM Popped State] Depth: 2 | Player: 0 | Dice: -1(u) -1(u) | Initial: [3 2 ] | Seq Size: 2
  Generated 1 half-moves: [-1->-1/1] 
[DEBUG ILM ADD SEQ NOBRANCH/LIMIT] Depth=2: {18,15,3} {23,21,2}
[DEBUG ILM Popped State] Depth: 2 | Player: 0 | Dice: -1(u) -1(u) | Initial: [3 2 ] | Seq Size: 2
  Generated 1 half-moves: [-1->-1/1] 
[DEBUG ILM ADD SEQ NOBRANCH/LIMIT] Depth=2: {18,15,3} {15,13,2}
[DEBUG FBS Entry] Player=0 Input movelist (8):
  Seq:  {18,15,3} {15,13,2}
  Seq:  {18,15,3} {23,21,2}
  Seq:  {18,16,2} {16,13,3}
  Seq:  {18,16,2} {23,20,3}
  Seq:  {23,20,3} {18,16,2}
  Seq:  {23,20,3} {20,18,2}
  Seq:  {23,21,2} {18,15,3}
  Seq:  {23,21,2} {21,18,3}
[DEBUG FBS Stats] longest_sequence=2, max_non_pass=2
[DEBUG] ApplyCheckerMove BEFORE: Player 0, Move: (pos=18, to=15, die=3) Dice: 3 2 0 0 
[DEBUG] ApplyCheckerMove AFTER: Player 0, Move: (pos=18, to=15, die=3) Dice: -1 2 0 0 
[DEBUG] ApplyCheckerMove BEFORE: Player 0, Move: (pos=15, to=13, die=2) Dice: -1 2 0 0 
[DEBUG] ApplyCheckerMove AFTER: Player 0, Move: (pos=15, to=13, die=2) Dice: -1 -1 0 0 
[DEBUG] ApplyCheckerMove BEFORE: Player 0, Move: (pos=18, to=15, die=3) Dice: 3 2 0 0 
[DEBUG] ApplyCheckerMove AFTER: Player 0, Move: (pos=18, to=15, die=3) Dice: -1 2 0 0 
[DEBUG] ApplyCheckerMove BEFORE: Player 0, Move: (pos=23, to=21, die=2) Dice: -1 2 0 0 
[DEBUG] ApplyCheckerMove AFTER: Player 0, Move: (pos=23, to=21, die=2) Dice: -1 -1 0 0 
[DEBUG] ApplyCheckerMove BEFORE: Player 0, Move: (pos=18, to=16, die=2) Dice: 3 2 0 0 
[DEBUG] ApplyCheckerMove AFTER: Player 0, Move: (pos=18, to=16, die=2) Dice: 3 -1 0 0 
[DEBUG] ApplyCheckerMove BEFORE: Player 0, Move: (pos=16, to=13, die=3) Dice: 3 -1 0 0 
[DEBUG] ApplyCheckerMove AFTER: Player 0, Move: (pos=16, to=13, die=3) Dice: -1 -1 0 0 
[DEBUG] ApplyCheckerMove BEFORE: Player 0, Move: (pos=18, to=16, die=2) Dice: 3 2 0 0 
[DEBUG] ApplyCheckerMove AFTER: Player 0, Move: (pos=18, to=16, die=2) Dice: 3 -1 0 0 
[DEBUG] ApplyCheckerMove BEFORE: Player 0, Move: (pos=23, to=20, die=3) Dice: 3 -1 0 0 
[DEBUG] ApplyCheckerMove AFTER: Player 0, Move: (pos=23, to=20, die=3) Dice: -1 -1 0 0 
[DEBUG] ApplyCheckerMove BEFORE: Player 0, Move: (pos=23, to=20, die=3) Dice: 3 2 0 0 
[DEBUG] ApplyCheckerMove AFTER: Player 0, Move: (pos=23, to=20, die=3) Dice: -1 2 0 0 
[DEBUG] ApplyCheckerMove BEFORE: Player 0, Move: (pos=18, to=16, die=2) Dice: -1 2 0 0 
[DEBUG] ApplyCheckerMove AFTER: Player 0, Move: (pos=18, to=16, die=2) Dice: -1 -1 0 0 
[DEBUG] ApplyCheckerMove BEFORE: Player 0, Move: (pos=23, to=20, die=3) Dice: 3 2 0 0 
[DEBUG] ApplyCheckerMove AFTER: Player 0, Move: (pos=23, to=20, die=3) Dice: -1 2 0 0 
[DEBUG] ApplyCheckerMove BEFORE: Player 0, Move: (pos=20, to=18, die=2) Dice: -1 2 0 0 
[DEBUG] ApplyCheckerMove AFTER: Player 0, Move: (pos=20, to=18, die=2) Dice: -1 -1 0 0 
[DEBUG] ApplyCheckerMove BEFORE: Player 0, Move: (pos=23, to=21, die=2) Dice: 3 2 0 0 
[DEBUG] ApplyCheckerMove AFTER: Player 0, Move: (pos=23, to=21, die=2) Dice: 3 -1 0 0 
[DEBUG] ApplyCheckerMove BEFORE: Player 0, Move: (pos=18, to=15, die=3) Dice: 3 -1 0 0 
[DEBUG] ApplyCheckerMove AFTER: Player 0, Move: (pos=18, to=15, die=3) Dice: -1 -1 0 0 
[DEBUG] ApplyCheckerMove BEFORE: Player 0, Move: (pos=23, to=21, die=2) Dice: 3 2 0 0 
[DEBUG] ApplyCheckerMove AFTER: Player 0, Move: (pos=23, to=21, die=2) Dice: 3 -1 0 0 
[DEBUG] ApplyCheckerMove BEFORE: Player 0, Move: (pos=21, to=18, die=3) Dice: 3 -1 0 0 
[DEBUG] ApplyCheckerMove AFTER: Player 0, Move: (pos=21, to=18, die=3) Dice: -1 -1 0 0 
[DEBUG FBS Exit] Returning filtered_movelist (8):
  Seq:  {18,15,3} {15,13,2}
  Seq:  {18,15,3} {23,21,2}
  Seq:  {18,16,2} {16,13,3}
  Seq:  {18,16,2} {23,20,3}
  Seq:  {23,20,3} {18,16,2}
  Seq:  {23,20,3} {20,18,2}
  Seq:  {23,21,2} {18,15,3}
  Seq:  {23,21,2} {21,18,3}
[DEBUG SetupDice] Input dice: {3, 2, 0, 0}
[DEBUG SetupDice] Assigned state->dice_: {3, 2, 0, 0}
[DEBUG SetupDice] Assigned state->initial_dice_: {3, 2}
[DEBUG ILM ENTRY] IterativeLegalMoves function entered.
[DEBUG ILM Popped State] Depth: 0 | Player: 0 | Dice: 3 2 | Initial: [3 2 ] | Seq Size: 0
  Generated 4 half-moves: [18->15/3] [18->16/2] [23->20/3] [23->21/2] 
[DEBUG] ApplyCheckerMove BEFORE: Player 0, Move: (pos=18, to=15, die=3) Dice: 3 2 0 0 
[DEBUG] ApplyCheckerMove AFTER: Player 0, Move: (pos=18, to=15, die=3) Dice: -1 2 0 0 
[DEBUG ILM Before Push (Clone)] Player: 0 | Dice: -1(u) 2 | Initial: [3 2 ]
[DEBUG ILM After Push (Clone)] Top State - Player: 0 | Dice: -1(u) 2 | Initial: [3 2 ][DEBUG] UndoCheckerMove BEFORE: Player 0, Move: (pos=18, to=15, die=3) Dice: -1 2 0 0 
[DEBUG] UndoCheckerMove AFTER: Player 0, Move: (pos=18, to=15, die=3) Dice: 3 2 0 0 
[DEBUG] ApplyCheckerMove BEFORE: Player 0, Move: (pos=18, to=16, die=2) Dice: 3 2 0 0 
[DEBUG] ApplyCheckerMove AFTER: Player 0, Move: (pos=18, to=16, die=2) Dice: 3 -1 0 0 
[DEBUG ILM Before Push (Clone)] Player: 0 | Dice: 3 -1(u) | Initial: [3 2 ]
[DEBUG ILM After Push (Clone)] Top State - Player: 0 | Dice: 3 -1(u) | Initial: [3 2 ][DEBUG] UndoCheckerMove BEFORE: Player 0, Move: (pos=18, to=16, die=2) Dice: 3 -1 0 0 
[DEBUG] UndoCheckerMove AFTER: Player 0, Move: (pos=18, to=16, die=2) Dice: 3 2 0 0 
[DEBUG] ApplyCheckerMove BEFORE: Player 0, Move: (pos=23, to=20, die=3) Dice: 3 2 0 0 
[DEBUG] ApplyCheckerMove AFTER: Player 0, Move: (pos=23, to=20, die=3) Dice: -1 2 0 0 
[DEBUG ILM Before Push (Clone)] Player: 0 | Dice: -1(u) 2 | Initial: [3 2 ]
[DEBUG ILM After Push (Clone)] Top State - Player: 0 | Dice: -1(u) 2 | Initial: [3 2 ][DEBUG] UndoCheckerMove BEFORE: Player 0, Move: (pos=23, to=20, die=3) Dice: -1 2 0 0 
[DEBUG] UndoCheckerMove AFTER: Player 0, Move: (pos=23, to=20, die=3) Dice: 3 2 0 0 
[DEBUG] ApplyCheckerMove BEFORE: Player 0, Move: (pos=23, to=21, die=2) Dice: 3 2 0 0 
[DEBUG] ApplyCheckerMove AFTER: Player 0, Move: (pos=23, to=21, die=2) Dice: 3 -1 0 0 
[DEBUG ILM Before Push (Move)] Player: 0 | Dice: 3 -1(u) | Initial: [3 2 ]
[DEBUG ILM After Push (Move)] Top State - Player: 0 | Dice: 3 -1(u) | Initial: [3 2 ][DEBUG ILM Popped State] Depth: 1 | Player: 0 | Dice: 3 -1(u) | Initial: [3 2 ] | Seq Size: 1
  Generated 2 half-moves: [18->15/3] [21->18/3] 
[DEBUG] ApplyCheckerMove BEFORE: Player 0, Move: (pos=18, to=15, die=3) Dice: 3 -1 0 0 
[DEBUG] ApplyCheckerMove AFTER: Player 0, Move: (pos=18, to=15, die=3) Dice: -1 -1 0 0 
[DEBUG ILM Before Push (Clone)] Player: 0 | Dice: -1(u) -1(u) | Initial: [3 2 ]
[DEBUG ILM After Push (Clone)] Top State - Player: 0 | Dice: -1(u) -1(u) | Initial: [3 2 ][DEBUG] UndoCheckerMove BEFORE: Player 0, Move: (pos=18, to=15, die=3) Dice: -1 -1 0 0 
[DEBUG] UndoCheckerMove AFTER: Player 0, Move: (pos=18, to=15, die=3) Dice: 3 -1 0 0 
[DEBUG] ApplyCheckerMove BEFORE: Player 0, Move: (pos=21, to=18, die=3) Dice: 3 -1 0 0 
[DEBUG] ApplyCheckerMove AFTER: Player 0, Move: (pos=21, to=18, die=3) Dice: -1 -1 0 0 
[DEBUG ILM Before Push (Move)] Player: 0 | Dice: -1(u) -1(u) | Initial: [3 2 ]
[DEBUG ILM After Push (Move)] Top State - Player: 0 | Dice: -1(u) -1(u) | Initial: [3 2 ][DEBUG ILM Popped State] Depth: 2 | Player: 0 | Dice: -1(u) -1(u) | Initial: [3 2 ] | Seq Size: 2
  Generated 1 half-moves: [-1->-1/1] 
[DEBUG ILM ADD SEQ NOBRANCH/LIMIT] Depth=2: {23,21,2} {21,18,3}
[DEBUG ILM Popped State] Depth: 2 | Player: 0 | Dice: -1(u) -1(u) | Initial: [3 2 ] | Seq Size: 2
  Generated 1 half-moves: [-1->-1/1] 
[DEBUG ILM ADD SEQ NOBRANCH/LIMIT] Depth=2: {23,21,2} {18,15,3}
[DEBUG ILM Popped State] Depth: 1 | Player: 0 | Dice: -1(u) 2 | Initial: [3 2 ] | Seq Size: 1
  Generated 2 half-moves: [18->16/2] [20->18/2] 
[DEBUG] ApplyCheckerMove BEFORE: Player 0, Move: (pos=18, to=16, die=2) Dice: -1 2 0 0 
[DEBUG] ApplyCheckerMove AFTER: Player 0, Move: (pos=18, to=16, die=2) Dice: -1 -1 0 0 
[DEBUG ILM Before Push (Clone)] Player: 0 | Dice: -1(u) -1(u) | Initial: [3 2 ]
[DEBUG ILM After Push (Clone)] Top State - Player: 0 | Dice: -1(u) -1(u) | Initial: [3 2 ][DEBUG] UndoCheckerMove BEFORE: Player 0, Move: (pos=18, to=16, die=2) Dice: -1 -1 0 0 
[DEBUG] UndoCheckerMove AFTER: Player 0, Move: (pos=18, to=16, die=2) Dice: 2 -1 0 0 
[DEBUG] ApplyCheckerMove BEFORE: Player 0, Move: (pos=20, to=18, die=2) Dice: 2 -1 0 0 
[DEBUG] ApplyCheckerMove AFTER: Player 0, Move: (pos=20, to=18, die=2) Dice: -1 -1 0 0 
[DEBUG ILM Before Push (Move)] Player: 0 | Dice: -1(u) -1(u) | Initial: [3 2 ]
[DEBUG ILM After Push (Move)] Top State - Player: 0 | Dice: -1(u) -1(u) | Initial: [3 2 ][DEBUG ILM Popped State] Depth: 2 | Player: 0 | Dice: -1(u) -1(u) | Initial: [3 2 ] | Seq Size: 2
  Generated 1 half-moves: [-1->-1/1] 
[DEBUG ILM ADD SEQ NOBRANCH/LIMIT] Depth=2: {23,20,3} {20,18,2}
[DEBUG ILM Popped State] Depth: 2 | Player: 0 | Dice: -1(u) -1(u) | Initial: [3 2 ] | Seq Size: 2
  Generated 1 half-moves: [-1->-1/1] 
[DEBUG ILM ADD SEQ NOBRANCH/LIMIT] Depth=2: {23,20,3} {18,16,2}
[DEBUG ILM Popped State] Depth: 1 | Player: 0 | Dice: 3 -1(u) | Initial: [3 2 ] | Seq Size: 1
  Generated 2 half-moves: [16->13/3] [23->20/3] 
[DEBUG] ApplyCheckerMove BEFORE: Player 0, Move: (pos=16, to=13, die=3) Dice: 3 -1 0 0 
[DEBUG] ApplyCheckerMove AFTER: Player 0, Move: (pos=16, to=13, die=3) Dice: -1 -1 0 0 
[DEBUG ILM Before Push (Clone)] Player: 0 | Dice: -1(u) -1(u) | Initial: [3 2 ]
[DEBUG ILM After Push (Clone)] Top State - Player: 0 | Dice: -1(u) -1(u) | Initial: [3 2 ][DEBUG] UndoCheckerMove BEFORE: Player 0, Move: (pos=16, to=13, die=3) Dice: -1 -1 0 0 
[DEBUG] UndoCheckerMove AFTER: Player 0, Move: (pos=16, to=13, die=3) Dice: 3 -1 0 0 
[DEBUG] ApplyCheckerMove BEFORE: Player 0, Move: (pos=23, to=20, die=3) Dice: 3 -1 0 0 
[DEBUG] ApplyCheckerMove AFTER: Player 0, Move: (pos=23, to=20, die=3) Dice: -1 -1 0 0 
[DEBUG ILM Before Push (Move)] Player: 0 | Dice: -1(u) -1(u) | Initial: [3 2 ]
[DEBUG ILM After Push (Move)] Top State - Player: 0 | Dice: -1(u) -1(u) | Initial: [3 2 ][DEBUG ILM Popped State] Depth: 2 | Player: 0 | Dice: -1(u) -1(u) | Initial: [3 2 ] | Seq Size: 2
  Generated 1 half-moves: [-1->-1/1] 
[DEBUG ILM ADD SEQ NOBRANCH/LIMIT] Depth=2: {18,16,2} {23,20,3}
[DEBUG ILM Popped State] Depth: 2 | Player: 0 | Dice: -1(u) -1(u) | Initial: [3 2 ] | Seq Size: 2
  Generated 1 half-moves: [-1->-1/1] 
[DEBUG ILM ADD SEQ NOBRANCH/LIMIT] Depth=2: {18,16,2} {16,13,3}
[DEBUG ILM Popped State] Depth: 1 | Player: 0 | Dice: -1(u) 2 | Initial: [3 2 ] | Seq Size: 1
  Generated 2 half-moves: [15->13/2] [23->21/2] 
[DEBUG] ApplyCheckerMove BEFORE: Player 0, Move: (pos=15, to=13, die=2) Dice: -1 2 0 0 
[DEBUG] ApplyCheckerMove AFTER: Player 0, Move: (pos=15, to=13, die=2) Dice: -1 -1 0 0 
[DEBUG ILM Before Push (Clone)] Player: 0 | Dice: -1(u) -1(u) | Initial: [3 2 ]
[DEBUG ILM After Push (Clone)] Top State - Player: 0 | Dice: -1(u) -1(u) | Initial: [3 2 ][DEBUG] UndoCheckerMove BEFORE: Player 0, Move: (pos=15, to=13, die=2) Dice: -1 -1 0 0 
[DEBUG] UndoCheckerMove AFTER: Player 0, Move: (pos=15, to=13, die=2) Dice: 2 -1 0 0 
[DEBUG] ApplyCheckerMove BEFORE: Player 0, Move: (pos=23, to=21, die=2) Dice: 2 -1 0 0 
[DEBUG] ApplyCheckerMove AFTER: Player 0, Move: (pos=23, to=21, die=2) Dice: -1 -1 0 0 
[DEBUG ILM Before Push (Move)] Player: 0 | Dice: -1(u) -1(u) | Initial: [3 2 ]
[DEBUG ILM After Push (Move)] Top State - Player: 0 | Dice: -1(u) -1(u) | Initial: [3 2 ][DEBUG ILM Popped State] Depth: 2 | Player: 0 | Dice: -1(u) -1(u) | Initial: [3 2 ] | Seq Size: 2
  Generated 1 half-moves: [-1->-1/1] 
[DEBUG ILM ADD SEQ NOBRANCH/LIMIT] Depth=2: {18,15,3} {23,21,2}
[DEBUG ILM Popped State] Depth: 2 | Player: 0 | Dice: -1(u) -1(u) | Initial: [3 2 ] | Seq Size: 2
  Generated 1 half-moves: [-1->-1/1] 
[DEBUG ILM ADD SEQ NOBRANCH/LIMIT] Depth=2: {18,15,3} {15,13,2}
[DEBUG FBS Entry] Player=0 Input movelist (8):
  Seq:  {18,15,3} {15,13,2}
  Seq:  {18,15,3} {23,21,2}
  Seq:  {18,16,2} {16,13,3}
  Seq:  {18,16,2} {23,20,3}
  Seq:  {23,20,3} {18,16,2}
  Seq:  {23,20,3} {20,18,2}
  Seq:  {23,21,2} {18,15,3}
  Seq:  {23,21,2} {21,18,3}
[DEBUG FBS Stats] longest_sequence=2, max_non_pass=2
[DEBUG] ApplyCheckerMove BEFORE: Player 0, Move: (pos=18, to=15, die=3) Dice: 3 2 0 0 
[DEBUG] ApplyCheckerMove AFTER: Player 0, Move: (pos=18, to=15, die=3) Dice: -1 2 0 0 
[DEBUG] ApplyCheckerMove BEFORE: Player 0, Move: (pos=15, to=13, die=2) Dice: -1 2 0 0 
[DEBUG] ApplyCheckerMove AFTER: Player 0, Move: (pos=15, to=13, die=2) Dice: -1 -1 0 0 
[DEBUG] ApplyCheckerMove BEFORE: Player 0, Move: (pos=18, to=15, die=3) Dice: 3 2 0 0 
[DEBUG] ApplyCheckerMove AFTER: Player 0, Move: (pos=18, to=15, die=3) Dice: -1 2 0 0 
[DEBUG] ApplyCheckerMove BEFORE: Player 0, Move: (pos=23, to=21, die=2) Dice: -1 2 0 0 
[DEBUG] ApplyCheckerMove AFTER: Player 0, Move: (pos=23, to=21, die=2) Dice: -1 -1 0 0 
[DEBUG] ApplyCheckerMove BEFORE: Player 0, Move: (pos=18, to=16, die=2) Dice: 3 2 0 0 
[DEBUG] ApplyCheckerMove AFTER: Player 0, Move: (pos=18, to=16, die=2) Dice: 3 -1 0 0 
[DEBUG] ApplyCheckerMove BEFORE: Player 0, Move: (pos=16, to=13, die=3) Dice: 3 -1 0 0 
[DEBUG] ApplyCheckerMove AFTER: Player 0, Move: (pos=16, to=13, die=3) Dice: -1 -1 0 0 
[DEBUG] ApplyCheckerMove BEFORE: Player 0, Move: (pos=18, to=16, die=2) Dice: 3 2 0 0 
[DEBUG] ApplyCheckerMove AFTER: Player 0, Move: (pos=18, to=16, die=2) Dice: 3 -1 0 0 
[DEBUG] ApplyCheckerMove BEFORE: Player 0, Move: (pos=23, to=20, die=3) Dice: 3 -1 0 0 
[DEBUG] ApplyCheckerMove AFTER: Player 0, Move: (pos=23, to=20, die=3) Dice: -1 -1 0 0 
[DEBUG] ApplyCheckerMove BEFORE: Player 0, Move: (pos=23, to=20, die=3) Dice: 3 2 0 0 
[DEBUG] ApplyCheckerMove AFTER: Player 0, Move: (pos=23, to=20, die=3) Dice: -1 2 0 0 
[DEBUG] ApplyCheckerMove BEFORE: Player 0, Move: (pos=18, to=16, die=2) Dice: -1 2 0 0 
[DEBUG] ApplyCheckerMove AFTER: Player 0, Move: (pos=18, to=16, die=2) Dice: -1 -1 0 0 
[DEBUG] ApplyCheckerMove BEFORE: Player 0, Move: (pos=23, to=20, die=3) Dice: 3 2 0 0 
[DEBUG] ApplyCheckerMove AFTER: Player 0, Move: (pos=23, to=20, die=3) Dice: -1 2 0 0 
[DEBUG] ApplyCheckerMove BEFORE: Player 0, Move: (pos=20, to=18, die=2) Dice: -1 2 0 0 
[DEBUG] ApplyCheckerMove AFTER: Player 0, Move: (pos=20, to=18, die=2) Dice: -1 -1 0 0 
[DEBUG] ApplyCheckerMove BEFORE: Player 0, Move: (pos=23, to=21, die=2) Dice: 3 2 0 0 
[DEBUG] ApplyCheckerMove AFTER: Player 0, Move: (pos=23, to=21, die=2) Dice: 3 -1 0 0 
[DEBUG] ApplyCheckerMove BEFORE: Player 0, Move: (pos=18, to=15, die=3) Dice: 3 -1 0 0 
[DEBUG] ApplyCheckerMove AFTER: Player 0, Move: (pos=18, to=15, die=3) Dice: -1 -1 0 0 
[DEBUG] ApplyCheckerMove BEFORE: Player 0, Move: (pos=23, to=21, die=2) Dice: 3 2 0 0 
[DEBUG] ApplyCheckerMove AFTER: Player 0, Move: (pos=23, to=21, die=2) Dice: 3 -1 0 0 
[DEBUG] ApplyCheckerMove BEFORE: Player 0, Move: (pos=21, to=18, die=3) Dice: 3 -1 0 0 
[DEBUG] ApplyCheckerMove AFTER: Player 0, Move: (pos=21, to=18, die=3) Dice: -1 -1 0 0 
[DEBUG FBS Exit] Returning filtered_movelist (8):
  Seq:  {18,15,3} {15,13,2}
  Seq:  {18,15,3} {23,21,2}
  Seq:  {18,16,2} {16,13,3}
  Seq:  {18,16,2} {23,20,3}
  Seq:  {23,20,3} {18,16,2}
  Seq:  {23,20,3} {20,18,2}
  Seq:  {23,21,2} {18,15,3}
  Seq:  {23,21,2} {21,18,3}
✓ MovementDirectionTest passed

=== Running NoLandingOnOpponentTestWhite ===
[DEBUG SetupDice] Input dice: {4, 2, 0, 0}
[DEBUG SetupDice] Assigned state->dice_: {4, 2, 0, 0}
[DEBUG SetupDice] Assigned state->initial_dice_: {4, 2}
[DEBUG ILM ENTRY] IterativeLegalMoves function entered.
[DEBUG ILM Popped State] Depth: 0 | Player: 0 | Dice: 4 2 | Initial: [4 2 ] | Seq Size: 0
  Generated 3 half-moves: [19->17/2] [23->19/4] [23->21/2] 
[DEBUG] ApplyCheckerMove BEFORE: Player 0, Move: (pos=19, to=17, die=2) Dice: 4 2 0 0 
[DEBUG] ApplyCheckerMove AFTER: Player 0, Move: (pos=19, to=17, die=2) Dice: 4 -1 0 0 
[DEBUG ILM Before Push (Clone)] Player: 0 | Dice: 4 -1(u) | Initial: [4 2 ]
[DEBUG ILM After Push (Clone)] Top State - Player: 0 | Dice: 4 -1(u) | Initial: [4 2 ][DEBUG] UndoCheckerMove BEFORE: Player 0, Move: (pos=19, to=17, die=2) Dice: 4 -1 0 0 
[DEBUG] UndoCheckerMove AFTER: Player 0, Move: (pos=19, to=17, die=2) Dice: 4 2 0 0 
[DEBUG] ApplyCheckerMove BEFORE: Player 0, Move: (pos=23, to=19, die=4) Dice: 4 2 0 0 
[DEBUG] ApplyCheckerMove AFTER: Player 0, Move: (pos=23, to=19, die=4) Dice: -1 2 0 0 
[DEBUG ILM Before Push (Clone)] Player: 0 | Dice: -1(u) 2 | Initial: [4 2 ]
[DEBUG ILM After Push (Clone)] Top State - Player: 0 | Dice: -1(u) 2 | Initial: [4 2 ][DEBUG] UndoCheckerMove BEFORE: Player 0, Move: (pos=23, to=19, die=4) Dice: -1 2 0 0 
[DEBUG] UndoCheckerMove AFTER: Player 0, Move: (pos=23, to=19, die=4) Dice: 4 2 0 0 
[DEBUG] ApplyCheckerMove BEFORE: Player 0, Move: (pos=23, to=21, die=2) Dice: 4 2 0 0 
[DEBUG] ApplyCheckerMove AFTER: Player 0, Move: (pos=23, to=21, die=2) Dice: 4 -1 0 0 
[DEBUG ILM Before Push (Move)] Player: 0 | Dice: 4 -1(u) | Initial: [4 2 ]
[DEBUG ILM After Push (Move)] Top State - Player: 0 | Dice: 4 -1(u) | Initial: [4 2 ][DEBUG ILM Popped State] Depth: 1 | Player: 0 | Dice: 4 -1(u) | Initial: [4 2 ] | Seq Size: 1
  Generated 1 half-moves: [21->17/4] 
[DEBUG] ApplyCheckerMove BEFORE: Player 0, Move: (pos=21, to=17, die=4) Dice: 4 -1 0 0 
[DEBUG] ApplyCheckerMove AFTER: Player 0, Move: (pos=21, to=17, die=4) Dice: -1 -1 0 0 
[DEBUG ILM Before Push (Move)] Player: 0 | Dice: -1(u) -1(u) | Initial: [4 2 ]
[DEBUG ILM After Push (Move)] Top State - Player: 0 | Dice: -1(u) -1(u) | Initial: [4 2 ][DEBUG ILM Popped State] Depth: 2 | Player: 0 | Dice: -1(u) -1(u) | Initial: [4 2 ] | Seq Size: 2
  Generated 1 half-moves: [-1->-1/1] 
[DEBUG ILM ADD SEQ NOBRANCH/LIMIT] Depth=2: {23,21,2} {21,17,4}
[DEBUG ILM Popped State] Depth: 1 | Player: 0 | Dice: -1(u) 2 | Initial: [4 2 ] | Seq Size: 1
  Generated 1 half-moves: [19->17/2] 
[DEBUG] ApplyCheckerMove BEFORE: Player 0, Move: (pos=19, to=17, die=2) Dice: -1 2 0 0 
[DEBUG] ApplyCheckerMove AFTER: Player 0, Move: (pos=19, to=17, die=2) Dice: -1 -1 0 0 
[DEBUG ILM Before Push (Move)] Player: 0 | Dice: -1(u) -1(u) | Initial: [4 2 ]
[DEBUG ILM After Push (Move)] Top State - Player: 0 | Dice: -1(u) -1(u) | Initial: [4 2 ][DEBUG ILM Popped State] Depth: 2 | Player: 0 | Dice: -1(u) -1(u) | Initial: [4 2 ] | Seq Size: 2
  Generated 1 half-moves: [-1->-1/1] 
[DEBUG ILM ADD SEQ NOBRANCH/LIMIT] Depth=2: {23,19,4} {19,17,2}
[DEBUG ILM Popped State] Depth: 1 | Player: 0 | Dice: 4 -1(u) | Initial: [4 2 ] | Seq Size: 1
  Generated 2 half-moves: [17->13/4] [23->19/4] 
[DEBUG] ApplyCheckerMove BEFORE: Player 0, Move: (pos=17, to=13, die=4) Dice: 4 -1 0 0 
[DEBUG] ApplyCheckerMove AFTER: Player 0, Move: (pos=17, to=13, die=4) Dice: -1 -1 0 0 
[DEBUG ILM Before Push (Clone)] Player: 0 | Dice: -1(u) -1(u) | Initial: [4 2 ]
[DEBUG ILM After Push (Clone)] Top State - Player: 0 | Dice: -1(u) -1(u) | Initial: [4 2 ][DEBUG] UndoCheckerMove BEFORE: Player 0, Move: (pos=17, to=13, die=4) Dice: -1 -1 0 0 
[DEBUG] UndoCheckerMove AFTER: Player 0, Move: (pos=17, to=13, die=4) Dice: 4 -1 0 0 
[DEBUG] ApplyCheckerMove BEFORE: Player 0, Move: (pos=23, to=19, die=4) Dice: 4 -1 0 0 
[DEBUG] ApplyCheckerMove AFTER: Player 0, Move: (pos=23, to=19, die=4) Dice: -1 -1 0 0 
[DEBUG ILM Before Push (Move)] Player: 0 | Dice: -1(u) -1(u) | Initial: [4 2 ]
[DEBUG ILM After Push (Move)] Top State - Player: 0 | Dice: -1(u) -1(u) | Initial: [4 2 ][DEBUG ILM Popped State] Depth: 2 | Player: 0 | Dice: -1(u) -1(u) | Initial: [4 2 ] | Seq Size: 2
  Generated 1 half-moves: [-1->-1/1] 
[DEBUG ILM ADD SEQ NOBRANCH/LIMIT] Depth=2: {19,17,2} {23,19,4}
[DEBUG ILM Popped State] Depth: 2 | Player: 0 | Dice: -1(u) -1(u) | Initial: [4 2 ] | Seq Size: 2
  Generated 1 half-moves: [-1->-1/1] 
[DEBUG ILM ADD SEQ NOBRANCH/LIMIT] Depth=2: {19,17,2} {17,13,4}
[DEBUG FBS Entry] Player=0 Input movelist (4):
  Seq:  {19,17,2} {17,13,4}
  Seq:  {19,17,2} {23,19,4}
  Seq:  {23,19,4} {19,17,2}
  Seq:  {23,21,2} {21,17,4}
[DEBUG FBS Stats] longest_sequence=2, max_non_pass=2
[DEBUG] ApplyCheckerMove BEFORE: Player 0, Move: (pos=19, to=17, die=2) Dice: 4 2 0 0 
[DEBUG] ApplyCheckerMove AFTER: Player 0, Move: (pos=19, to=17, die=2) Dice: 4 -1 0 0 
[DEBUG] ApplyCheckerMove BEFORE: Player 0, Move: (pos=17, to=13, die=4) Dice: 4 -1 0 0 
[DEBUG] ApplyCheckerMove AFTER: Player 0, Move: (pos=17, to=13, die=4) Dice: -1 -1 0 0 
[DEBUG] ApplyCheckerMove BEFORE: Player 0, Move: (pos=19, to=17, die=2) Dice: 4 2 0 0 
[DEBUG] ApplyCheckerMove AFTER: Player 0, Move: (pos=19, to=17, die=2) Dice: 4 -1 0 0 
[DEBUG] ApplyCheckerMove BEFORE: Player 0, Move: (pos=23, to=19, die=4) Dice: 4 -1 0 0 
[DEBUG] ApplyCheckerMove AFTER: Player 0, Move: (pos=23, to=19, die=4) Dice: -1 -1 0 0 
[DEBUG] ApplyCheckerMove BEFORE: Player 0, Move: (pos=23, to=19, die=4) Dice: 4 2 0 0 
[DEBUG] ApplyCheckerMove AFTER: Player 0, Move: (pos=23, to=19, die=4) Dice: -1 2 0 0 
[DEBUG] ApplyCheckerMove BEFORE: Player 0, Move: (pos=19, to=17, die=2) Dice: -1 2 0 0 
[DEBUG] ApplyCheckerMove AFTER: Player 0, Move: (pos=19, to=17, die=2) Dice: -1 -1 0 0 
[DEBUG] ApplyCheckerMove BEFORE: Player 0, Move: (pos=23, to=21, die=2) Dice: 4 2 0 0 
[DEBUG] ApplyCheckerMove AFTER: Player 0, Move: (pos=23, to=21, die=2) Dice: 4 -1 0 0 
[DEBUG] ApplyCheckerMove BEFORE: Player 0, Move: (pos=21, to=17, die=4) Dice: 4 -1 0 0 
[DEBUG] ApplyCheckerMove AFTER: Player 0, Move: (pos=21, to=17, die=4) Dice: -1 -1 0 0 
[DEBUG FBS Exit] Returning filtered_movelist (4):
  Seq:  {19,17,2} {17,13,4}
  Seq:  {19,17,2} {23,19,4}
  Seq:  {23,19,4} {19,17,2}
  Seq:  {23,21,2} {21,17,4}
✓ NoLandingOnOpponentTestWhite passed

=== Running NoLandingOnOpponentTestBlack ===
[DEBUG SetupDice] Input dice: {3, 1, 0, 0}
[DEBUG SetupDice] Assigned state->dice_: {3, 1, 0, 0}
[DEBUG SetupDice] Assigned state->initial_dice_: {3, 1}
[DEBUG ILM ENTRY] IterativeLegalMoves function entered.
[DEBUG ILM Popped State] Depth: 0 | Player: 0 | Dice: 3 1 | Initial: [3 1 ] | Seq Size: 0
  Generated 3 half-moves: [12->9/3] [23->20/3] [23->22/1] 
[DEBUG] ApplyCheckerMove BEFORE: Player 0, Move: (pos=12, to=9, die=3) Dice: 3 1 0 0 
[DEBUG] ApplyCheckerMove AFTER: Player 0, Move: (pos=12, to=9, die=3) Dice: -1 1 0 0 
[DEBUG ILM Before Push (Clone)] Player: 0 | Dice: -1(u) 1 | Initial: [3 1 ]
[DEBUG ILM After Push (Clone)] Top State - Player: 0 | Dice: -1(u) 1 | Initial: [3 1 ][DEBUG] UndoCheckerMove BEFORE: Player 0, Move: (pos=12, to=9, die=3) Dice: -1 1 0 0 
[DEBUG] UndoCheckerMove AFTER: Player 0, Move: (pos=12, to=9, die=3) Dice: 3 1 0 0 
[DEBUG] ApplyCheckerMove BEFORE: Player 0, Move: (pos=23, to=20, die=3) Dice: 3 1 0 0 
[DEBUG] ApplyCheckerMove AFTER: Player 0, Move: (pos=23, to=20, die=3) Dice: -1 1 0 0 
[DEBUG ILM Before Push (Clone)] Player: 0 | Dice: -1(u) 1 | Initial: [3 1 ]
[DEBUG ILM After Push (Clone)] Top State - Player: 0 | Dice: -1(u) 1 | Initial: [3 1 ][DEBUG] UndoCheckerMove BEFORE: Player 0, Move: (pos=23, to=20, die=3) Dice: -1 1 0 0 
[DEBUG] UndoCheckerMove AFTER: Player 0, Move: (pos=23, to=20, die=3) Dice: 3 1 0 0 
[DEBUG] ApplyCheckerMove BEFORE: Player 0, Move: (pos=23, to=22, die=1) Dice: 3 1 0 0 
[DEBUG] ApplyCheckerMove AFTER: Player 0, Move: (pos=23, to=22, die=1) Dice: 3 -1 0 0 
[DEBUG ILM Before Push (Move)] Player: 0 | Dice: 3 -1(u) | Initial: [3 1 ]
[DEBUG ILM After Push (Move)] Top State - Player: 0 | Dice: 3 -1(u) | Initial: [3 1 ][DEBUG ILM Popped State] Depth: 1 | Player: 0 | Dice: 3 -1(u) | Initial: [3 1 ] | Seq Size: 1
  Generated 2 half-moves: [12->9/3] [22->19/3] 
[DEBUG] ApplyCheckerMove BEFORE: Player 0, Move: (pos=12, to=9, die=3) Dice: 3 -1 0 0 
[DEBUG] ApplyCheckerMove AFTER: Player 0, Move: (pos=12, to=9, die=3) Dice: -1 -1 0 0 
[DEBUG ILM Before Push (Clone)] Player: 0 | Dice: -1(u) -1(u) | Initial: [3 1 ]
[DEBUG ILM After Push (Clone)] Top State - Player: 0 | Dice: -1(u) -1(u) | Initial: [3 1 ][DEBUG] UndoCheckerMove BEFORE: Player 0, Move: (pos=12, to=9, die=3) Dice: -1 -1 0 0 
[DEBUG] UndoCheckerMove AFTER: Player 0, Move: (pos=12, to=9, die=3) Dice: 3 -1 0 0 
[DEBUG] ApplyCheckerMove BEFORE: Player 0, Move: (pos=22, to=19, die=3) Dice: 3 -1 0 0 
[DEBUG] ApplyCheckerMove AFTER: Player 0, Move: (pos=22, to=19, die=3) Dice: -1 -1 0 0 
[DEBUG ILM Before Push (Move)] Player: 0 | Dice: -1(u) -1(u) | Initial: [3 1 ]
[DEBUG ILM After Push (Move)] Top State - Player: 0 | Dice: -1(u) -1(u) | Initial: [3 1 ][DEBUG ILM Popped State] Depth: 2 | Player: 0 | Dice: -1(u) -1(u) | Initial: [3 1 ] | Seq Size: 2
  Generated 1 half-moves: [-1->-1/1] 
[DEBUG ILM ADD SEQ NOBRANCH/LIMIT] Depth=2: {23,22,1} {22,19,3}
[DEBUG ILM Popped State] Depth: 2 | Player: 0 | Dice: -1(u) -1(u) | Initial: [3 1 ] | Seq Size: 2
  Generated 1 half-moves: [-1->-1/1] 
[DEBUG ILM ADD SEQ NOBRANCH/LIMIT] Depth=2: {23,22,1} {12,9,3}
[DEBUG ILM Popped State] Depth: 1 | Player: 0 | Dice: -1(u) 1 | Initial: [3 1 ] | Seq Size: 1
  Generated 1 half-moves: [20->19/1] 
[DEBUG] ApplyCheckerMove BEFORE: Player 0, Move: (pos=20, to=19, die=1) Dice: -1 1 0 0 
[DEBUG] ApplyCheckerMove AFTER: Player 0, Move: (pos=20, to=19, die=1) Dice: -1 -1 0 0 
[DEBUG ILM Before Push (Move)] Player: 0 | Dice: -1(u) -1(u) | Initial: [3 1 ]
[DEBUG ILM After Push (Move)] Top State - Player: 0 | Dice: -1(u) -1(u) | Initial: [3 1 ][DEBUG ILM Popped State] Depth: 2 | Player: 0 | Dice: -1(u) -1(u) | Initial: [3 1 ] | Seq Size: 2
  Generated 1 half-moves: [-1->-1/1] 
[DEBUG ILM ADD SEQ NOBRANCH/LIMIT] Depth=2: {23,20,3} {20,19,1}
[DEBUG ILM Popped State] Depth: 1 | Player: 0 | Dice: -1(u) 1 | Initial: [3 1 ] | Seq Size: 1
  Generated 2 half-moves: [9->8/1] [23->22/1] 
[DEBUG] ApplyCheckerMove BEFORE: Player 0, Move: (pos=9, to=8, die=1) Dice: -1 1 0 0 
[DEBUG] ApplyCheckerMove AFTER: Player 0, Move: (pos=9, to=8, die=1) Dice: -1 -1 0 0 
[DEBUG ILM Before Push (Clone)] Player: 0 | Dice: -1(u) -1(u) | Initial: [3 1 ]
[DEBUG ILM After Push (Clone)] Top State - Player: 0 | Dice: -1(u) -1(u) | Initial: [3 1 ][DEBUG] UndoCheckerMove BEFORE: Player 0, Move: (pos=9, to=8, die=1) Dice: -1 -1 0 0 
[DEBUG] UndoCheckerMove AFTER: Player 0, Move: (pos=9, to=8, die=1) Dice: 1 -1 0 0 
[DEBUG] ApplyCheckerMove BEFORE: Player 0, Move: (pos=23, to=22, die=1) Dice: 1 -1 0 0 
[DEBUG] ApplyCheckerMove AFTER: Player 0, Move: (pos=23, to=22, die=1) Dice: -1 -1 0 0 
[DEBUG ILM Before Push (Move)] Player: 0 | Dice: -1(u) -1(u) | Initial: [3 1 ]
[DEBUG ILM After Push (Move)] Top State - Player: 0 | Dice: -1(u) -1(u) | Initial: [3 1 ][DEBUG ILM Popped State] Depth: 2 | Player: 0 | Dice: -1(u) -1(u) | Initial: [3 1 ] | Seq Size: 2
  Generated 1 half-moves: [-1->-1/1] 
[DEBUG ILM ADD SEQ NOBRANCH/LIMIT] Depth=2: {12,9,3} {23,22,1}
[DEBUG ILM Popped State] Depth: 2 | Player: 0 | Dice: -1(u) -1(u) | Initial: [3 1 ] | Seq Size: 2
  Generated 1 half-moves: [-1->-1/1] 
[DEBUG ILM ADD SEQ NOBRANCH/LIMIT] Depth=2: {12,9,3} {9,8,1}
[DEBUG FBS Entry] Player=0 Input movelist (5):
  Seq:  {12,9,3} {9,8,1}
  Seq:  {12,9,3} {23,22,1}
  Seq:  {23,20,3} {20,19,1}
  Seq:  {23,22,1} {12,9,3}
  Seq:  {23,22,1} {22,19,3}
[DEBUG FBS Stats] longest_sequence=2, max_non_pass=2
[DEBUG] ApplyCheckerMove BEFORE: Player 0, Move: (pos=12, to=9, die=3) Dice: 3 1 0 0 
[DEBUG] ApplyCheckerMove AFTER: Player 0, Move: (pos=12, to=9, die=3) Dice: -1 1 0 0 
[DEBUG] ApplyCheckerMove BEFORE: Player 0, Move: (pos=9, to=8, die=1) Dice: -1 1 0 0 
[DEBUG] ApplyCheckerMove AFTER: Player 0, Move: (pos=9, to=8, die=1) Dice: -1 -1 0 0 
[DEBUG] ApplyCheckerMove BEFORE: Player 0, Move: (pos=12, to=9, die=3) Dice: 3 1 0 0 
[DEBUG] ApplyCheckerMove AFTER: Player 0, Move: (pos=12, to=9, die=3) Dice: -1 1 0 0 
[DEBUG] ApplyCheckerMove BEFORE: Player 0, Move: (pos=23, to=22, die=1) Dice: -1 1 0 0 
[DEBUG] ApplyCheckerMove AFTER: Player 0, Move: (pos=23, to=22, die=1) Dice: -1 -1 0 0 
[DEBUG] ApplyCheckerMove BEFORE: Player 0, Move: (pos=23, to=20, die=3) Dice: 3 1 0 0 
[DEBUG] ApplyCheckerMove AFTER: Player 0, Move: (pos=23, to=20, die=3) Dice: -1 1 0 0 
[DEBUG] ApplyCheckerMove BEFORE: Player 0, Move: (pos=20, to=19, die=1) Dice: -1 1 0 0 
[DEBUG] ApplyCheckerMove AFTER: Player 0, Move: (pos=20, to=19, die=1) Dice: -1 -1 0 0 
[DEBUG] ApplyCheckerMove BEFORE: Player 0, Move: (pos=23, to=22, die=1) Dice: 3 1 0 0 
[DEBUG] ApplyCheckerMove AFTER: Player 0, Move: (pos=23, to=22, die=1) Dice: 3 -1 0 0 
[DEBUG] ApplyCheckerMove BEFORE: Player 0, Move: (pos=12, to=9, die=3) Dice: 3 -1 0 0 
[DEBUG] ApplyCheckerMove AFTER: Player 0, Move: (pos=12, to=9, die=3) Dice: -1 -1 0 0 
[DEBUG] ApplyCheckerMove BEFORE: Player 0, Move: (pos=23, to=22, die=1) Dice: 3 1 0 0 
[DEBUG] ApplyCheckerMove AFTER: Player 0, Move: (pos=23, to=22, die=1) Dice: 3 -1 0 0 
[DEBUG] ApplyCheckerMove BEFORE: Player 0, Move: (pos=22, to=19, die=3) Dice: 3 -1 0 0 
[DEBUG] ApplyCheckerMove AFTER: Player 0, Move: (pos=22, to=19, die=3) Dice: -1 -1 0 0 
[DEBUG FBS Exit] Returning filtered_movelist (5):
  Seq:  {12,9,3} {9,8,1}
  Seq:  {12,9,3} {23,22,1}
  Seq:  {23,20,3} {20,19,1}
  Seq:  {23,22,1} {12,9,3}
  Seq:  {23,22,1} {22,19,3}
✓ NoLandingOnOpponentTestBlack passed

=== Running TestIllegalLandingInLegalActions ===
[DEBUG SetupDice] Input dice: {1, 1, 1, 1}
[DEBUG SetupDice] Assigned state->dice_: {1, 1, 1, 1}
[DEBUG SetupDice] Assigned state->initial_dice_: {1, 1}
[DEBUG ILM ENTRY] IterativeLegalMoves function entered.
[DEBUG ILM Popped State] Depth: 0 | Player: 0 | Dice: 1 1 1 1 | Initial: [1 1 ] | Seq Size: 0
  Generated 1 half-moves: [23->22/1] 
[DEBUG] ApplyCheckerMove BEFORE: Player 0, Move: (pos=23, to=22, die=1) Dice: 1 1 1 1 
[DEBUG] ApplyCheckerMove AFTER: Player 0, Move: (pos=23, to=22, die=1) Dice: -1 1 1 1 
[DEBUG ILM Before Push (Move)] Player: 0 | Dice: -1(u) 1 1 1 | Initial: [1 1 ]
[DEBUG ILM After Push (Move)] Top State - Player: 0 | Dice: -1(u) 1 1 1 | Initial: [1 1 ][DEBUG ILM Popped State] Depth: 1 | Player: 0 | Dice: -1(u) 1 1 1 | Initial: [1 1 ] | Seq Size: 1
  Generated 1 half-moves: [22->21/1] 
[DEBUG] ApplyCheckerMove BEFORE: Player 0, Move: (pos=22, to=21, die=1) Dice: -1 1 1 1 
[DEBUG] ApplyCheckerMove AFTER: Player 0, Move: (pos=22, to=21, die=1) Dice: -1 -1 1 1 
[DEBUG ILM Before Push (Move)] Player: 0 | Dice: -1(u) -1(u) 1 1 | Initial: [1 1 ]
[DEBUG ILM After Push (Move)] Top State - Player: 0 | Dice: -1(u) -1(u) 1 1 | Initial: [1 1 ][DEBUG ILM Popped State] Depth: 2 | Player: 0 | Dice: -1(u) -1(u) 1 1 | Initial: [1 1 ] | Seq Size: 2
  Generated 1 half-moves: [21->20/1] 
[DEBUG] ApplyCheckerMove BEFORE: Player 0, Move: (pos=21, to=20, die=1) Dice: -1 -1 1 1 
[DEBUG] ApplyCheckerMove AFTER: Player 0, Move: (pos=21, to=20, die=1) Dice: -1 -1 -1 1 
[DEBUG ILM Before Push (Move)] Player: 0 | Dice: -1(u) -1(u) -1(u) 1 | Initial: [1 1 ]
[DEBUG ILM After Push (Move)] Top State - Player: 0 | Dice: -1(u) -1(u) -1(u) 1 | Initial: [1 1 ][DEBUG ILM Popped State] Depth: 3 | Player: 0 | Dice: -1(u) -1(u) -1(u) 1 | Initial: [1 1 ] | Seq Size: 3
  Generated 1 half-moves: [20->19/1] 
[DEBUG] ApplyCheckerMove BEFORE: Player 0, Move: (pos=20, to=19, die=1) Dice: -1 -1 -1 1 
[DEBUG] ApplyCheckerMove AFTER: Player 0, Move: (pos=20, to=19, die=1) Dice: -1 -1 -1 -1 
[DEBUG ILM Before Push (Move)] Player: 0 | Dice: -1(u) -1(u) -1(u) -1(u) | Initial: [1 1 ]
[DEBUG ILM After Push (Move)] Top State - Player: 0 | Dice: -1(u) -1(u) -1(u) -1(u) | Initial: [1 1 ][DEBUG ILM Popped State] Depth: 4 | Player: 0 | Dice: -1(u) -1(u) -1(u) -1(u) | Initial: [1 1 ] | Seq Size: 4
  Generated 1 half-moves: [-1->-1/1] 
[DEBUG ILM ADD SEQ NOBRANCH/LIMIT] Depth=4: {23,22,1} {22,21,1} {21,20,1} {20,19,1}
[DEBUG FBS Entry] Player=0 Input movelist (1):
  Seq:  {23,22,1} {22,21,1} {21,20,1} {20,19,1}
[DEBUG FBS Stats] longest_sequence=4, max_non_pass=4
[DEBUG] ApplyCheckerMove BEFORE: Player 0, Move: (pos=23, to=22, die=1) Dice: 1 1 1 1 
[DEBUG] ApplyCheckerMove AFTER: Player 0, Move: (pos=23, to=22, die=1) Dice: -1 1 1 1 
[DEBUG] ApplyCheckerMove BEFORE: Player 0, Move: (pos=22, to=21, die=1) Dice: -1 1 1 1 
[DEBUG] ApplyCheckerMove AFTER: Player 0, Move: (pos=22, to=21, die=1) Dice: -1 -1 1 1 
[DEBUG] ApplyCheckerMove BEFORE: Player 0, Move: (pos=21, to=20, die=1) Dice: -1 -1 1 1 
[DEBUG] ApplyCheckerMove AFTER: Player 0, Move: (pos=21, to=20, die=1) Dice: -1 -1 -1 1 
[DEBUG] ApplyCheckerMove BEFORE: Player 0, Move: (pos=20, to=19, die=1) Dice: -1 -1 -1 1 
[DEBUG] ApplyCheckerMove AFTER: Player 0, Move: (pos=20, to=19, die=1) Dice: -1 -1 -1 -1 
[DEBUG FBS Exit] Returning filtered_movelist (1):
  Seq:  {23,22,1} {22,21,1} {21,20,1} {20,19,1}
✓ TestIllegalLandingInLegalActions passed (no illegal landings found)

=== Running TestHalfMoveGeneration ===
[DEBUG SetupDice] Input dice: {3, 5, 0, 0}
[DEBUG SetupDice] Assigned state->dice_: {3, 5, 0, 0}
[DEBUG SetupDice] Assigned state->initial_dice_: {3, 5}
[DEBUG ILM ENTRY] IterativeLegalMoves function entered.
[DEBUG ILM Popped State] Depth: 0 | Player: 0 | Dice: 3 5 | Initial: [3 5 ] | Seq Size: 0
  Generated 2 half-moves: [23->18/5] [23->20/3] 
[DEBUG] ApplyCheckerMove BEFORE: Player 0, Move: (pos=23, to=18, die=5) Dice: 3 5 0 0 
[DEBUG] ApplyCheckerMove AFTER: Player 0, Move: (pos=23, to=18, die=5) Dice: 3 -1 0 0 
[DEBUG ILM Before Push (Clone)] Player: 0 | Dice: 3 -1(u) | Initial: [3 5 ]
[DEBUG ILM After Push (Clone)] Top State - Player: 0 | Dice: 3 -1(u) | Initial: [3 5 ][DEBUG] UndoCheckerMove BEFORE: Player 0, Move: (pos=23, to=18, die=5) Dice: 3 -1 0 0 
[DEBUG] UndoCheckerMove AFTER: Player 0, Move: (pos=23, to=18, die=5) Dice: 3 5 0 0 
[DEBUG] ApplyCheckerMove BEFORE: Player 0, Move: (pos=23, to=20, die=3) Dice: 3 5 0 0 
[DEBUG] ApplyCheckerMove AFTER: Player 0, Move: (pos=23, to=20, die=3) Dice: -1 5 0 0 
[DEBUG ILM Before Push (Move)] Player: 0 | Dice: -1(u) 5 | Initial: [3 5 ]
[DEBUG ILM After Push (Move)] Top State - Player: 0 | Dice: -1(u) 5 | Initial: [3 5 ][DEBUG ILM Popped State] Depth: 1 | Player: 0 | Dice: -1(u) 5 | Initial: [3 5 ] | Seq Size: 1
  Generated 1 half-moves: [20->15/5] 
[DEBUG] ApplyCheckerMove BEFORE: Player 0, Move: (pos=20, to=15, die=5) Dice: -1 5 0 0 
[DEBUG] ApplyCheckerMove AFTER: Player 0, Move: (pos=20, to=15, die=5) Dice: -1 -1 0 0 
[DEBUG ILM Before Push (Move)] Player: 0 | Dice: -1(u) -1(u) | Initial: [3 5 ]
[DEBUG ILM After Push (Move)] Top State - Player: 0 | Dice: -1(u) -1(u) | Initial: [3 5 ][DEBUG ILM Popped State] Depth: 2 | Player: 0 | Dice: -1(u) -1(u) | Initial: [3 5 ] | Seq Size: 2
  Generated 1 half-moves: [-1->-1/1] 
[DEBUG ILM ADD SEQ NOBRANCH/LIMIT] Depth=2: {23,20,3} {20,15,5}
[DEBUG ILM Popped State] Depth: 1 | Player: 0 | Dice: 3 -1(u) | Initial: [3 5 ] | Seq Size: 1
  Generated 1 half-moves: [18->15/3] 
[DEBUG] ApplyCheckerMove BEFORE: Player 0, Move: (pos=18, to=15, die=3) Dice: 3 -1 0 0 
[DEBUG] ApplyCheckerMove AFTER: Player 0, Move: (pos=18, to=15, die=3) Dice: -1 -1 0 0 
[DEBUG ILM Before Push (Move)] Player: 0 | Dice: -1(u) -1(u) | Initial: [3 5 ]
[DEBUG ILM After Push (Move)] Top State - Player: 0 | Dice: -1(u) -1(u) | Initial: [3 5 ][DEBUG ILM Popped State] Depth: 2 | Player: 0 | Dice: -1(u) -1(u) | Initial: [3 5 ] | Seq Size: 2
  Generated 1 half-moves: [-1->-1/1] 
[DEBUG ILM ADD SEQ NOBRANCH/LIMIT] Depth=2: {23,18,5} {18,15,3}
[DEBUG FBS Entry] Player=0 Input movelist (2):
  Seq:  {23,18,5} {18,15,3}
  Seq:  {23,20,3} {20,15,5}
[DEBUG FBS Stats] longest_sequence=2, max_non_pass=2
[DEBUG] ApplyCheckerMove BEFORE: Player 0, Move: (pos=23, to=18, die=5) Dice: 3 5 0 0 
[DEBUG] ApplyCheckerMove AFTER: Player 0, Move: (pos=23, to=18, die=5) Dice: 3 -1 0 0 
[DEBUG] ApplyCheckerMove BEFORE: Player 0, Move: (pos=18, to=15, die=3) Dice: 3 -1 0 0 
[DEBUG] ApplyCheckerMove AFTER: Player 0, Move: (pos=18, to=15, die=3) Dice: -1 -1 0 0 
[DEBUG] ApplyCheckerMove BEFORE: Player 0, Move: (pos=23, to=20, die=3) Dice: 3 5 0 0 
[DEBUG] ApplyCheckerMove AFTER: Player 0, Move: (pos=23, to=20, die=3) Dice: -1 5 0 0 
[DEBUG] ApplyCheckerMove BEFORE: Player 0, Move: (pos=20, to=15, die=5) Dice: -1 5 0 0 
[DEBUG] ApplyCheckerMove AFTER: Player 0, Move: (pos=20, to=15, die=5) Dice: -1 -1 0 0 
[DEBUG FBS Exit] Returning filtered_movelist (2):
  Seq:  {23,18,5} {18,15,3}
  Seq:  {23,20,3} {20,15,5}
✓ TestHalfMoveGeneration passed

=== Running TestHalfMoveGenerationBlack ===
[DEBUG SetupDice] Input dice: {4, 2, 0, 0}
[DEBUG SetupDice] Assigned state->dice_: {4, 2, 0, 0}
[DEBUG SetupDice] Assigned state->initial_dice_: {4, 2}
[DEBUG ILM ENTRY] IterativeLegalMoves function entered.
[DEBUG ILM Popped State] Depth: 0 | Player: 0 | Dice: 4 2 | Initial: [4 2 ] | Seq Size: 0
  Generated 2 half-moves: [23->19/4] [23->21/2] 
[DEBUG] ApplyCheckerMove BEFORE: Player 0, Move: (pos=23, to=19, die=4) Dice: 4 2 0 0 
[DEBUG] ApplyCheckerMove AFTER: Player 0, Move: (pos=23, to=19, die=4) Dice: -1 2 0 0 
[DEBUG ILM Before Push (Clone)] Player: 0 | Dice: -1(u) 2 | Initial: [4 2 ]
[DEBUG ILM After Push (Clone)] Top State - Player: 0 | Dice: -1(u) 2 | Initial: [4 2 ][DEBUG] UndoCheckerMove BEFORE: Player 0, Move: (pos=23, to=19, die=4) Dice: -1 2 0 0 
[DEBUG] UndoCheckerMove AFTER: Player 0, Move: (pos=23, to=19, die=4) Dice: 4 2 0 0 
[DEBUG] ApplyCheckerMove BEFORE: Player 0, Move: (pos=23, to=21, die=2) Dice: 4 2 0 0 
[DEBUG] ApplyCheckerMove AFTER: Player 0, Move: (pos=23, to=21, die=2) Dice: 4 -1 0 0 
[DEBUG ILM Before Push (Move)] Player: 0 | Dice: 4 -1(u) | Initial: [4 2 ]
[DEBUG ILM After Push (Move)] Top State - Player: 0 | Dice: 4 -1(u) | Initial: [4 2 ][DEBUG ILM Popped State] Depth: 1 | Player: 0 | Dice: 4 -1(u) | Initial: [4 2 ] | Seq Size: 1
  Generated 1 half-moves: [21->17/4] 
[DEBUG] ApplyCheckerMove BEFORE: Player 0, Move: (pos=21, to=17, die=4) Dice: 4 -1 0 0 
[DEBUG] ApplyCheckerMove AFTER: Player 0, Move: (pos=21, to=17, die=4) Dice: -1 -1 0 0 
[DEBUG ILM Before Push (Move)] Player: 0 | Dice: -1(u) -1(u) | Initial: [4 2 ]
[DEBUG ILM After Push (Move)] Top State - Player: 0 | Dice: -1(u) -1(u) | Initial: [4 2 ][DEBUG ILM Popped State] Depth: 2 | Player: 0 | Dice: -1(u) -1(u) | Initial: [4 2 ] | Seq Size: 2
  Generated 1 half-moves: [-1->-1/1] 
[DEBUG ILM ADD SEQ NOBRANCH/LIMIT] Depth=2: {23,21,2} {21,17,4}
[DEBUG ILM Popped State] Depth: 1 | Player: 0 | Dice: -1(u) 2 | Initial: [4 2 ] | Seq Size: 1
  Generated 1 half-moves: [19->17/2] 
[DEBUG] ApplyCheckerMove BEFORE: Player 0, Move: (pos=19, to=17, die=2) Dice: -1 2 0 0 
[DEBUG] ApplyCheckerMove AFTER: Player 0, Move: (pos=19, to=17, die=2) Dice: -1 -1 0 0 
[DEBUG ILM Before Push (Move)] Player: 0 | Dice: -1(u) -1(u) | Initial: [4 2 ]
[DEBUG ILM After Push (Move)] Top State - Player: 0 | Dice: -1(u) -1(u) | Initial: [4 2 ][DEBUG ILM Popped State] Depth: 2 | Player: 0 | Dice: -1(u) -1(u) | Initial: [4 2 ] | Seq Size: 2
  Generated 1 half-moves: [-1->-1/1] 
[DEBUG ILM ADD SEQ NOBRANCH/LIMIT] Depth=2: {23,19,4} {19,17,2}
[DEBUG FBS Entry] Player=0 Input movelist (2):
  Seq:  {23,19,4} {19,17,2}
  Seq:  {23,21,2} {21,17,4}
[DEBUG FBS Stats] longest_sequence=2, max_non_pass=2
[DEBUG] ApplyCheckerMove BEFORE: Player 0, Move: (pos=23, to=19, die=4) Dice: 4 2 0 0 
[DEBUG] ApplyCheckerMove AFTER: Player 0, Move: (pos=23, to=19, die=4) Dice: -1 2 0 0 
[DEBUG] ApplyCheckerMove BEFORE: Player 0, Move: (pos=19, to=17, die=2) Dice: -1 2 0 0 
[DEBUG] ApplyCheckerMove AFTER: Player 0, Move: (pos=19, to=17, die=2) Dice: -1 -1 0 0 
[DEBUG] ApplyCheckerMove BEFORE: Player 0, Move: (pos=23, to=21, die=2) Dice: 4 2 0 0 
[DEBUG] ApplyCheckerMove AFTER: Player 0, Move: (pos=23, to=21, die=2) Dice: 4 -1 0 0 
[DEBUG] ApplyCheckerMove BEFORE: Player 0, Move: (pos=21, to=17, die=4) Dice: 4 -1 0 0 
[DEBUG] ApplyCheckerMove AFTER: Player 0, Move: (pos=21, to=17, die=4) Dice: -1 -1 0 0 
[DEBUG FBS Exit] Returning filtered_movelist (2):
  Seq:  {23,19,4} {19,17,2}
  Seq:  {23,21,2} {21,17,4}
✓ TestHalfMoveGenerationBlack passed

✓ All movement rules tests passed

=== Testing Action Encoding ===
[TEST] Start: ActionEncodingTest
[DEBUG SetupDice] Input dice: {5, 3, 0, 0}
[DEBUG SetupDice] Assigned state->dice_: {5, 3, 0, 0}
[DEBUG SetupDice] Assigned state->initial_dice_: {5, 3}
[DEBUG ILM ENTRY] IterativeLegalMoves function entered.
[DEBUG ILM Popped State] Depth: 0 | Player: 0 | Dice: 5 3 | Initial: [5 3 ] | Seq Size: 0
  Generated 2 half-moves: [23->18/5] [23->20/3] 
[DEBUG] ApplyCheckerMove BEFORE: Player 0, Move: (pos=23, to=18, die=5) Dice: 5 3 0 0 
[DEBUG] ApplyCheckerMove AFTER: Player 0, Move: (pos=23, to=18, die=5) Dice: -1 3 0 0 
[DEBUG ILM Before Push (Clone)] Player: 0 | Dice: -1(u) 3 | Initial: [5 3 ]
[DEBUG ILM After Push (Clone)] Top State - Player: 0 | Dice: -1(u) 3 | Initial: [5 3 ][DEBUG] UndoCheckerMove BEFORE: Player 0, Move: (pos=23, to=18, die=5) Dice: -1 3 0 0 
[DEBUG] UndoCheckerMove AFTER: Player 0, Move: (pos=23, to=18, die=5) Dice: 5 3 0 0 
[DEBUG] ApplyCheckerMove BEFORE: Player 0, Move: (pos=23, to=20, die=3) Dice: 5 3 0 0 
[DEBUG] ApplyCheckerMove AFTER: Player 0, Move: (pos=23, to=20, die=3) Dice: 5 -1 0 0 
[DEBUG ILM Before Push (Move)] Player: 0 | Dice: 5 -1(u) | Initial: [5 3 ]
[DEBUG ILM After Push (Move)] Top State - Player: 0 | Dice: 5 -1(u) | Initial: [5 3 ][DEBUG ILM Popped State] Depth: 1 | Player: 0 | Dice: 5 -1(u) | Initial: [5 3 ] | Seq Size: 1
  Generated 1 half-moves: [20->15/5] 
[DEBUG] ApplyCheckerMove BEFORE: Player 0, Move: (pos=20, to=15, die=5) Dice: 5 -1 0 0 
[DEBUG] ApplyCheckerMove AFTER: Player 0, Move: (pos=20, to=15, die=5) Dice: -1 -1 0 0 
[DEBUG ILM Before Push (Move)] Player: 0 | Dice: -1(u) -1(u) | Initial: [5 3 ]
[DEBUG ILM After Push (Move)] Top State - Player: 0 | Dice: -1(u) -1(u) | Initial: [5 3 ][DEBUG ILM Popped State] Depth: 2 | Player: 0 | Dice: -1(u) -1(u) | Initial: [5 3 ] | Seq Size: 2
  Generated 1 half-moves: [-1->-1/1] 
[DEBUG ILM ADD SEQ NOBRANCH/LIMIT] Depth=2: {23,20,3} {20,15,5}
[DEBUG ILM Popped State] Depth: 1 | Player: 0 | Dice: -1(u) 3 | Initial: [5 3 ] | Seq Size: 1
  Generated 1 half-moves: [18->15/3] 
[DEBUG] ApplyCheckerMove BEFORE: Player 0, Move: (pos=18, to=15, die=3) Dice: -1 3 0 0 
[DEBUG] ApplyCheckerMove AFTER: Player 0, Move: (pos=18, to=15, die=3) Dice: -1 -1 0 0 
[DEBUG ILM Before Push (Move)] Player: 0 | Dice: -1(u) -1(u) | Initial: [5 3 ]
[DEBUG ILM After Push (Move)] Top State - Player: 0 | Dice: -1(u) -1(u) | Initial: [5 3 ][DEBUG ILM Popped State] Depth: 2 | Player: 0 | Dice: -1(u) -1(u) | Initial: [5 3 ] | Seq Size: 2
  Generated 1 half-moves: [-1->-1/1] 
[DEBUG ILM ADD SEQ NOBRANCH/LIMIT] Depth=2: {23,18,5} {18,15,3}
[DEBUG FBS Entry] Player=0 Input movelist (2):
  Seq:  {23,18,5} {18,15,3}
  Seq:  {23,20,3} {20,15,5}
[DEBUG FBS Stats] longest_sequence=2, max_non_pass=2
[DEBUG] ApplyCheckerMove BEFORE: Player 0, Move: (pos=23, to=18, die=5) Dice: 5 3 0 0 
[DEBUG] ApplyCheckerMove AFTER: Player 0, Move: (pos=23, to=18, die=5) Dice: -1 3 0 0 
[DEBUG] ApplyCheckerMove BEFORE: Player 0, Move: (pos=18, to=15, die=3) Dice: -1 3 0 0 
[DEBUG] ApplyCheckerMove AFTER: Player 0, Move: (pos=18, to=15, die=3) Dice: -1 -1 0 0 
[DEBUG] ApplyCheckerMove BEFORE: Player 0, Move: (pos=23, to=20, die=3) Dice: 5 3 0 0 
[DEBUG] ApplyCheckerMove AFTER: Player 0, Move: (pos=23, to=20, die=3) Dice: 5 -1 0 0 
[DEBUG] ApplyCheckerMove BEFORE: Player 0, Move: (pos=20, to=15, die=5) Dice: 5 -1 0 0 
[DEBUG] ApplyCheckerMove AFTER: Player 0, Move: (pos=20, to=15, die=5) Dice: -1 -1 0 0 
[DEBUG FBS Exit] Returning filtered_movelist (2):
  Seq:  {23,18,5} {18,15,3}
  Seq:  {23,20,3} {20,15,5}
[DEBUG SetupDice] Input dice: {4, 4, 0, 0}
[DEBUG SetupDice] Assigned state->dice_: {4, 4, 0, 0}
[DEBUG SetupDice] Assigned state->initial_dice_: {4, 4}
[DEBUG ILM ENTRY] IterativeLegalMoves function entered.
[DEBUG ILM Popped State] Depth: 0 | Player: 0 | Dice: 4 4 | Initial: [4 4 ] | Seq Size: 0
  Generated 1 half-moves: [23->19/4] 
[DEBUG] ApplyCheckerMove BEFORE: Player 0, Move: (pos=23, to=19, die=4) Dice: 4 4 0 0 
[DEBUG] ApplyCheckerMove AFTER: Player 0, Move: (pos=23, to=19, die=4) Dice: -1 4 0 0 
[DEBUG ILM Before Push (Move)] Player: 0 | Dice: -1(u) 4 | Initial: [4 4 ]
[DEBUG ILM After Push (Move)] Top State - Player: 0 | Dice: -1(u) 4 | Initial: [4 4 ][DEBUG ILM Popped State] Depth: 1 | Player: 0 | Dice: -1(u) 4 | Initial: [4 4 ] | Seq Size: 1
  Generated 2 half-moves: [19->15/4] [23->19/4] 
[DEBUG] ApplyCheckerMove BEFORE: Player 0, Move: (pos=19, to=15, die=4) Dice: -1 4 0 0 
[DEBUG] ApplyCheckerMove AFTER: Player 0, Move: (pos=19, to=15, die=4) Dice: -1 -1 0 0 
[DEBUG ILM Before Push (Clone)] Player: 0 | Dice: -1(u) -1(u) | Initial: [4 4 ]
[DEBUG ILM After Push (Clone)] Top State - Player: 0 | Dice: -1(u) -1(u) | Initial: [4 4 ][DEBUG] UndoCheckerMove BEFORE: Player 0, Move: (pos=19, to=15, die=4) Dice: -1 -1 0 0 
[DEBUG] UndoCheckerMove AFTER: Player 0, Move: (pos=19, to=15, die=4) Dice: 4 -1 0 0 
[DEBUG] ApplyCheckerMove BEFORE: Player 0, Move: (pos=23, to=19, die=4) Dice: 4 -1 0 0 
[DEBUG] ApplyCheckerMove AFTER: Player 0, Move: (pos=23, to=19, die=4) Dice: -1 -1 0 0 
[DEBUG ILM Before Push (Move)] Player: 0 | Dice: -1(u) -1(u) | Initial: [4 4 ]
[DEBUG ILM After Push (Move)] Top State - Player: 0 | Dice: -1(u) -1(u) | Initial: [4 4 ][DEBUG ILM Popped State] Depth: 2 | Player: 0 | Dice: -1(u) -1(u) | Initial: [4 4 ] | Seq Size: 2
  Generated 1 half-moves: [-1->-1/1] 
[DEBUG ILM ADD SEQ NOBRANCH/LIMIT] Depth=2: {23,19,4} {23,19,4}
[DEBUG ILM Popped State] Depth: 2 | Player: 0 | Dice: -1(u) -1(u) | Initial: [4 4 ] | Seq Size: 2
  Generated 1 half-moves: [-1->-1/1] 
[DEBUG ILM ADD SEQ NOBRANCH/LIMIT] Depth=2: {23,19,4} {19,15,4}
[DEBUG FBS Entry] Player=0 Input movelist (2):
  Seq:  {23,19,4} {19,15,4}
  Seq:  {23,19,4} {23,19,4}
[DEBUG FBS Stats] longest_sequence=2, max_non_pass=2
[DEBUG] ApplyCheckerMove BEFORE: Player 0, Move: (pos=23, to=19, die=4) Dice: 4 4 0 0 
[DEBUG] ApplyCheckerMove AFTER: Player 0, Move: (pos=23, to=19, die=4) Dice: -1 4 0 0 
[DEBUG] ApplyCheckerMove BEFORE: Player 0, Move: (pos=19, to=15, die=4) Dice: -1 4 0 0 
[DEBUG] ApplyCheckerMove AFTER: Player 0, Move: (pos=19, to=15, die=4) Dice: -1 -1 0 0 
[DEBUG] ApplyCheckerMove BEFORE: Player 0, Move: (pos=23, to=19, die=4) Dice: 4 4 0 0 
[DEBUG] ApplyCheckerMove AFTER: Player 0, Move: (pos=23, to=19, die=4) Dice: -1 4 0 0 
[DEBUG] ApplyCheckerMove BEFORE: Player 0, Move: (pos=23, to=19, die=4) Dice: -1 4 0 0 
[DEBUG] ApplyCheckerMove AFTER: Player 0, Move: (pos=23, to=19, die=4) Dice: -1 -1 0 0 
[DEBUG FBS Exit] Returning filtered_movelist (2):
  Seq:  {23,19,4} {19,15,4}
  Seq:  {23,19,4} {23,19,4}
[DEBUG DoApplyAction] Enter half-move branch with move_id=23 and moves_remaining_=4
[DEBUG DoApplyAction] Decoded move: (pos=23, die=4)
[DEBUG] ApplyCheckerMove BEFORE: Player 0, Move: (pos=23, to=19, die=4) Dice: 4 4 0 0 
[DEBUG] ApplyCheckerMove AFTER: Player 0, Move: (pos=23, to=19, die=4) Dice: -1 4 0 0 
[DEBUG DoApplyAction] After ApplyCheckerMove, moves_remaining_ will be 3
[DEBUG DoApplyAction] Exiting with moves_remaining_=3
[TEST] End: ActionEncodingTest
[TEST] Start: test-singlelegalmovetest-1
[DEBUG SetupDice] Input dice: {2, 3, 0, 0}
[DEBUG SetupDice] Assigned state->dice_: {2, 3, 0, 0}
[DEBUG SetupDice] Assigned state->initial_dice_: {2, 3}
[DEBUG ILM ENTRY] IterativeLegalMoves function entered.
[DEBUG ILM Popped State] Depth: 0 | Player: 0 | Dice: 2 3 | Initial: [2 3 ] | Seq Size: 0
  Generated 2 half-moves: [5->2/3] [5->3/2] 
[DEBUG] ApplyCheckerMove BEFORE: Player 0, Move: (pos=5, to=2, die=3) Dice: 2 3 0 0 
[DEBUG] ApplyCheckerMove AFTER: Player 0, Move: (pos=5, to=2, die=3) Dice: 2 -1 0 0 
[DEBUG ILM Before Push (Clone)] Player: 0 | Dice: 2 -1(u) | Initial: [2 3 ]
[DEBUG ILM After Push (Clone)] Top State - Player: 0 | Dice: 2 -1(u) | Initial: [2 3 ][DEBUG] UndoCheckerMove BEFORE: Player 0, Move: (pos=5, to=2, die=3) Dice: 2 -1 0 0 
[DEBUG] UndoCheckerMove AFTER: Player 0, Move: (pos=5, to=2, die=3) Dice: 2 3 0 0 
[DEBUG] ApplyCheckerMove BEFORE: Player 0, Move: (pos=5, to=3, die=2) Dice: 2 3 0 0 
[DEBUG] ApplyCheckerMove AFTER: Player 0, Move: (pos=5, to=3, die=2) Dice: -1 3 0 0 
[DEBUG ILM Before Push (Move)] Player: 0 | Dice: -1(u) 3 | Initial: [2 3 ]
[DEBUG ILM After Push (Move)] Top State - Player: 0 | Dice: -1(u) 3 | Initial: [2 3 ][DEBUG ILM Popped State] Depth: 1 | Player: 0 | Dice: -1(u) 3 | Initial: [2 3 ] | Seq Size: 1
  Generated 1 half-moves: [-1->-1/1] 
[DEBUG ILM ADD SEQ FORCED_PASS] Depth=1: {5,3,2} {-1,-1,3}
[DEBUG ILM Popped State] Depth: 1 | Player: 0 | Dice: 2 -1(u) | Initial: [2 3 ] | Seq Size: 1
  Generated 1 half-moves: [-1->-1/1] 
[DEBUG ILM ADD SEQ FORCED_PASS] Depth=1: {5,2,3} {-1,-1,2}
[DEBUG FBS Entry] Player=0 Input movelist (2):
  Seq:  {5,2,3} {-1,-1,2}
  Seq:  {5,3,2} {-1,-1,3}
[DEBUG FBS Stats] longest_sequence=2, max_non_pass=1
[DEBUG] ApplyCheckerMove BEFORE: Player 0, Move: (pos=5, to=2, die=3) Dice: 2 3 0 0 
[DEBUG] ApplyCheckerMove AFTER: Player 0, Move: (pos=5, to=2, die=3) Dice: 2 -1 0 0 
[DEBUG] ApplyCheckerMove BEFORE: Player 0, Move: (pos=5, to=3, die=2) Dice: 2 3 0 0 
[DEBUG] ApplyCheckerMove AFTER: Player 0, Move: (pos=5, to=3, die=2) Dice: -1 3 0 0 
[DEBUG FBS Exit] Returning filtered_movelist (2):
  Seq:  {5,2,3} {-1,-1,2}
  Seq:  {5,3,2} {-1,-1,3}
Found correct higher die move {Pt 6 -> Pt 3 (d3)}
[TEST] End: test-singlelegalmovetest-1
[TEST] Start: test-consecutivemovestest-1
[DEBUG ILM ENTRY] IterativeLegalMoves function entered.
[DEBUG ILM Popped State] Depth: 0 | Player: 0 | Dice: 1 1 1 1 | Initial: [1 1 1 1 ] | Seq Size: 0
  Generated 1 half-moves: [23->22/1] 
[DEBUG] ApplyCheckerMove BEFORE: Player 0, Move: (pos=23, to=22, die=1) Dice: 1 1 1 1 
[DEBUG] ApplyCheckerMove AFTER: Player 0, Move: (pos=23, to=22, die=1) Dice: -1 1 1 1 
[DEBUG ILM Before Push (Move)] Player: 0 | Dice: -1(u) 1 1 1 | Initial: [1 1 1 1 ]
[DEBUG ILM After Push (Move)] Top State - Player: 0 | Dice: -1(u) 1 1 1 | Initial: [1 1 1 1 ][DEBUG ILM Popped State] Depth: 1 | Player: 0 | Dice: -1(u) 1 1 1 | Initial: [1 1 1 1 ] | Seq Size: 1
  Generated 1 half-moves: [22->21/1] 
[DEBUG] ApplyCheckerMove BEFORE: Player 0, Move: (pos=22, to=21, die=1) Dice: -1 1 1 1 
[DEBUG] ApplyCheckerMove AFTER: Player 0, Move: (pos=22, to=21, die=1) Dice: -1 -1 1 1 
[DEBUG ILM Before Push (Move)] Player: 0 | Dice: -1(u) -1(u) 1 1 | Initial: [1 1 1 1 ]
[DEBUG ILM After Push (Move)] Top State - Player: 0 | Dice: -1(u) -1(u) 1 1 | Initial: [1 1 1 1 ][DEBUG ILM Popped State] Depth: 2 | Player: 0 | Dice: -1(u) -1(u) 1 1 | Initial: [1 1 1 1 ] | Seq Size: 2
  Generated 1 half-moves: [21->20/1] 
[DEBUG] ApplyCheckerMove BEFORE: Player 0, Move: (pos=21, to=20, die=1) Dice: -1 -1 1 1 
[DEBUG] ApplyCheckerMove AFTER: Player 0, Move: (pos=21, to=20, die=1) Dice: -1 -1 -1 1 
[DEBUG ILM Before Push (Move)] Player: 0 | Dice: -1(u) -1(u) -1(u) 1 | Initial: [1 1 1 1 ]
[DEBUG ILM After Push (Move)] Top State - Player: 0 | Dice: -1(u) -1(u) -1(u) 1 | Initial: [1 1 1 1 ][DEBUG ILM Popped State] Depth: 3 | Player: 0 | Dice: -1(u) -1(u) -1(u) 1 | Initial: [1 1 1 1 ] | Seq Size: 3
  Generated 1 half-moves: [20->19/1] 
[DEBUG] ApplyCheckerMove BEFORE: Player 0, Move: (pos=20, to=19, die=1) Dice: -1 -1 -1 1 
[DEBUG] ApplyCheckerMove AFTER: Player 0, Move: (pos=20, to=19, die=1) Dice: -1 -1 -1 -1 
[DEBUG ILM Before Push (Move)] Player: 0 | Dice: -1(u) -1(u) -1(u) -1(u) | Initial: [1 1 1 1 ]
[DEBUG ILM After Push (Move)] Top State - Player: 0 | Dice: -1(u) -1(u) -1(u) -1(u) | Initial: [1 1 1 1 ][DEBUG ILM Popped State] Depth: 4 | Player: 0 | Dice: -1(u) -1(u) -1(u) -1(u) | Initial: [1 1 1 1 ] | Seq Size: 4
  Generated 1 half-moves: [-1->-1/1] 
[DEBUG ILM ADD SEQ NOBRANCH/LIMIT] Depth=4: {23,22,1} {22,21,1} {21,20,1} {20,19,1}
[DEBUG FBS Entry] Player=0 Input movelist (1):
  Seq:  {23,22,1} {22,21,1} {21,20,1} {20,19,1}
[DEBUG FBS Stats] longest_sequence=4, max_non_pass=4
[DEBUG] ApplyCheckerMove BEFORE: Player 0, Move: (pos=23, to=22, die=1) Dice: 1 1 1 1 
[DEBUG] ApplyCheckerMove AFTER: Player 0, Move: (pos=23, to=22, die=1) Dice: -1 1 1 1 
[DEBUG] ApplyCheckerMove BEFORE: Player 0, Move: (pos=22, to=21, die=1) Dice: -1 1 1 1 
[DEBUG] ApplyCheckerMove AFTER: Player 0, Move: (pos=22, to=21, die=1) Dice: -1 -1 1 1 
[DEBUG] ApplyCheckerMove BEFORE: Player 0, Move: (pos=21, to=20, die=1) Dice: -1 -1 1 1 
[DEBUG] ApplyCheckerMove AFTER: Player 0, Move: (pos=21, to=20, die=1) Dice: -1 -1 -1 1 
[DEBUG] ApplyCheckerMove BEFORE: Player 0, Move: (pos=20, to=19, die=1) Dice: -1 -1 -1 1 
[DEBUG] ApplyCheckerMove AFTER: Player 0, Move: (pos=20, to=19, die=1) Dice: -1 -1 -1 -1 
[DEBUG FBS Exit] Returning filtered_movelist (1):
  Seq:  {23,22,1} {22,21,1} {21,20,1} {20,19,1}
[DEBUG DoApplyAction] Enter half-move branch with move_id=23 and moves_remaining_=4
[DEBUG DoApplyAction] Decoded move: (pos=23, die=1)
[DEBUG] ApplyCheckerMove BEFORE: Player 0, Move: (pos=23, to=22, die=1) Dice: 1 1 1 1 
[DEBUG] ApplyCheckerMove AFTER: Player 0, Move: (pos=23, to=22, die=1) Dice: -1 1 1 1 
[DEBUG DoApplyAction] After ApplyCheckerMove, moves_remaining_ will be 3
[DEBUG DoApplyAction] Exiting with moves_remaining_=3
[DEBUG ILM ENTRY] IterativeLegalMoves function entered.
[DEBUG ILM Popped State] Depth: 0 | Player: 0 | Dice: -1(u) 1 1 1 | Initial: [1 1 1 1 ] | Seq Size: 0
  Generated 2 half-moves: [22->21/1] [23->22/1] 
[DEBUG] ApplyCheckerMove BEFORE: Player 0, Move: (pos=22, to=21, die=1) Dice: -1 1 1 1 
[DEBUG] ApplyCheckerMove AFTER: Player 0, Move: (pos=22, to=21, die=1) Dice: -1 -1 1 1 
[DEBUG ILM Before Push (Clone)] Player: 0 | Dice: -1(u) -1(u) 1 1 | Initial: [1 1 1 1 ]
[DEBUG ILM After Push (Clone)] Top State - Player: 0 | Dice: -1(u) -1(u) 1 1 | Initial: [1 1 1 1 ][DEBUG] UndoCheckerMove BEFORE: Player 0, Move: (pos=22, to=21, die=1) Dice: -1 -1 1 1 
[DEBUG] UndoCheckerMove AFTER: Player 0, Move: (pos=22, to=21, die=1) Dice: 1 -1 1 1 
[DEBUG] ApplyCheckerMove BEFORE: Player 0, Move: (pos=23, to=22, die=1) Dice: 1 -1 1 1 
[DEBUG] ApplyCheckerMove AFTER: Player 0, Move: (pos=23, to=22, die=1) Dice: -1 -1 1 1 
[DEBUG ILM Before Push (Move)] Player: 0 | Dice: -1(u) -1(u) 1 1 | Initial: [1 1 1 1 ]
[DEBUG ILM After Push (Move)] Top State - Player: 0 | Dice: -1(u) -1(u) 1 1 | Initial: [1 1 1 1 ][DEBUG ILM Popped State] Depth: 1 | Player: 0 | Dice: -1(u) -1(u) 1 1 | Initial: [1 1 1 1 ] | Seq Size: 1
  Generated 1 half-moves: [22->21/1] 
[DEBUG] ApplyCheckerMove BEFORE: Player 0, Move: (pos=22, to=21, die=1) Dice: -1 -1 1 1 
[DEBUG] ApplyCheckerMove AFTER: Player 0, Move: (pos=22, to=21, die=1) Dice: -1 -1 -1 1 
[DEBUG ILM Before Push (Move)] Player: 0 | Dice: -1(u) -1(u) -1(u) 1 | Initial: [1 1 1 1 ]
[DEBUG ILM After Push (Move)] Top State - Player: 0 | Dice: -1(u) -1(u) -1(u) 1 | Initial: [1 1 1 1 ][DEBUG ILM Popped State] Depth: 2 | Player: 0 | Dice: -1(u) -1(u) -1(u) 1 | Initial: [1 1 1 1 ] | Seq Size: 2
  Generated 2 half-moves: [21->20/1] [22->21/1] 
[DEBUG] ApplyCheckerMove BEFORE: Player 0, Move: (pos=21, to=20, die=1) Dice: -1 -1 -1 1 
[DEBUG] ApplyCheckerMove AFTER: Player 0, Move: (pos=21, to=20, die=1) Dice: -1 -1 -1 -1 
[DEBUG ILM Before Push (Clone)] Player: 0 | Dice: -1(u) -1(u) -1(u) -1(u) | Initial: [1 1 1 1 ]
[DEBUG ILM After Push (Clone)] Top State - Player: 0 | Dice: -1(u) -1(u) -1(u) -1(u) | Initial: [1 1 1 1 ][DEBUG] UndoCheckerMove BEFORE: Player 0, Move: (pos=21, to=20, die=1) Dice: -1 -1 -1 -1 
[DEBUG] UndoCheckerMove AFTER: Player 0, Move: (pos=21, to=20, die=1) Dice: 1 -1 -1 -1 
[DEBUG] ApplyCheckerMove BEFORE: Player 0, Move: (pos=22, to=21, die=1) Dice: 1 -1 -1 -1 
[DEBUG] ApplyCheckerMove AFTER: Player 0, Move: (pos=22, to=21, die=1) Dice: -1 -1 -1 -1 
[DEBUG ILM Before Push (Move)] Player: 0 | Dice: -1(u) -1(u) -1(u) -1(u) | Initial: [1 1 1 1 ]
[DEBUG ILM After Push (Move)] Top State - Player: 0 | Dice: -1(u) -1(u) -1(u) -1(u) | Initial: [1 1 1 1 ][DEBUG ILM Popped State] Depth: 3 | Player: 0 | Dice: -1(u) -1(u) -1(u) -1(u) | Initial: [1 1 1 1 ] | Seq Size: 3
  Generated 1 half-moves: [-1->-1/1] 
[DEBUG ILM ADD SEQ NOBRANCH/LIMIT] Depth=3: {23,22,1} {22,21,1} {22,21,1}
[DEBUG ILM Popped State] Depth: 3 | Player: 0 | Dice: -1(u) -1(u) -1(u) -1(u) | Initial: [1 1 1 1 ] | Seq Size: 3
  Generated 1 half-moves: [-1->-1/1] 
[DEBUG ILM ADD SEQ NOBRANCH/LIMIT] Depth=3: {23,22,1} {22,21,1} {21,20,1}
[DEBUG ILM Popped State] Depth: 1 | Player: 0 | Dice: -1(u) -1(u) 1 1 | Initial: [1 1 1 1 ] | Seq Size: 1
  Generated 2 half-moves: [21->20/1] [23->22/1] 
[DEBUG] ApplyCheckerMove BEFORE: Player 0, Move: (pos=21, to=20, die=1) Dice: -1 -1 1 1 
[DEBUG] ApplyCheckerMove AFTER: Player 0, Move: (pos=21, to=20, die=1) Dice: -1 -1 -1 1 
[DEBUG ILM Before Push (Clone)] Player: 0 | Dice: -1(u) -1(u) -1(u) 1 | Initial: [1 1 1 1 ]
[DEBUG ILM After Push (Clone)] Top State - Player: 0 | Dice: -1(u) -1(u) -1(u) 1 | Initial: [1 1 1 1 ][DEBUG] UndoCheckerMove BEFORE: Player 0, Move: (pos=21, to=20, die=1) Dice: -1 -1 -1 1 
[DEBUG] UndoCheckerMove AFTER: Player 0, Move: (pos=21, to=20, die=1) Dice: 1 -1 -1 1 
[DEBUG] ApplyCheckerMove BEFORE: Player 0, Move: (pos=23, to=22, die=1) Dice: 1 -1 -1 1 
[DEBUG] ApplyCheckerMove AFTER: Player 0, Move: (pos=23, to=22, die=1) Dice: -1 -1 -1 1 
[DEBUG ILM Before Push (Move)] Player: 0 | Dice: -1(u) -1(u) -1(u) 1 | Initial: [1 1 1 1 ]
[DEBUG ILM After Push (Move)] Top State - Player: 0 | Dice: -1(u) -1(u) -1(u) 1 | Initial: [1 1 1 1 ][DEBUG ILM Popped State] Depth: 2 | Player: 0 | Dice: -1(u) -1(u) -1(u) 1 | Initial: [1 1 1 1 ] | Seq Size: 2
  Generated 2 half-moves: [21->20/1] [22->21/1] 
[DEBUG] ApplyCheckerMove BEFORE: Player 0, Move: (pos=21, to=20, die=1) Dice: -1 -1 -1 1 
[DEBUG] ApplyCheckerMove AFTER: Player 0, Move: (pos=21, to=20, die=1) Dice: -1 -1 -1 -1 
[DEBUG ILM Before Push (Clone)] Player: 0 | Dice: -1(u) -1(u) -1(u) -1(u) | Initial: [1 1 1 1 ]
[DEBUG ILM After Push (Clone)] Top State - Player: 0 | Dice: -1(u) -1(u) -1(u) -1(u) | Initial: [1 1 1 1 ][DEBUG] UndoCheckerMove BEFORE: Player 0, Move: (pos=21, to=20, die=1) Dice: -1 -1 -1 -1 
[DEBUG] UndoCheckerMove AFTER: Player 0, Move: (pos=21, to=20, die=1) Dice: 1 -1 -1 -1 
[DEBUG] ApplyCheckerMove BEFORE: Player 0, Move: (pos=22, to=21, die=1) Dice: 1 -1 -1 -1 
[DEBUG] ApplyCheckerMove AFTER: Player 0, Move: (pos=22, to=21, die=1) Dice: -1 -1 -1 -1 
[DEBUG ILM Before Push (Move)] Player: 0 | Dice: -1(u) -1(u) -1(u) -1(u) | Initial: [1 1 1 1 ]
[DEBUG ILM After Push (Move)] Top State - Player: 0 | Dice: -1(u) -1(u) -1(u) -1(u) | Initial: [1 1 1 1 ][DEBUG ILM Popped State] Depth: 3 | Player: 0 | Dice: -1(u) -1(u) -1(u) -1(u) | Initial: [1 1 1 1 ] | Seq Size: 3
  Generated 1 half-moves: [-1->-1/1] 
[DEBUG ILM ADD SEQ NOBRANCH/LIMIT] Depth=3: {22,21,1} {23,22,1} {22,21,1}
[DEBUG ILM Popped State] Depth: 3 | Player: 0 | Dice: -1(u) -1(u) -1(u) -1(u) | Initial: [1 1 1 1 ] | Seq Size: 3
  Generated 1 half-moves: [-1->-1/1] 
[DEBUG ILM ADD SEQ NOBRANCH/LIMIT] Depth=3: {22,21,1} {23,22,1} {21,20,1}
[DEBUG ILM Popped State] Depth: 2 | Player: 0 | Dice: -1(u) -1(u) -1(u) 1 | Initial: [1 1 1 1 ] | Seq Size: 2
  Generated 2 half-moves: [20->19/1] [23->22/1] 
[DEBUG] ApplyCheckerMove BEFORE: Player 0, Move: (pos=20, to=19, die=1) Dice: -1 -1 -1 1 
[DEBUG] ApplyCheckerMove AFTER: Player 0, Move: (pos=20, to=19, die=1) Dice: -1 -1 -1 -1 
[DEBUG ILM Before Push (Clone)] Player: 0 | Dice: -1(u) -1(u) -1(u) -1(u) | Initial: [1 1 1 1 ]
[DEBUG ILM After Push (Clone)] Top State - Player: 0 | Dice: -1(u) -1(u) -1(u) -1(u) | Initial: [1 1 1 1 ][DEBUG] UndoCheckerMove BEFORE: Player 0, Move: (pos=20, to=19, die=1) Dice: -1 -1 -1 -1 
[DEBUG] UndoCheckerMove AFTER: Player 0, Move: (pos=20, to=19, die=1) Dice: 1 -1 -1 -1 
[DEBUG] ApplyCheckerMove BEFORE: Player 0, Move: (pos=23, to=22, die=1) Dice: 1 -1 -1 -1 
[DEBUG] ApplyCheckerMove AFTER: Player 0, Move: (pos=23, to=22, die=1) Dice: -1 -1 -1 -1 
[DEBUG ILM Before Push (Move)] Player: 0 | Dice: -1(u) -1(u) -1(u) -1(u) | Initial: [1 1 1 1 ]
[DEBUG ILM After Push (Move)] Top State - Player: 0 | Dice: -1(u) -1(u) -1(u) -1(u) | Initial: [1 1 1 1 ][DEBUG ILM Popped State] Depth: 3 | Player: 0 | Dice: -1(u) -1(u) -1(u) -1(u) | Initial: [1 1 1 1 ] | Seq Size: 3
  Generated 1 half-moves: [-1->-1/1] 
[DEBUG ILM ADD SEQ NOBRANCH/LIMIT] Depth=3: {22,21,1} {21,20,1} {23,22,1}
[DEBUG ILM Popped State] Depth: 3 | Player: 0 | Dice: -1(u) -1(u) -1(u) -1(u) | Initial: [1 1 1 1 ] | Seq Size: 3
  Generated 1 half-moves: [-1->-1/1] 
[DEBUG ILM ADD SEQ NOBRANCH/LIMIT] Depth=3: {22,21,1} {21,20,1} {20,19,1}
[DEBUG FBS Entry] Player=0 Input movelist (6):
  Seq:  {22,21,1} {21,20,1} {20,19,1}
  Seq:  {22,21,1} {21,20,1} {23,22,1}
  Seq:  {22,21,1} {23,22,1} {21,20,1}
  Seq:  {22,21,1} {23,22,1} {22,21,1}
  Seq:  {23,22,1} {22,21,1} {21,20,1}
  Seq:  {23,22,1} {22,21,1} {22,21,1}
[DEBUG FBS Stats] longest_sequence=3, max_non_pass=3
[DEBUG] ApplyCheckerMove BEFORE: Player 0, Move: (pos=22, to=21, die=1) Dice: -1 1 1 1 
[DEBUG] ApplyCheckerMove AFTER: Player 0, Move: (pos=22, to=21, die=1) Dice: -1 -1 1 1 
[DEBUG] ApplyCheckerMove BEFORE: Player 0, Move: (pos=21, to=20, die=1) Dice: -1 -1 1 1 
[DEBUG] ApplyCheckerMove AFTER: Player 0, Move: (pos=21, to=20, die=1) Dice: -1 -1 -1 1 
[DEBUG] ApplyCheckerMove BEFORE: Player 0, Move: (pos=20, to=19, die=1) Dice: -1 -1 -1 1 
[DEBUG] ApplyCheckerMove AFTER: Player 0, Move: (pos=20, to=19, die=1) Dice: -1 -1 -1 -1 
[DEBUG] ApplyCheckerMove BEFORE: Player 0, Move: (pos=22, to=21, die=1) Dice: -1 1 1 1 
[DEBUG] ApplyCheckerMove AFTER: Player 0, Move: (pos=22, to=21, die=1) Dice: -1 -1 1 1 
[DEBUG] ApplyCheckerMove BEFORE: Player 0, Move: (pos=21, to=20, die=1) Dice: -1 -1 1 1 
[DEBUG] ApplyCheckerMove AFTER: Player 0, Move: (pos=21, to=20, die=1) Dice: -1 -1 -1 1 
[DEBUG] ApplyCheckerMove BEFORE: Player 0, Move: (pos=23, to=22, die=1) Dice: -1 -1 -1 1 
[DEBUG] ApplyCheckerMove AFTER: Player 0, Move: (pos=23, to=22, die=1) Dice: -1 -1 -1 -1 
[DEBUG] ApplyCheckerMove BEFORE: Player 0, Move: (pos=22, to=21, die=1) Dice: -1 1 1 1 
[DEBUG] ApplyCheckerMove AFTER: Player 0, Move: (pos=22, to=21, die=1) Dice: -1 -1 1 1 
[DEBUG] ApplyCheckerMove BEFORE: Player 0, Move: (pos=23, to=22, die=1) Dice: -1 -1 1 1 
[DEBUG] ApplyCheckerMove AFTER: Player 0, Move: (pos=23, to=22, die=1) Dice: -1 -1 -1 1 
[DEBUG] ApplyCheckerMove BEFORE: Player 0, Move: (pos=21, to=20, die=1) Dice: -1 -1 -1 1 
[DEBUG] ApplyCheckerMove AFTER: Player 0, Move: (pos=21, to=20, die=1) Dice: -1 -1 -1 -1 
[DEBUG] ApplyCheckerMove BEFORE: Player 0, Move: (pos=22, to=21, die=1) Dice: -1 1 1 1 
[DEBUG] ApplyCheckerMove AFTER: Player 0, Move: (pos=22, to=21, die=1) Dice: -1 -1 1 1 
[DEBUG] ApplyCheckerMove BEFORE: Player 0, Move: (pos=23, to=22, die=1) Dice: -1 -1 1 1 
[DEBUG] ApplyCheckerMove AFTER: Player 0, Move: (pos=23, to=22, die=1) Dice: -1 -1 -1 1 
[DEBUG] ApplyCheckerMove BEFORE: Player 0, Move: (pos=22, to=21, die=1) Dice: -1 -1 -1 1 
[DEBUG] ApplyCheckerMove AFTER: Player 0, Move: (pos=22, to=21, die=1) Dice: -1 -1 -1 -1 
[DEBUG] ApplyCheckerMove BEFORE: Player 0, Move: (pos=23, to=22, die=1) Dice: -1 1 1 1 
[DEBUG] ApplyCheckerMove AFTER: Player 0, Move: (pos=23, to=22, die=1) Dice: -1 -1 1 1 
[DEBUG] ApplyCheckerMove BEFORE: Player 0, Move: (pos=22, to=21, die=1) Dice: -1 -1 1 1 
[DEBUG] ApplyCheckerMove AFTER: Player 0, Move: (pos=22, to=21, die=1) Dice: -1 -1 -1 1 
[DEBUG] ApplyCheckerMove BEFORE: Player 0, Move: (pos=21, to=20, die=1) Dice: -1 -1 -1 1 
[DEBUG] ApplyCheckerMove AFTER: Player 0, Move: (pos=21, to=20, die=1) Dice: -1 -1 -1 -1 
[DEBUG] ApplyCheckerMove BEFORE: Player 0, Move: (pos=23, to=22, die=1) Dice: -1 1 1 1 
[DEBUG] ApplyCheckerMove AFTER: Player 0, Move: (pos=23, to=22, die=1) Dice: -1 -1 1 1 
[DEBUG] ApplyCheckerMove BEFORE: Player 0, Move: (pos=22, to=21, die=1) Dice: -1 -1 1 1 
[DEBUG] ApplyCheckerMove AFTER: Player 0, Move: (pos=22, to=21, die=1) Dice: -1 -1 -1 1 
[DEBUG] ApplyCheckerMove BEFORE: Player 0, Move: (pos=22, to=21, die=1) Dice: -1 -1 -1 1 
[DEBUG] ApplyCheckerMove AFTER: Player 0, Move: (pos=22, to=21, die=1) Dice: -1 -1 -1 -1 
[DEBUG FBS Exit] Returning filtered_movelist (6):
  Seq:  {22,21,1} {21,20,1} {20,19,1}
  Seq:  {22,21,1} {21,20,1} {23,22,1}
  Seq:  {22,21,1} {23,22,1} {21,20,1}
  Seq:  {22,21,1} {23,22,1} {22,21,1}
  Seq:  {23,22,1} {22,21,1} {21,20,1}
  Seq:  {23,22,1} {22,21,1} {22,21,1}
[DEBUG DoApplyAction] Enter half-move branch with move_id=22 and moves_remaining_=3
[DEBUG DoApplyAction] Decoded move: (pos=22, die=1)
[DEBUG] ApplyCheckerMove BEFORE: Player 0, Move: (pos=22, to=21, die=1) Dice: -1 1 1 1 
[DEBUG] ApplyCheckerMove AFTER: Player 0, Move: (pos=22, to=21, die=1) Dice: -1 -1 1 1 
[DEBUG DoApplyAction] After ApplyCheckerMove, moves_remaining_ will be 2
[DEBUG DoApplyAction] Exiting with moves_remaining_=2
[DEBUG ILM ENTRY] IterativeLegalMoves function entered.
[DEBUG ILM Popped State] Depth: 0 | Player: 0 | Dice: -1(u) -1(u) 1 1 | Initial: [1 1 1 1 ] | Seq Size: 0
  Generated 2 half-moves: [21->20/1] [23->22/1] 
[DEBUG] ApplyCheckerMove BEFORE: Player 0, Move: (pos=21, to=20, die=1) Dice: -1 -1 1 1 
[DEBUG] ApplyCheckerMove AFTER: Player 0, Move: (pos=21, to=20, die=1) Dice: -1 -1 -1 1 
[DEBUG ILM Before Push (Clone)] Player: 0 | Dice: -1(u) -1(u) -1(u) 1 | Initial: [1 1 1 1 ]
[DEBUG ILM After Push (Clone)] Top State - Player: 0 | Dice: -1(u) -1(u) -1(u) 1 | Initial: [1 1 1 1 ][DEBUG] UndoCheckerMove BEFORE: Player 0, Move: (pos=21, to=20, die=1) Dice: -1 -1 -1 1 
[DEBUG] UndoCheckerMove AFTER: Player 0, Move: (pos=21, to=20, die=1) Dice: 1 -1 -1 1 
[DEBUG] ApplyCheckerMove BEFORE: Player 0, Move: (pos=23, to=22, die=1) Dice: 1 -1 -1 1 
[DEBUG] ApplyCheckerMove AFTER: Player 0, Move: (pos=23, to=22, die=1) Dice: -1 -1 -1 1 
[DEBUG ILM Before Push (Move)] Player: 0 | Dice: -1(u) -1(u) -1(u) 1 | Initial: [1 1 1 1 ]
[DEBUG ILM After Push (Move)] Top State - Player: 0 | Dice: -1(u) -1(u) -1(u) 1 | Initial: [1 1 1 1 ][DEBUG ILM Popped State] Depth: 1 | Player: 0 | Dice: -1(u) -1(u) -1(u) 1 | Initial: [1 1 1 1 ] | Seq Size: 1
  Generated 2 half-moves: [21->20/1] [22->21/1] 
[DEBUG] ApplyCheckerMove BEFORE: Player 0, Move: (pos=21, to=20, die=1) Dice: -1 -1 -1 1 
[DEBUG] ApplyCheckerMove AFTER: Player 0, Move: (pos=21, to=20, die=1) Dice: -1 -1 -1 -1 
[DEBUG ILM Before Push (Clone)] Player: 0 | Dice: -1(u) -1(u) -1(u) -1(u) | Initial: [1 1 1 1 ]
[DEBUG ILM After Push (Clone)] Top State - Player: 0 | Dice: -1(u) -1(u) -1(u) -1(u) | Initial: [1 1 1 1 ][DEBUG] UndoCheckerMove BEFORE: Player 0, Move: (pos=21, to=20, die=1) Dice: -1 -1 -1 -1 
[DEBUG] UndoCheckerMove AFTER: Player 0, Move: (pos=21, to=20, die=1) Dice: 1 -1 -1 -1 
[DEBUG] ApplyCheckerMove BEFORE: Player 0, Move: (pos=22, to=21, die=1) Dice: 1 -1 -1 -1 
[DEBUG] ApplyCheckerMove AFTER: Player 0, Move: (pos=22, to=21, die=1) Dice: -1 -1 -1 -1 
[DEBUG ILM Before Push (Move)] Player: 0 | Dice: -1(u) -1(u) -1(u) -1(u) | Initial: [1 1 1 1 ]
[DEBUG ILM After Push (Move)] Top State - Player: 0 | Dice: -1(u) -1(u) -1(u) -1(u) | Initial: [1 1 1 1 ][DEBUG ILM Popped State] Depth: 2 | Player: 0 | Dice: -1(u) -1(u) -1(u) -1(u) | Initial: [1 1 1 1 ] | Seq Size: 2
  Generated 1 half-moves: [-1->-1/1] 
[DEBUG ILM ADD SEQ NOBRANCH/LIMIT] Depth=2: {23,22,1} {22,21,1}
[DEBUG ILM Popped State] Depth: 2 | Player: 0 | Dice: -1(u) -1(u) -1(u) -1(u) | Initial: [1 1 1 1 ] | Seq Size: 2
  Generated 1 half-moves: [-1->-1/1] 
[DEBUG ILM ADD SEQ NOBRANCH/LIMIT] Depth=2: {23,22,1} {21,20,1}
[DEBUG ILM Popped State] Depth: 1 | Player: 0 | Dice: -1(u) -1(u) -1(u) 1 | Initial: [1 1 1 1 ] | Seq Size: 1
  Generated 2 half-moves: [20->19/1] [23->22/1] 
[DEBUG] ApplyCheckerMove BEFORE: Player 0, Move: (pos=20, to=19, die=1) Dice: -1 -1 -1 1 
[DEBUG] ApplyCheckerMove AFTER: Player 0, Move: (pos=20, to=19, die=1) Dice: -1 -1 -1 -1 
[DEBUG ILM Before Push (Clone)] Player: 0 | Dice: -1(u) -1(u) -1(u) -1(u) | Initial: [1 1 1 1 ]
[DEBUG ILM After Push (Clone)] Top State - Player: 0 | Dice: -1(u) -1(u) -1(u) -1(u) | Initial: [1 1 1 1 ][DEBUG] UndoCheckerMove BEFORE: Player 0, Move: (pos=20, to=19, die=1) Dice: -1 -1 -1 -1 
[DEBUG] UndoCheckerMove AFTER: Player 0, Move: (pos=20, to=19, die=1) Dice: 1 -1 -1 -1 
[DEBUG] ApplyCheckerMove BEFORE: Player 0, Move: (pos=23, to=22, die=1) Dice: 1 -1 -1 -1 
[DEBUG] ApplyCheckerMove AFTER: Player 0, Move: (pos=23, to=22, die=1) Dice: -1 -1 -1 -1 
[DEBUG ILM Before Push (Move)] Player: 0 | Dice: -1(u) -1(u) -1(u) -1(u) | Initial: [1 1 1 1 ]
[DEBUG ILM After Push (Move)] Top State - Player: 0 | Dice: -1(u) -1(u) -1(u) -1(u) | Initial: [1 1 1 1 ][DEBUG ILM Popped State] Depth: 2 | Player: 0 | Dice: -1(u) -1(u) -1(u) -1(u) | Initial: [1 1 1 1 ] | Seq Size: 2
  Generated 1 half-moves: [-1->-1/1] 
[DEBUG ILM ADD SEQ NOBRANCH/LIMIT] Depth=2: {21,20,1} {23,22,1}
[DEBUG ILM Popped State] Depth: 2 | Player: 0 | Dice: -1(u) -1(u) -1(u) -1(u) | Initial: [1 1 1 1 ] | Seq Size: 2
  Generated 1 half-moves: [-1->-1/1] 
[DEBUG ILM ADD SEQ NOBRANCH/LIMIT] Depth=2: {21,20,1} {20,19,1}
[DEBUG FBS Entry] Player=0 Input movelist (4):
  Seq:  {21,20,1} {20,19,1}
  Seq:  {21,20,1} {23,22,1}
  Seq:  {23,22,1} {21,20,1}
  Seq:  {23,22,1} {22,21,1}
[DEBUG FBS Stats] longest_sequence=2, max_non_pass=2
[DEBUG] ApplyCheckerMove BEFORE: Player 0, Move: (pos=21, to=20, die=1) Dice: -1 -1 1 1 
[DEBUG] ApplyCheckerMove AFTER: Player 0, Move: (pos=21, to=20, die=1) Dice: -1 -1 -1 1 
[DEBUG] ApplyCheckerMove BEFORE: Player 0, Move: (pos=20, to=19, die=1) Dice: -1 -1 -1 1 
[DEBUG] ApplyCheckerMove AFTER: Player 0, Move: (pos=20, to=19, die=1) Dice: -1 -1 -1 -1 
[DEBUG] ApplyCheckerMove BEFORE: Player 0, Move: (pos=21, to=20, die=1) Dice: -1 -1 1 1 
[DEBUG] ApplyCheckerMove AFTER: Player 0, Move: (pos=21, to=20, die=1) Dice: -1 -1 -1 1 
[DEBUG] ApplyCheckerMove BEFORE: Player 0, Move: (pos=23, to=22, die=1) Dice: -1 -1 -1 1 
[DEBUG] ApplyCheckerMove AFTER: Player 0, Move: (pos=23, to=22, die=1) Dice: -1 -1 -1 -1 
[DEBUG] ApplyCheckerMove BEFORE: Player 0, Move: (pos=23, to=22, die=1) Dice: -1 -1 1 1 
[DEBUG] ApplyCheckerMove AFTER: Player 0, Move: (pos=23, to=22, die=1) Dice: -1 -1 -1 1 
[DEBUG] ApplyCheckerMove BEFORE: Player 0, Move: (pos=21, to=20, die=1) Dice: -1 -1 -1 1 
[DEBUG] ApplyCheckerMove AFTER: Player 0, Move: (pos=21, to=20, die=1) Dice: -1 -1 -1 -1 
[DEBUG] ApplyCheckerMove BEFORE: Player 0, Move: (pos=23, to=22, die=1) Dice: -1 -1 1 1 
[DEBUG] ApplyCheckerMove AFTER: Player 0, Move: (pos=23, to=22, die=1) Dice: -1 -1 -1 1 
[DEBUG] ApplyCheckerMove BEFORE: Player 0, Move: (pos=22, to=21, die=1) Dice: -1 -1 -1 1 
[DEBUG] ApplyCheckerMove AFTER: Player 0, Move: (pos=22, to=21, die=1) Dice: -1 -1 -1 -1 
[DEBUG FBS Exit] Returning filtered_movelist (4):
  Seq:  {21,20,1} {20,19,1}
  Seq:  {21,20,1} {23,22,1}
  Seq:  {23,22,1} {21,20,1}
  Seq:  {23,22,1} {22,21,1}
[DEBUG DoApplyAction] Enter half-move branch with move_id=21 and moves_remaining_=2
[DEBUG DoApplyAction] Decoded move: (pos=21, die=1)
[DEBUG] ApplyCheckerMove BEFORE: Player 0, Move: (pos=21, to=20, die=1) Dice: -1 -1 1 1 
[DEBUG] ApplyCheckerMove AFTER: Player 0, Move: (pos=21, to=20, die=1) Dice: -1 -1 -1 1 
[DEBUG DoApplyAction] After ApplyCheckerMove, moves_remaining_ will be 1
[DEBUG DoApplyAction] Exiting with moves_remaining_=1
[DEBUG ILM ENTRY] IterativeLegalMoves function entered.
[DEBUG ILM Popped State] Depth: 0 | Player: 0 | Dice: -1(u) -1(u) -1(u) 1 | Initial: [1 1 1 1 ] | Seq Size: 0
  Generated 2 half-moves: [20->19/1] [23->22/1] 
[DEBUG] ApplyCheckerMove BEFORE: Player 0, Move: (pos=20, to=19, die=1) Dice: -1 -1 -1 1 
[DEBUG] ApplyCheckerMove AFTER: Player 0, Move: (pos=20, to=19, die=1) Dice: -1 -1 -1 -1 
[DEBUG ILM Before Push (Clone)] Player: 0 | Dice: -1(u) -1(u) -1(u) -1(u) | Initial: [1 1 1 1 ]
[DEBUG ILM After Push (Clone)] Top State - Player: 0 | Dice: -1(u) -1(u) -1(u) -1(u) | Initial: [1 1 1 1 ][DEBUG] UndoCheckerMove BEFORE: Player 0, Move: (pos=20, to=19, die=1) Dice: -1 -1 -1 -1 
[DEBUG] UndoCheckerMove AFTER: Player 0, Move: (pos=20, to=19, die=1) Dice: 1 -1 -1 -1 
[DEBUG] ApplyCheckerMove BEFORE: Player 0, Move: (pos=23, to=22, die=1) Dice: 1 -1 -1 -1 
[DEBUG] ApplyCheckerMove AFTER: Player 0, Move: (pos=23, to=22, die=1) Dice: -1 -1 -1 -1 
[DEBUG ILM Before Push (Move)] Player: 0 | Dice: -1(u) -1(u) -1(u) -1(u) | Initial: [1 1 1 1 ]
[DEBUG ILM After Push (Move)] Top State - Player: 0 | Dice: -1(u) -1(u) -1(u) -1(u) | Initial: [1 1 1 1 ][DEBUG ILM Popped State] Depth: 1 | Player: 0 | Dice: -1(u) -1(u) -1(u) -1(u) | Initial: [1 1 1 1 ] | Seq Size: 1
  Generated 1 half-moves: [-1->-1/1] 
[DEBUG ILM ADD SEQ NOBRANCH/LIMIT] Depth=1: {23,22,1}
[DEBUG ILM Popped State] Depth: 1 | Player: 0 | Dice: -1(u) -1(u) -1(u) -1(u) | Initial: [1 1 1 1 ] | Seq Size: 1
  Generated 1 half-moves: [-1->-1/1] 
[DEBUG ILM ADD SEQ NOBRANCH/LIMIT] Depth=1: {20,19,1}
[DEBUG FBS Entry] Player=0 Input movelist (2):
  Seq:  {20,19,1}
  Seq:  {23,22,1}
[DEBUG FBS Stats] longest_sequence=1, max_non_pass=1
[DEBUG] ApplyCheckerMove BEFORE: Player 0, Move: (pos=20, to=19, die=1) Dice: -1 -1 -1 1 
[DEBUG] ApplyCheckerMove AFTER: Player 0, Move: (pos=20, to=19, die=1) Dice: -1 -1 -1 -1 
[DEBUG] ApplyCheckerMove BEFORE: Player 0, Move: (pos=23, to=22, die=1) Dice: -1 -1 -1 1 
[DEBUG] ApplyCheckerMove AFTER: Player 0, Move: (pos=23, to=22, die=1) Dice: -1 -1 -1 -1 
[DEBUG FBS Exit] Returning filtered_movelist (2):
  Seq:  {20,19,1}
  Seq:  {23,22,1}
[DEBUG DoApplyAction] Enter half-move branch with move_id=20 and moves_remaining_=1
[DEBUG DoApplyAction] Decoded move: (pos=20, die=1)
[DEBUG] ApplyCheckerMove BEFORE: Player 0, Move: (pos=20, to=19, die=1) Dice: -1 -1 -1 1 
[DEBUG] ApplyCheckerMove AFTER: Player 0, Move: (pos=20, to=19, die=1) Dice: -1 -1 -1 -1 
[DEBUG DoApplyAction] After ApplyCheckerMove, moves_remaining_ will be 0
[DEBUG DoApplyAction] Exiting with moves_remaining_=0
[DEBUG ILM ENTRY] IterativeLegalMoves function entered.
[DEBUG ILM Popped State] Depth: 0 | Player: 1 | Dice: 2 1 | Initial: [2 1 0 0 ] | Seq Size: 0
[DEBUG ILM POST-GAHM] Half-moves generated for P1 state (depth=0): {11,9,2} {11,10,1}
  Generated 2 half-moves: [11->9/2] [11->10/1] 
[DEBUG] ApplyCheckerMove BEFORE: Player 1, Move: (pos=11, to=9, die=2) Dice: 2 1 0 0 
[DEBUG] ApplyCheckerMove AFTER: Player 1, Move: (pos=11, to=9, die=2) Dice: -1 1 0 0 
[DEBUG ILM Before Push (Clone)] Player: 1 | Dice: -1(u) 1 | Initial: [2 1 0 0 ]
[DEBUG ILM After Push (Clone)] Top State - Player: 1 | Dice: -1(u) 1 | Initial: [2 1 0 0 ][DEBUG] UndoCheckerMove BEFORE: Player 1, Move: (pos=11, to=9, die=2) Dice: -1 1 0 0 
[DEBUG] UndoCheckerMove AFTER: Player 1, Move: (pos=11, to=9, die=2) Dice: 2 1 0 0 
[DEBUG] ApplyCheckerMove BEFORE: Player 1, Move: (pos=11, to=10, die=1) Dice: 2 1 0 0 
[DEBUG] ApplyCheckerMove AFTER: Player 1, Move: (pos=11, to=10, die=1) Dice: 2 -1 0 0 
[DEBUG ILM Before Push (Move)] Player: 1 | Dice: 2 -1(u) | Initial: [2 1 0 0 ]
[DEBUG ILM After Push (Move)] Top State - Player: 1 | Dice: 2 -1(u) | Initial: [2 1 0 0 ][DEBUG ILM Popped State] Depth: 1 | Player: 1 | Dice: 2 -1(u) | Initial: [2 1 0 0 ] | Seq Size: 1
[DEBUG ILM POST-GAHM] Half-moves generated for P1 state (depth=1): {10,8,2}
  Generated 1 half-moves: [10->8/2] 
[DEBUG] ApplyCheckerMove BEFORE: Player 1, Move: (pos=10, to=8, die=2) Dice: 2 -1 0 0 
[DEBUG] ApplyCheckerMove AFTER: Player 1, Move: (pos=10, to=8, die=2) Dice: -1 -1 0 0 
[DEBUG ILM Before Push (Move)] Player: 1 | Dice: -1(u) -1(u) | Initial: [2 1 0 0 ]
[DEBUG ILM After Push (Move)] Top State - Player: 1 | Dice: -1(u) -1(u) | Initial: [2 1 0 0 ][DEBUG ILM Popped State] Depth: 2 | Player: 1 | Dice: -1(u) -1(u) | Initial: [2 1 0 0 ] | Seq Size: 2
[DEBUG ILM POST-GAHM] Half-moves generated for P1 state (depth=2): {-1,-1,1}
  Generated 1 half-moves: [-1->-1/1] 
[DEBUG ILM ADD SEQ NOBRANCH/LIMIT] Depth=2: {11,10,1} {10,8,2}
[DEBUG ILM Popped State] Depth: 1 | Player: 1 | Dice: -1(u) 1 | Initial: [2 1 0 0 ] | Seq Size: 1
[DEBUG ILM POST-GAHM] Half-moves generated for P1 state (depth=1): {9,8,1}
  Generated 1 half-moves: [9->8/1] 
[DEBUG] ApplyCheckerMove BEFORE: Player 1, Move: (pos=9, to=8, die=1) Dice: -1 1 0 0 
[DEBUG] ApplyCheckerMove AFTER: Player 1, Move: (pos=9, to=8, die=1) Dice: -1 -1 0 0 
[DEBUG ILM Before Push (Move)] Player: 1 | Dice: -1(u) -1(u) | Initial: [2 1 0 0 ]
[DEBUG ILM After Push (Move)] Top State - Player: 1 | Dice: -1(u) -1(u) | Initial: [2 1 0 0 ][DEBUG ILM Popped State] Depth: 2 | Player: 1 | Dice: -1(u) -1(u) | Initial: [2 1 0 0 ] | Seq Size: 2
[DEBUG ILM POST-GAHM] Half-moves generated for P1 state (depth=2): {-1,-1,1}
  Generated 1 half-moves: [-1->-1/1] 
[DEBUG ILM ADD SEQ NOBRANCH/LIMIT] Depth=2: {11,9,2} {9,8,1}
[DEBUG FBS Entry] Player=1 Input movelist (2):
  Seq:  {11,9,2} {9,8,1}
  Seq:  {11,10,1} {10,8,2}
[DEBUG FBS Stats] longest_sequence=2, max_non_pass=2
[DEBUG] ApplyCheckerMove BEFORE: Player 1, Move: (pos=11, to=9, die=2) Dice: 2 1 0 0 
[DEBUG] ApplyCheckerMove AFTER: Player 1, Move: (pos=11, to=9, die=2) Dice: -1 1 0 0 
[DEBUG] ApplyCheckerMove BEFORE: Player 1, Move: (pos=9, to=8, die=1) Dice: -1 1 0 0 
[DEBUG] ApplyCheckerMove AFTER: Player 1, Move: (pos=9, to=8, die=1) Dice: -1 -1 0 0 
[DEBUG] ApplyCheckerMove BEFORE: Player 1, Move: (pos=11, to=10, die=1) Dice: 2 1 0 0 
[DEBUG] ApplyCheckerMove AFTER: Player 1, Move: (pos=11, to=10, die=1) Dice: 2 -1 0 0 
[DEBUG] ApplyCheckerMove BEFORE: Player 1, Move: (pos=10, to=8, die=2) Dice: 2 -1 0 0 
[DEBUG] ApplyCheckerMove AFTER: Player 1, Move: (pos=10, to=8, die=2) Dice: -1 -1 0 0 
[DEBUG FBS Exit] Returning filtered_movelist (2):
  Seq:  {11,9,2} {9,8,1}
  Seq:  {11,10,1} {10,8,2}
[DEBUG DoApplyAction] Enter half-move branch with move_id=11 and moves_remaining_=2
[DEBUG DoApplyAction] Decoded move: (pos=11, die=2)
[DEBUG] ApplyCheckerMove BEFORE: Player 1, Move: (pos=11, to=9, die=2) Dice: 2 1 0 0 
[DEBUG] ApplyCheckerMove AFTER: Player 1, Move: (pos=11, to=9, die=2) Dice: -1 1 0 0 
[DEBUG DoApplyAction] After ApplyCheckerMove, moves_remaining_ will be 1
[DEBUG DoApplyAction] Exiting with moves_remaining_=1
[DEBUG ILM ENTRY] IterativeLegalMoves function entered.
[DEBUG ILM Popped State] Depth: 0 | Player: 1 | Dice: -1(u) 1 | Initial: [2 1 0 0 ] | Seq Size: 0
[DEBUG ILM POST-GAHM] Half-moves generated for P1 state (depth=0): {9,8,1} {11,10,1}
  Generated 2 half-moves: [9->8/1] [11->10/1] 
[DEBUG] ApplyCheckerMove BEFORE: Player 1, Move: (pos=9, to=8, die=1) Dice: -1 1 0 0 
[DEBUG] ApplyCheckerMove AFTER: Player 1, Move: (pos=9, to=8, die=1) Dice: -1 -1 0 0 
[DEBUG ILM Before Push (Clone)] Player: 1 | Dice: -1(u) -1(u) | Initial: [2 1 0 0 ]
[DEBUG ILM After Push (Clone)] Top State - Player: 1 | Dice: -1(u) -1(u) | Initial: [2 1 0 0 ][DEBUG] UndoCheckerMove BEFORE: Player 1, Move: (pos=9, to=8, die=1) Dice: -1 -1 0 0 
[DEBUG] UndoCheckerMove AFTER: Player 1, Move: (pos=9, to=8, die=1) Dice: 1 -1 0 0 
[DEBUG] ApplyCheckerMove BEFORE: Player 1, Move: (pos=11, to=10, die=1) Dice: 1 -1 0 0 
[DEBUG] ApplyCheckerMove AFTER: Player 1, Move: (pos=11, to=10, die=1) Dice: -1 -1 0 0 
[DEBUG ILM Before Push (Move)] Player: 1 | Dice: -1(u) -1(u) | Initial: [2 1 0 0 ]
[DEBUG ILM After Push (Move)] Top State - Player: 1 | Dice: -1(u) -1(u) | Initial: [2 1 0 0 ][DEBUG ILM Popped State] Depth: 1 | Player: 1 | Dice: -1(u) -1(u) | Initial: [2 1 0 0 ] | Seq Size: 1
[DEBUG ILM POST-GAHM] Half-moves generated for P1 state (depth=1): {-1,-1,1}
  Generated 1 half-moves: [-1->-1/1] 
[DEBUG ILM ADD SEQ NOBRANCH/LIMIT] Depth=1: {11,10,1}
[DEBUG ILM Popped State] Depth: 1 | Player: 1 | Dice: -1(u) -1(u) | Initial: [2 1 0 0 ] | Seq Size: 1
[DEBUG ILM POST-GAHM] Half-moves generated for P1 state (depth=1): {-1,-1,1}
  Generated 1 half-moves: [-1->-1/1] 
[DEBUG ILM ADD SEQ NOBRANCH/LIMIT] Depth=1: {9,8,1}
[DEBUG FBS Entry] Player=1 Input movelist (2):
  Seq:  {9,8,1}
  Seq:  {11,10,1}
[DEBUG FBS Stats] longest_sequence=1, max_non_pass=1
[DEBUG] ApplyCheckerMove BEFORE: Player 1, Move: (pos=9, to=8, die=1) Dice: -1 1 0 0 
[DEBUG] ApplyCheckerMove AFTER: Player 1, Move: (pos=9, to=8, die=1) Dice: -1 -1 0 0 
[DEBUG] ApplyCheckerMove BEFORE: Player 1, Move: (pos=11, to=10, die=1) Dice: -1 1 0 0 
[DEBUG] ApplyCheckerMove AFTER: Player 1, Move: (pos=11, to=10, die=1) Dice: -1 -1 0 0 
[DEBUG FBS Exit] Returning filtered_movelist (2):
  Seq:  {9,8,1}
  Seq:  {11,10,1}
[DEBUG DoApplyAction] Enter half-move branch with move_id=9 and moves_remaining_=1
[DEBUG DoApplyAction] Decoded move: (pos=9, die=1)
[DEBUG] ApplyCheckerMove BEFORE: Player 1, Move: (pos=9, to=8, die=1) Dice: -1 1 0 0 
[DEBUG] ApplyCheckerMove AFTER: Player 1, Move: (pos=9, to=8, die=1) Dice: -1 -1 0 0 
[DEBUG DoApplyAction] After ApplyCheckerMove, moves_remaining_ will be 0
[DEBUG DoApplyAction] Exiting with moves_remaining_=0
[TEST] End: test-consecutivemovestest-1
[TEST] Start: test-undoredotest-1
[DEBUG SetupDice] Input dice: {4, 2, 0, 0}
[DEBUG SetupDice] Assigned state->dice_: {4, 2, 0, 0}
[DEBUG SetupDice] Assigned state->initial_dice_: {4, 2}
[DEBUG ILM ENTRY] IterativeLegalMoves function entered.
[DEBUG ILM Popped State] Depth: 0 | Player: 0 | Dice: 4 2 | Initial: [4 2 ] | Seq Size: 0
  Generated 6 half-moves: [5->3/2] [8->4/4] [10->8/2] [14->10/4] [17->13/4] [20->16/4] 
[DEBUG] ApplyCheckerMove BEFORE: Player 0, Move: (pos=5, to=3, die=2) Dice: 4 2 0 0 
[DEBUG] ApplyCheckerMove AFTER: Player 0, Move: (pos=5, to=3, die=2) Dice: 4 -1 0 0 
[DEBUG ILM Before Push (Clone)] Player: 0 | Dice: 4 -1(u) | Initial: [4 2 ]
[DEBUG ILM After Push (Clone)] Top State - Player: 0 | Dice: 4 -1(u) | Initial: [4 2 ][DEBUG] UndoCheckerMove BEFORE: Player 0, Move: (pos=5, to=3, die=2) Dice: 4 -1 0 0 
[DEBUG] UndoCheckerMove AFTER: Player 0, Move: (pos=5, to=3, die=2) Dice: 4 2 0 0 
[DEBUG] ApplyCheckerMove BEFORE: Player 0, Move: (pos=8, to=4, die=4) Dice: 4 2 0 0 
[DEBUG] ApplyCheckerMove AFTER: Player 0, Move: (pos=8, to=4, die=4) Dice: -1 2 0 0 
[DEBUG ILM Before Push (Clone)] Player: 0 | Dice: -1(u) 2 | Initial: [4 2 ]
[DEBUG ILM After Push (Clone)] Top State - Player: 0 | Dice: -1(u) 2 | Initial: [4 2 ][DEBUG] UndoCheckerMove BEFORE: Player 0, Move: (pos=8, to=4, die=4) Dice: -1 2 0 0 
[DEBUG] UndoCheckerMove AFTER: Player 0, Move: (pos=8, to=4, die=4) Dice: 4 2 0 0 
[DEBUG] ApplyCheckerMove BEFORE: Player 0, Move: (pos=10, to=8, die=2) Dice: 4 2 0 0 
[DEBUG] ApplyCheckerMove AFTER: Player 0, Move: (pos=10, to=8, die=2) Dice: 4 -1 0 0 
[DEBUG ILM Before Push (Clone)] Player: 0 | Dice: 4 -1(u) | Initial: [4 2 ]
[DEBUG ILM After Push (Clone)] Top State - Player: 0 | Dice: 4 -1(u) | Initial: [4 2 ][DEBUG] UndoCheckerMove BEFORE: Player 0, Move: (pos=10, to=8, die=2) Dice: 4 -1 0 0 
[DEBUG] UndoCheckerMove AFTER: Player 0, Move: (pos=10, to=8, die=2) Dice: 4 2 0 0 
[DEBUG] ApplyCheckerMove BEFORE: Player 0, Move: (pos=14, to=10, die=4) Dice: 4 2 0 0 
[DEBUG] ApplyCheckerMove AFTER: Player 0, Move: (pos=14, to=10, die=4) Dice: -1 2 0 0 
[DEBUG ILM Before Push (Clone)] Player: 0 | Dice: -1(u) 2 | Initial: [4 2 ]
[DEBUG ILM After Push (Clone)] Top State - Player: 0 | Dice: -1(u) 2 | Initial: [4 2 ][DEBUG] UndoCheckerMove BEFORE: Player 0, Move: (pos=14, to=10, die=4) Dice: -1 2 0 0 
[DEBUG] UndoCheckerMove AFTER: Player 0, Move: (pos=14, to=10, die=4) Dice: 4 2 0 0 
[DEBUG] ApplyCheckerMove BEFORE: Player 0, Move: (pos=17, to=13, die=4) Dice: 4 2 0 0 
[DEBUG] ApplyCheckerMove AFTER: Player 0, Move: (pos=17, to=13, die=4) Dice: -1 2 0 0 
[DEBUG ILM Before Push (Clone)] Player: 0 | Dice: -1(u) 2 | Initial: [4 2 ]
[DEBUG ILM After Push (Clone)] Top State - Player: 0 | Dice: -1(u) 2 | Initial: [4 2 ][DEBUG] UndoCheckerMove BEFORE: Player 0, Move: (pos=17, to=13, die=4) Dice: -1 2 0 0 
[DEBUG] UndoCheckerMove AFTER: Player 0, Move: (pos=17, to=13, die=4) Dice: 4 2 0 0 
[DEBUG] ApplyCheckerMove BEFORE: Player 0, Move: (pos=20, to=16, die=4) Dice: 4 2 0 0 
[DEBUG] ApplyCheckerMove AFTER: Player 0, Move: (pos=20, to=16, die=4) Dice: -1 2 0 0 
[DEBUG ILM Before Push (Move)] Player: 0 | Dice: -1(u) 2 | Initial: [4 2 ]
[DEBUG ILM After Push (Move)] Top State - Player: 0 | Dice: -1(u) 2 | Initial: [4 2 ][DEBUG ILM Popped State] Depth: 1 | Player: 0 | Dice: -1(u) 2 | Initial: [4 2 ] | Seq Size: 1
  Generated 3 half-moves: [5->3/2] [10->8/2] [16->14/2] 
[DEBUG] ApplyCheckerMove BEFORE: Player 0, Move: (pos=5, to=3, die=2) Dice: -1 2 0 0 
[DEBUG] ApplyCheckerMove AFTER: Player 0, Move: (pos=5, to=3, die=2) Dice: -1 -1 0 0 
[DEBUG ILM Before Push (Clone)] Player: 0 | Dice: -1(u) -1(u) | Initial: [4 2 ]
[DEBUG ILM After Push (Clone)] Top State - Player: 0 | Dice: -1(u) -1(u) | Initial: [4 2 ][DEBUG] UndoCheckerMove BEFORE: Player 0, Move: (pos=5, to=3, die=2) Dice: -1 -1 0 0 
[DEBUG] UndoCheckerMove AFTER: Player 0, Move: (pos=5, to=3, die=2) Dice: 2 -1 0 0 
[DEBUG] ApplyCheckerMove BEFORE: Player 0, Move: (pos=10, to=8, die=2) Dice: 2 -1 0 0 
[DEBUG] ApplyCheckerMove AFTER: Player 0, Move: (pos=10, to=8, die=2) Dice: -1 -1 0 0 
[DEBUG ILM Before Push (Clone)] Player: 0 | Dice: -1(u) -1(u) | Initial: [4 2 ]
[DEBUG ILM After Push (Clone)] Top State - Player: 0 | Dice: -1(u) -1(u) | Initial: [4 2 ][DEBUG] UndoCheckerMove BEFORE: Player 0, Move: (pos=10, to=8, die=2) Dice: -1 -1 0 0 
[DEBUG] UndoCheckerMove AFTER: Player 0, Move: (pos=10, to=8, die=2) Dice: 2 -1 0 0 
[DEBUG] ApplyCheckerMove BEFORE: Player 0, Move: (pos=16, to=14, die=2) Dice: 2 -1 0 0 
[DEBUG] ApplyCheckerMove AFTER: Player 0, Move: (pos=16, to=14, die=2) Dice: -1 -1 0 0 
[DEBUG ILM Before Push (Move)] Player: 0 | Dice: -1(u) -1(u) | Initial: [4 2 ]
[DEBUG ILM After Push (Move)] Top State - Player: 0 | Dice: -1(u) -1(u) | Initial: [4 2 ][DEBUG ILM Popped State] Depth: 2 | Player: 0 | Dice: -1(u) -1(u) | Initial: [4 2 ] | Seq Size: 2
  Generated 1 half-moves: [-1->-1/1] 
[DEBUG ILM ADD SEQ NOBRANCH/LIMIT] Depth=2: {20,16,4} {16,14,2}
[DEBUG ILM Popped State] Depth: 2 | Player: 0 | Dice: -1(u) -1(u) | Initial: [4 2 ] | Seq Size: 2
  Generated 1 half-moves: [-1->-1/1] 
[DEBUG ILM ADD SEQ NOBRANCH/LIMIT] Depth=2: {20,16,4} {10,8,2}
[DEBUG ILM Popped State] Depth: 2 | Player: 0 | Dice: -1(u) -1(u) | Initial: [4 2 ] | Seq Size: 2
  Generated 1 half-moves: [-1->-1/1] 
[DEBUG ILM ADD SEQ NOBRANCH/LIMIT] Depth=2: {20,16,4} {5,3,2}
[DEBUG ILM Popped State] Depth: 1 | Player: 0 | Dice: -1(u) 2 | Initial: [4 2 ] | Seq Size: 1
  Generated 3 half-moves: [5->3/2] [10->8/2] [13->11/2] 
[DEBUG] ApplyCheckerMove BEFORE: Player 0, Move: (pos=5, to=3, die=2) Dice: -1 2 0 0 
[DEBUG] ApplyCheckerMove AFTER: Player 0, Move: (pos=5, to=3, die=2) Dice: -1 -1 0 0 
[DEBUG ILM Before Push (Clone)] Player: 0 | Dice: -1(u) -1(u) | Initial: [4 2 ]
[DEBUG ILM After Push (Clone)] Top State - Player: 0 | Dice: -1(u) -1(u) | Initial: [4 2 ][DEBUG] UndoCheckerMove BEFORE: Player 0, Move: (pos=5, to=3, die=2) Dice: -1 -1 0 0 
[DEBUG] UndoCheckerMove AFTER: Player 0, Move: (pos=5, to=3, die=2) Dice: 2 -1 0 0 
[DEBUG] ApplyCheckerMove BEFORE: Player 0, Move: (pos=10, to=8, die=2) Dice: 2 -1 0 0 
[DEBUG] ApplyCheckerMove AFTER: Player 0, Move: (pos=10, to=8, die=2) Dice: -1 -1 0 0 
[DEBUG ILM Before Push (Clone)] Player: 0 | Dice: -1(u) -1(u) | Initial: [4 2 ]
[DEBUG ILM After Push (Clone)] Top State - Player: 0 | Dice: -1(u) -1(u) | Initial: [4 2 ][DEBUG] UndoCheckerMove BEFORE: Player 0, Move: (pos=10, to=8, die=2) Dice: -1 -1 0 0 
[DEBUG] UndoCheckerMove AFTER: Player 0, Move: (pos=10, to=8, die=2) Dice: 2 -1 0 0 
[DEBUG] ApplyCheckerMove BEFORE: Player 0, Move: (pos=13, to=11, die=2) Dice: 2 -1 0 0 
[DEBUG] ApplyCheckerMove AFTER: Player 0, Move: (pos=13, to=11, die=2) Dice: -1 -1 0 0 
[DEBUG ILM Before Push (Move)] Player: 0 | Dice: -1(u) -1(u) | Initial: [4 2 ]
[DEBUG ILM After Push (Move)] Top State - Player: 0 | Dice: -1(u) -1(u) | Initial: [4 2 ][DEBUG ILM Popped State] Depth: 2 | Player: 0 | Dice: -1(u) -1(u) | Initial: [4 2 ] | Seq Size: 2
  Generated 1 half-moves: [-1->-1/1] 
[DEBUG ILM ADD SEQ NOBRANCH/LIMIT] Depth=2: {17,13,4} {13,11,2}
[DEBUG ILM Popped State] Depth: 2 | Player: 0 | Dice: -1(u) -1(u) | Initial: [4 2 ] | Seq Size: 2
  Generated 1 half-moves: [-1->-1/1] 
[DEBUG ILM ADD SEQ NOBRANCH/LIMIT] Depth=2: {17,13,4} {10,8,2}
[DEBUG ILM Popped State] Depth: 2 | Player: 0 | Dice: -1(u) -1(u) | Initial: [4 2 ] | Seq Size: 2
  Generated 1 half-moves: [-1->-1/1] 
[DEBUG ILM ADD SEQ NOBRANCH/LIMIT] Depth=2: {17,13,4} {5,3,2}
[DEBUG ILM Popped State] Depth: 1 | Player: 0 | Dice: -1(u) 2 | Initial: [4 2 ] | Seq Size: 1
  Generated 2 half-moves: [5->3/2] [10->8/2] 
[DEBUG] ApplyCheckerMove BEFORE: Player 0, Move: (pos=5, to=3, die=2) Dice: -1 2 0 0 
[DEBUG] ApplyCheckerMove AFTER: Player 0, Move: (pos=5, to=3, die=2) Dice: -1 -1 0 0 
[DEBUG ILM Before Push (Clone)] Player: 0 | Dice: -1(u) -1(u) | Initial: [4 2 ]
[DEBUG ILM After Push (Clone)] Top State - Player: 0 | Dice: -1(u) -1(u) | Initial: [4 2 ][DEBUG] UndoCheckerMove BEFORE: Player 0, Move: (pos=5, to=3, die=2) Dice: -1 -1 0 0 
[DEBUG] UndoCheckerMove AFTER: Player 0, Move: (pos=5, to=3, die=2) Dice: 2 -1 0 0 
[DEBUG] ApplyCheckerMove BEFORE: Player 0, Move: (pos=10, to=8, die=2) Dice: 2 -1 0 0 
[DEBUG] ApplyCheckerMove AFTER: Player 0, Move: (pos=10, to=8, die=2) Dice: -1 -1 0 0 
[DEBUG ILM Before Push (Move)] Player: 0 | Dice: -1(u) -1(u) | Initial: [4 2 ]
[DEBUG ILM After Push (Move)] Top State - Player: 0 | Dice: -1(u) -1(u) | Initial: [4 2 ][DEBUG ILM Popped State] Depth: 2 | Player: 0 | Dice: -1(u) -1(u) | Initial: [4 2 ] | Seq Size: 2
  Generated 1 half-moves: [-1->-1/1] 
[DEBUG ILM ADD SEQ NOBRANCH/LIMIT] Depth=2: {14,10,4} {10,8,2}
[DEBUG ILM Popped State] Depth: 2 | Player: 0 | Dice: -1(u) -1(u) | Initial: [4 2 ] | Seq Size: 2
  Generated 1 half-moves: [-1->-1/1] 
[DEBUG ILM ADD SEQ NOBRANCH/LIMIT] Depth=2: {14,10,4} {5,3,2}
[DEBUG ILM Popped State] Depth: 1 | Player: 0 | Dice: 4 -1(u) | Initial: [4 2 ] | Seq Size: 1
  Generated 4 half-moves: [8->4/4] [14->10/4] [17->13/4] [20->16/4] 
[DEBUG] ApplyCheckerMove BEFORE: Player 0, Move: (pos=8, to=4, die=4) Dice: 4 -1 0 0 
[DEBUG] ApplyCheckerMove AFTER: Player 0, Move: (pos=8, to=4, die=4) Dice: -1 -1 0 0 
[DEBUG ILM Before Push (Clone)] Player: 0 | Dice: -1(u) -1(u) | Initial: [4 2 ]
[DEBUG ILM After Push (Clone)] Top State - Player: 0 | Dice: -1(u) -1(u) | Initial: [4 2 ][DEBUG] UndoCheckerMove BEFORE: Player 0, Move: (pos=8, to=4, die=4) Dice: -1 -1 0 0 
[DEBUG] UndoCheckerMove AFTER: Player 0, Move: (pos=8, to=4, die=4) Dice: 4 -1 0 0 
[DEBUG] ApplyCheckerMove BEFORE: Player 0, Move: (pos=14, to=10, die=4) Dice: 4 -1 0 0 
[DEBUG] ApplyCheckerMove AFTER: Player 0, Move: (pos=14, to=10, die=4) Dice: -1 -1 0 0 
[DEBUG ILM Before Push (Clone)] Player: 0 | Dice: -1(u) -1(u) | Initial: [4 2 ]
[DEBUG ILM After Push (Clone)] Top State - Player: 0 | Dice: -1(u) -1(u) | Initial: [4 2 ][DEBUG] UndoCheckerMove BEFORE: Player 0, Move: (pos=14, to=10, die=4) Dice: -1 -1 0 0 
[DEBUG] UndoCheckerMove AFTER: Player 0, Move: (pos=14, to=10, die=4) Dice: 4 -1 0 0 
[DEBUG] ApplyCheckerMove BEFORE: Player 0, Move: (pos=17, to=13, die=4) Dice: 4 -1 0 0 
[DEBUG] ApplyCheckerMove AFTER: Player 0, Move: (pos=17, to=13, die=4) Dice: -1 -1 0 0 
[DEBUG ILM Before Push (Clone)] Player: 0 | Dice: -1(u) -1(u) | Initial: [4 2 ]
[DEBUG ILM After Push (Clone)] Top State - Player: 0 | Dice: -1(u) -1(u) | Initial: [4 2 ][DEBUG] UndoCheckerMove BEFORE: Player 0, Move: (pos=17, to=13, die=4) Dice: -1 -1 0 0 
[DEBUG] UndoCheckerMove AFTER: Player 0, Move: (pos=17, to=13, die=4) Dice: 4 -1 0 0 
[DEBUG] ApplyCheckerMove BEFORE: Player 0, Move: (pos=20, to=16, die=4) Dice: 4 -1 0 0 
[DEBUG] ApplyCheckerMove AFTER: Player 0, Move: (pos=20, to=16, die=4) Dice: -1 -1 0 0 
[DEBUG ILM Before Push (Move)] Player: 0 | Dice: -1(u) -1(u) | Initial: [4 2 ]
[DEBUG ILM After Push (Move)] Top State - Player: 0 | Dice: -1(u) -1(u) | Initial: [4 2 ][DEBUG ILM Popped State] Depth: 2 | Player: 0 | Dice: -1(u) -1(u) | Initial: [4 2 ] | Seq Size: 2
  Generated 1 half-moves: [-1->-1/1] 
[DEBUG ILM ADD SEQ NOBRANCH/LIMIT] Depth=2: {10,8,2} {20,16,4}
[DEBUG ILM Popped State] Depth: 2 | Player: 0 | Dice: -1(u) -1(u) | Initial: [4 2 ] | Seq Size: 2
  Generated 1 half-moves: [-1->-1/1] 
[DEBUG ILM ADD SEQ NOBRANCH/LIMIT] Depth=2: {10,8,2} {17,13,4}
[DEBUG ILM Popped State] Depth: 2 | Player: 0 | Dice: -1(u) -1(u) | Initial: [4 2 ] | Seq Size: 2
  Generated 1 half-moves: [-1->-1/1] 
[DEBUG ILM ADD SEQ NOBRANCH/LIMIT] Depth=2: {10,8,2} {14,10,4}
[DEBUG ILM Popped State] Depth: 2 | Player: 0 | Dice: -1(u) -1(u) | Initial: [4 2 ] | Seq Size: 2
  Generated 1 half-moves: [-1->-1/1] 
[DEBUG ILM ADD SEQ NOBRANCH/LIMIT] Depth=2: {10,8,2} {8,4,4}
[DEBUG ILM Popped State] Depth: 1 | Player: 0 | Dice: -1(u) 2 | Initial: [4 2 ] | Seq Size: 1
  Generated 3 half-moves: [4->2/2] [5->3/2] [10->8/2] 
[DEBUG] ApplyCheckerMove BEFORE: Player 0, Move: (pos=4, to=2, die=2) Dice: -1 2 0 0 
[DEBUG] ApplyCheckerMove AFTER: Player 0, Move: (pos=4, to=2, die=2) Dice: -1 -1 0 0 
[DEBUG ILM Before Push (Clone)] Player: 0 | Dice: -1(u) -1(u) | Initial: [4 2 ]
[DEBUG ILM After Push (Clone)] Top State - Player: 0 | Dice: -1(u) -1(u) | Initial: [4 2 ][DEBUG] UndoCheckerMove BEFORE: Player 0, Move: (pos=4, to=2, die=2) Dice: -1 -1 0 0 
[DEBUG] UndoCheckerMove AFTER: Player 0, Move: (pos=4, to=2, die=2) Dice: 2 -1 0 0 
[DEBUG] ApplyCheckerMove BEFORE: Player 0, Move: (pos=5, to=3, die=2) Dice: 2 -1 0 0 
[DEBUG] ApplyCheckerMove AFTER: Player 0, Move: (pos=5, to=3, die=2) Dice: -1 -1 0 0 
[DEBUG ILM Before Push (Clone)] Player: 0 | Dice: -1(u) -1(u) | Initial: [4 2 ]
[DEBUG ILM After Push (Clone)] Top State - Player: 0 | Dice: -1(u) -1(u) | Initial: [4 2 ][DEBUG] UndoCheckerMove BEFORE: Player 0, Move: (pos=5, to=3, die=2) Dice: -1 -1 0 0 
[DEBUG] UndoCheckerMove AFTER: Player 0, Move: (pos=5, to=3, die=2) Dice: 2 -1 0 0 
[DEBUG] ApplyCheckerMove BEFORE: Player 0, Move: (pos=10, to=8, die=2) Dice: 2 -1 0 0 
[DEBUG] ApplyCheckerMove AFTER: Player 0, Move: (pos=10, to=8, die=2) Dice: -1 -1 0 0 
[DEBUG ILM Before Push (Move)] Player: 0 | Dice: -1(u) -1(u) | Initial: [4 2 ]
[DEBUG ILM After Push (Move)] Top State - Player: 0 | Dice: -1(u) -1(u) | Initial: [4 2 ][DEBUG ILM Popped State] Depth: 2 | Player: 0 | Dice: -1(u) -1(u) | Initial: [4 2 ] | Seq Size: 2
  Generated 1 half-moves: [-1->-1/1] 
[DEBUG ILM ADD SEQ NOBRANCH/LIMIT] Depth=2: {8,4,4} {10,8,2}
[DEBUG ILM Popped State] Depth: 2 | Player: 0 | Dice: -1(u) -1(u) | Initial: [4 2 ] | Seq Size: 2
  Generated 1 half-moves: [-1->-1/1] 
[DEBUG ILM ADD SEQ NOBRANCH/LIMIT] Depth=2: {8,4,4} {5,3,2}
[DEBUG ILM Popped State] Depth: 2 | Player: 0 | Dice: -1(u) -1(u) | Initial: [4 2 ] | Seq Size: 2
  Generated 1 half-moves: [-1->-1/1] 
[DEBUG ILM ADD SEQ NOBRANCH/LIMIT] Depth=2: {8,4,4} {4,2,2}
[DEBUG ILM Popped State] Depth: 1 | Player: 0 | Dice: 4 -1(u) | Initial: [4 2 ] | Seq Size: 1
  Generated 4 half-moves: [8->4/4] [14->10/4] [17->13/4] [20->16/4] 
[DEBUG] ApplyCheckerMove BEFORE: Player 0, Move: (pos=8, to=4, die=4) Dice: 4 -1 0 0 
[DEBUG] ApplyCheckerMove AFTER: Player 0, Move: (pos=8, to=4, die=4) Dice: -1 -1 0 0 
[DEBUG ILM Before Push (Clone)] Player: 0 | Dice: -1(u) -1(u) | Initial: [4 2 ]
[DEBUG ILM After Push (Clone)] Top State - Player: 0 | Dice: -1(u) -1(u) | Initial: [4 2 ][DEBUG] UndoCheckerMove BEFORE: Player 0, Move: (pos=8, to=4, die=4) Dice: -1 -1 0 0 
[DEBUG] UndoCheckerMove AFTER: Player 0, Move: (pos=8, to=4, die=4) Dice: 4 -1 0 0 
[DEBUG] ApplyCheckerMove BEFORE: Player 0, Move: (pos=14, to=10, die=4) Dice: 4 -1 0 0 
[DEBUG] ApplyCheckerMove AFTER: Player 0, Move: (pos=14, to=10, die=4) Dice: -1 -1 0 0 
[DEBUG ILM Before Push (Clone)] Player: 0 | Dice: -1(u) -1(u) | Initial: [4 2 ]
[DEBUG ILM After Push (Clone)] Top State - Player: 0 | Dice: -1(u) -1(u) | Initial: [4 2 ][DEBUG] UndoCheckerMove BEFORE: Player 0, Move: (pos=14, to=10, die=4) Dice: -1 -1 0 0 
[DEBUG] UndoCheckerMove AFTER: Player 0, Move: (pos=14, to=10, die=4) Dice: 4 -1 0 0 
[DEBUG] ApplyCheckerMove BEFORE: Player 0, Move: (pos=17, to=13, die=4) Dice: 4 -1 0 0 
[DEBUG] ApplyCheckerMove AFTER: Player 0, Move: (pos=17, to=13, die=4) Dice: -1 -1 0 0 
[DEBUG ILM Before Push (Clone)] Player: 0 | Dice: -1(u) -1(u) | Initial: [4 2 ]
[DEBUG ILM After Push (Clone)] Top State - Player: 0 | Dice: -1(u) -1(u) | Initial: [4 2 ][DEBUG] UndoCheckerMove BEFORE: Player 0, Move: (pos=17, to=13, die=4) Dice: -1 -1 0 0 
[DEBUG] UndoCheckerMove AFTER: Player 0, Move: (pos=17, to=13, die=4) Dice: 4 -1 0 0 
[DEBUG] ApplyCheckerMove BEFORE: Player 0, Move: (pos=20, to=16, die=4) Dice: 4 -1 0 0 
[DEBUG] ApplyCheckerMove AFTER: Player 0, Move: (pos=20, to=16, die=4) Dice: -1 -1 0 0 
[DEBUG ILM Before Push (Move)] Player: 0 | Dice: -1(u) -1(u) | Initial: [4 2 ]
[DEBUG ILM After Push (Move)] Top State - Player: 0 | Dice: -1(u) -1(u) | Initial: [4 2 ][DEBUG ILM Popped State] Depth: 2 | Player: 0 | Dice: -1(u) -1(u) | Initial: [4 2 ] | Seq Size: 2
  Generated 1 half-moves: [-1->-1/1] 
[DEBUG ILM ADD SEQ NOBRANCH/LIMIT] Depth=2: {5,3,2} {20,16,4}
[DEBUG ILM Popped State] Depth: 2 | Player: 0 | Dice: -1(u) -1(u) | Initial: [4 2 ] | Seq Size: 2
  Generated 1 half-moves: [-1->-1/1] 
[DEBUG ILM ADD SEQ NOBRANCH/LIMIT] Depth=2: {5,3,2} {17,13,4}
[DEBUG ILM Popped State] Depth: 2 | Player: 0 | Dice: -1(u) -1(u) | Initial: [4 2 ] | Seq Size: 2
  Generated 1 half-moves: [-1->-1/1] 
[DEBUG ILM ADD SEQ NOBRANCH/LIMIT] Depth=2: {5,3,2} {14,10,4}
[DEBUG ILM Popped State] Depth: 2 | Player: 0 | Dice: -1(u) -1(u) | Initial: [4 2 ] | Seq Size: 2
  Generated 1 half-moves: [-1->-1/1] 
[DEBUG ILM ADD SEQ NOBRANCH/LIMIT] Depth=2: {5,3,2} {8,4,4}
[DEBUG FBS Entry] Player=0 Input movelist (19):
  Seq:  {5,3,2} {8,4,4}
  Seq:  {5,3,2} {14,10,4}
  Seq:  {5,3,2} {17,13,4}
  Seq:  {5,3,2} {20,16,4}
  Seq:  {8,4,4} {4,2,2}
  Seq:  {8,4,4} {5,3,2}
  Seq:  {8,4,4} {10,8,2}
  Seq:  {10,8,2} {8,4,4}
  Seq:  {10,8,2} {14,10,4}
  Seq:  {10,8,2} {17,13,4}
  Seq:  {10,8,2} {20,16,4}
  Seq:  {14,10,4} {5,3,2}
  Seq:  {14,10,4} {10,8,2}
  Seq:  {17,13,4} {5,3,2}
  Seq:  {17,13,4} {10,8,2}
  Seq:  {17,13,4} {13,11,2}
  Seq:  {20,16,4} {5,3,2}
  Seq:  {20,16,4} {10,8,2}
  Seq:  {20,16,4} {16,14,2}
[DEBUG FBS Stats] longest_sequence=2, max_non_pass=2
[DEBUG] ApplyCheckerMove BEFORE: Player 0, Move: (pos=5, to=3, die=2) Dice: 4 2 0 0 
[DEBUG] ApplyCheckerMove AFTER: Player 0, Move: (pos=5, to=3, die=2) Dice: 4 -1 0 0 
[DEBUG] ApplyCheckerMove BEFORE: Player 0, Move: (pos=8, to=4, die=4) Dice: 4 -1 0 0 
[DEBUG] ApplyCheckerMove AFTER: Player 0, Move: (pos=8, to=4, die=4) Dice: -1 -1 0 0 
[DEBUG] ApplyCheckerMove BEFORE: Player 0, Move: (pos=5, to=3, die=2) Dice: 4 2 0 0 
[DEBUG] ApplyCheckerMove AFTER: Player 0, Move: (pos=5, to=3, die=2) Dice: 4 -1 0 0 
[DEBUG] ApplyCheckerMove BEFORE: Player 0, Move: (pos=14, to=10, die=4) Dice: 4 -1 0 0 
[DEBUG] ApplyCheckerMove AFTER: Player 0, Move: (pos=14, to=10, die=4) Dice: -1 -1 0 0 
[DEBUG] ApplyCheckerMove BEFORE: Player 0, Move: (pos=5, to=3, die=2) Dice: 4 2 0 0 
[DEBUG] ApplyCheckerMove AFTER: Player 0, Move: (pos=5, to=3, die=2) Dice: 4 -1 0 0 
[DEBUG] ApplyCheckerMove BEFORE: Player 0, Move: (pos=17, to=13, die=4) Dice: 4 -1 0 0 
[DEBUG] ApplyCheckerMove AFTER: Player 0, Move: (pos=17, to=13, die=4) Dice: -1 -1 0 0 
[DEBUG] ApplyCheckerMove BEFORE: Player 0, Move: (pos=5, to=3, die=2) Dice: 4 2 0 0 
[DEBUG] ApplyCheckerMove AFTER: Player 0, Move: (pos=5, to=3, die=2) Dice: 4 -1 0 0 
[DEBUG] ApplyCheckerMove BEFORE: Player 0, Move: (pos=20, to=16, die=4) Dice: 4 -1 0 0 
[DEBUG] ApplyCheckerMove AFTER: Player 0, Move: (pos=20, to=16, die=4) Dice: -1 -1 0 0 
[DEBUG] ApplyCheckerMove BEFORE: Player 0, Move: (pos=8, to=4, die=4) Dice: 4 2 0 0 
[DEBUG] ApplyCheckerMove AFTER: Player 0, Move: (pos=8, to=4, die=4) Dice: -1 2 0 0 
[DEBUG] ApplyCheckerMove BEFORE: Player 0, Move: (pos=4, to=2, die=2) Dice: -1 2 0 0 
[DEBUG] ApplyCheckerMove AFTER: Player 0, Move: (pos=4, to=2, die=2) Dice: -1 -1 0 0 
[DEBUG] ApplyCheckerMove BEFORE: Player 0, Move: (pos=8, to=4, die=4) Dice: 4 2 0 0 
[DEBUG] ApplyCheckerMove AFTER: Player 0, Move: (pos=8, to=4, die=4) Dice: -1 2 0 0 
[DEBUG] ApplyCheckerMove BEFORE: Player 0, Move: (pos=5, to=3, die=2) Dice: -1 2 0 0 
[DEBUG] ApplyCheckerMove AFTER: Player 0, Move: (pos=5, to=3, die=2) Dice: -1 -1 0 0 
[DEBUG] ApplyCheckerMove BEFORE: Player 0, Move: (pos=8, to=4, die=4) Dice: 4 2 0 0 
[DEBUG] ApplyCheckerMove AFTER: Player 0, Move: (pos=8, to=4, die=4) Dice: -1 2 0 0 
[DEBUG] ApplyCheckerMove BEFORE: Player 0, Move: (pos=10, to=8, die=2) Dice: -1 2 0 0 
[DEBUG] ApplyCheckerMove AFTER: Player 0, Move: (pos=10, to=8, die=2) Dice: -1 -1 0 0 
[DEBUG] ApplyCheckerMove BEFORE: Player 0, Move: (pos=10, to=8, die=2) Dice: 4 2 0 0 
[DEBUG] ApplyCheckerMove AFTER: Player 0, Move: (pos=10, to=8, die=2) Dice: 4 -1 0 0 
[DEBUG] ApplyCheckerMove BEFORE: Player 0, Move: (pos=8, to=4, die=4) Dice: 4 -1 0 0 
[DEBUG] ApplyCheckerMove AFTER: Player 0, Move: (pos=8, to=4, die=4) Dice: -1 -1 0 0 
[DEBUG] ApplyCheckerMove BEFORE: Player 0, Move: (pos=10, to=8, die=2) Dice: 4 2 0 0 
[DEBUG] ApplyCheckerMove AFTER: Player 0, Move: (pos=10, to=8, die=2) Dice: 4 -1 0 0 
[DEBUG] ApplyCheckerMove BEFORE: Player 0, Move: (pos=14, to=10, die=4) Dice: 4 -1 0 0 
[DEBUG] ApplyCheckerMove AFTER: Player 0, Move: (pos=14, to=10, die=4) Dice: -1 -1 0 0 
[DEBUG] ApplyCheckerMove BEFORE: Player 0, Move: (pos=10, to=8, die=2) Dice: 4 2 0 0 
[DEBUG] ApplyCheckerMove AFTER: Player 0, Move: (pos=10, to=8, die=2) Dice: 4 -1 0 0 
[DEBUG] ApplyCheckerMove BEFORE: Player 0, Move: (pos=17, to=13, die=4) Dice: 4 -1 0 0 
[DEBUG] ApplyCheckerMove AFTER: Player 0, Move: (pos=17, to=13, die=4) Dice: -1 -1 0 0 
[DEBUG] ApplyCheckerMove BEFORE: Player 0, Move: (pos=10, to=8, die=2) Dice: 4 2 0 0 
[DEBUG] ApplyCheckerMove AFTER: Player 0, Move: (pos=10, to=8, die=2) Dice: 4 -1 0 0 
[DEBUG] ApplyCheckerMove BEFORE: Player 0, Move: (pos=20, to=16, die=4) Dice: 4 -1 0 0 
[DEBUG] ApplyCheckerMove AFTER: Player 0, Move: (pos=20, to=16, die=4) Dice: -1 -1 0 0 
[DEBUG] ApplyCheckerMove BEFORE: Player 0, Move: (pos=14, to=10, die=4) Dice: 4 2 0 0 
[DEBUG] ApplyCheckerMove AFTER: Player 0, Move: (pos=14, to=10, die=4) Dice: -1 2 0 0 
[DEBUG] ApplyCheckerMove BEFORE: Player 0, Move: (pos=5, to=3, die=2) Dice: -1 2 0 0 
[DEBUG] ApplyCheckerMove AFTER: Player 0, Move: (pos=5, to=3, die=2) Dice: -1 -1 0 0 
[DEBUG] ApplyCheckerMove BEFORE: Player 0, Move: (pos=14, to=10, die=4) Dice: 4 2 0 0 
[DEBUG] ApplyCheckerMove AFTER: Player 0, Move: (pos=14, to=10, die=4) Dice: -1 2 0 0 
[DEBUG] ApplyCheckerMove BEFORE: Player 0, Move: (pos=10, to=8, die=2) Dice: -1 2 0 0 
[DEBUG] ApplyCheckerMove AFTER: Player 0, Move: (pos=10, to=8, die=2) Dice: -1 -1 0 0 
[DEBUG] ApplyCheckerMove BEFORE: Player 0, Move: (pos=17, to=13, die=4) Dice: 4 2 0 0 
[DEBUG] ApplyCheckerMove AFTER: Player 0, Move: (pos=17, to=13, die=4) Dice: -1 2 0 0 
[DEBUG] ApplyCheckerMove BEFORE: Player 0, Move: (pos=5, to=3, die=2) Dice: -1 2 0 0 
[DEBUG] ApplyCheckerMove AFTER: Player 0, Move: (pos=5, to=3, die=2) Dice: -1 -1 0 0 
[DEBUG] ApplyCheckerMove BEFORE: Player 0, Move: (pos=17, to=13, die=4) Dice: 4 2 0 0 
[DEBUG] ApplyCheckerMove AFTER: Player 0, Move: (pos=17, to=13, die=4) Dice: -1 2 0 0 
[DEBUG] ApplyCheckerMove BEFORE: Player 0, Move: (pos=10, to=8, die=2) Dice: -1 2 0 0 
[DEBUG] ApplyCheckerMove AFTER: Player 0, Move: (pos=10, to=8, die=2) Dice: -1 -1 0 0 
[DEBUG] ApplyCheckerMove BEFORE: Player 0, Move: (pos=17, to=13, die=4) Dice: 4 2 0 0 
[DEBUG] ApplyCheckerMove AFTER: Player 0, Move: (pos=17, to=13, die=4) Dice: -1 2 0 0 
[DEBUG] ApplyCheckerMove BEFORE: Player 0, Move: (pos=13, to=11, die=2) Dice: -1 2 0 0 
[DEBUG] ApplyCheckerMove AFTER: Player 0, Move: (pos=13, to=11, die=2) Dice: -1 -1 0 0 
[DEBUG] ApplyCheckerMove BEFORE: Player 0, Move: (pos=20, to=16, die=4) Dice: 4 2 0 0 
[DEBUG] ApplyCheckerMove AFTER: Player 0, Move: (pos=20, to=16, die=4) Dice: -1 2 0 0 
[DEBUG] ApplyCheckerMove BEFORE: Player 0, Move: (pos=5, to=3, die=2) Dice: -1 2 0 0 
[DEBUG] ApplyCheckerMove AFTER: Player 0, Move: (pos=5, to=3, die=2) Dice: -1 -1 0 0 
[DEBUG] ApplyCheckerMove BEFORE: Player 0, Move: (pos=20, to=16, die=4) Dice: 4 2 0 0 
[DEBUG] ApplyCheckerMove AFTER: Player 0, Move: (pos=20, to=16, die=4) Dice: -1 2 0 0 
[DEBUG] ApplyCheckerMove BEFORE: Player 0, Move: (pos=10, to=8, die=2) Dice: -1 2 0 0 
[DEBUG] ApplyCheckerMove AFTER: Player 0, Move: (pos=10, to=8, die=2) Dice: -1 -1 0 0 
[DEBUG] ApplyCheckerMove BEFORE: Player 0, Move: (pos=20, to=16, die=4) Dice: 4 2 0 0 
[DEBUG] ApplyCheckerMove AFTER: Player 0, Move: (pos=20, to=16, die=4) Dice: -1 2 0 0 
[DEBUG] ApplyCheckerMove BEFORE: Player 0, Move: (pos=16, to=14, die=2) Dice: -1 2 0 0 
[DEBUG] ApplyCheckerMove AFTER: Player 0, Move: (pos=16, to=14, die=2) Dice: -1 -1 0 0 
[DEBUG FBS Exit] Returning filtered_movelist (19):
  Seq:  {5,3,2} {8,4,4}
  Seq:  {5,3,2} {14,10,4}
  Seq:  {5,3,2} {17,13,4}
  Seq:  {5,3,2} {20,16,4}
  Seq:  {8,4,4} {4,2,2}
  Seq:  {8,4,4} {5,3,2}
  Seq:  {8,4,4} {10,8,2}
  Seq:  {10,8,2} {8,4,4}
  Seq:  {10,8,2} {14,10,4}
  Seq:  {10,8,2} {17,13,4}
  Seq:  {10,8,2} {20,16,4}
  Seq:  {14,10,4} {5,3,2}
  Seq:  {14,10,4} {10,8,2}
  Seq:  {17,13,4} {5,3,2}
  Seq:  {17,13,4} {10,8,2}
  Seq:  {17,13,4} {13,11,2}
  Seq:  {20,16,4} {5,3,2}
  Seq:  {20,16,4} {10,8,2}
  Seq:  {20,16,4} {16,14,2}
[DEBUG DoApplyAction] Enter half-move branch with move_id=5 and moves_remaining_=2
[DEBUG DoApplyAction] Decoded move: (pos=5, die=2)
[DEBUG] ApplyCheckerMove BEFORE: Player 0, Move: (pos=5, to=3, die=2) Dice: 4 2 0 0 
[DEBUG] ApplyCheckerMove AFTER: Player 0, Move: (pos=5, to=3, die=2) Dice: 4 -1 0 0 
[DEBUG DoApplyAction] After ApplyCheckerMove, moves_remaining_ will be 1
[DEBUG DoApplyAction] Exiting with moves_remaining_=1
[DEBUG] UndoCheckerMove BEFORE: Player 0, Move: (pos=5, to=3, die=2) Dice: 4 -1 0 0 
[DEBUG] UndoCheckerMove AFTER: Player 0, Move: (pos=5, to=3, die=2) Dice: 4 2 0 0 
[TEST] End: test-undoredotest-1

=== Testing Dice Play Behavior ===
[TEST] Start: test-vsdpb-1
[DEBUG SetupDice] Input dice: {5, 3, 0, 0}
[DEBUG SetupDice] Assigned state->dice_: {5, 3, 0, 0}
[DEBUG SetupDice] Assigned state->initial_dice_: {5, 3}
[DEBUG ILM ENTRY] IterativeLegalMoves function entered.
[DEBUG ILM Popped State] Depth: 0 | Player: 0 | Dice: 5 3 | Initial: [5 3 ] | Seq Size: 0
  Generated 2 half-moves: [8->3/5] [8->5/3] 
[DEBUG] ApplyCheckerMove BEFORE: Player 0, Move: (pos=8, to=3, die=5) Dice: 5 3 0 0 
[DEBUG] ApplyCheckerMove AFTER: Player 0, Move: (pos=8, to=3, die=5) Dice: -1 3 0 0 
[DEBUG ILM Before Push (Clone)] Player: 0 | Dice: -1(u) 3 | Initial: [5 3 ]
[DEBUG ILM After Push (Clone)] Top State - Player: 0 | Dice: -1(u) 3 | Initial: [5 3 ][DEBUG] UndoCheckerMove BEFORE: Player 0, Move: (pos=8, to=3, die=5) Dice: -1 3 0 0 
[DEBUG] UndoCheckerMove AFTER: Player 0, Move: (pos=8, to=3, die=5) Dice: 5 3 0 0 
[DEBUG] ApplyCheckerMove BEFORE: Player 0, Move: (pos=8, to=5, die=3) Dice: 5 3 0 0 
[DEBUG] ApplyCheckerMove AFTER: Player 0, Move: (pos=8, to=5, die=3) Dice: 5 -1 0 0 
[DEBUG ILM Before Push (Move)] Player: 0 | Dice: 5 -1(u) | Initial: [5 3 ]
[DEBUG ILM After Push (Move)] Top State - Player: 0 | Dice: 5 -1(u) | Initial: [5 3 ][DEBUG ILM Popped State] Depth: 1 | Player: 0 | Dice: 5 -1(u) | Initial: [5 3 ] | Seq Size: 1

[DEBUG ILM] Target Intermediate State Detected (ConsecutiveMovesTest):
  Sequence so far: {pos=8, to=5, die=3}
  Current State Player: 0
  Current State Dice (Usable): 5 -1(u)
  Initial Dice (as stored): [5, 3]
  Moved from head in sequence: false
[DEBUG ILM] Result of GenerateAllHalfMoves (Target Intermediate State):
  Generated 1 half-moves:
    {pos=-1, to=-1, die=1}
[DEBUG ILM] ---- End Target Intermediate State Log ----
  Generated 1 half-moves: [-1->-1/1] 
[DEBUG ILM ADD SEQ FORCED_PASS] Depth=1: {8,5,3} {-1,-1,5}
[DEBUG ILM Popped State] Depth: 1 | Player: 0 | Dice: -1(u) 3 | Initial: [5 3 ] | Seq Size: 1
  Generated 1 half-moves: [-1->-1/1] 
[DEBUG ILM ADD SEQ FORCED_PASS] Depth=1: {8,3,5} {-1,-1,3}
[DEBUG FBS Entry] Player=0 Input movelist (2):
  Seq:  {8,3,5} {-1,-1,3}
  Seq:  {8,5,3} {-1,-1,5}
[DEBUG FBS Stats] longest_sequence=2, max_non_pass=1
[DEBUG] ApplyCheckerMove BEFORE: Player 0, Move: (pos=8, to=3, die=5) Dice: 5 3 0 0 
[DEBUG] ApplyCheckerMove AFTER: Player 0, Move: (pos=8, to=3, die=5) Dice: -1 3 0 0 
[DEBUG] ApplyCheckerMove BEFORE: Player 0, Move: (pos=8, to=5, die=3) Dice: 5 3 0 0 
[DEBUG] ApplyCheckerMove AFTER: Player 0, Move: (pos=8, to=5, die=3) Dice: 5 -1 0 0 
[DEBUG FBS Exit] Returning filtered_movelist (2):
  Seq:  {8,3,5} {-1,-1,3}
  Seq:  {8,5,3} {-1,-1,5}
[DEBUG DoApplyAction] Enter half-move branch with move_id=8 and moves_remaining_=2
[DEBUG DoApplyAction] Decoded move: (pos=8, die=5)
[DEBUG] ApplyCheckerMove BEFORE: Player 0, Move: (pos=8, to=3, die=5) Dice: 5 3 0 0 
[DEBUG] ApplyCheckerMove AFTER: Player 0, Move: (pos=8, to=3, die=5) Dice: -1 3 0 0 
[DEBUG DoApplyAction] After ApplyCheckerMove, moves_remaining_ will be 1
[DEBUG DoApplyAction] Exiting with moves_remaining_=1
[DEBUG ILM ENTRY] IterativeLegalMoves function entered.
[DEBUG ILM Popped State] Depth: 0 | Player: 0 | Dice: -1(u) 3 | Initial: [5 3 ] | Seq Size: 0
  Generated 1 half-moves: [-1->-1/1] 
[DEBUG FBS Entry] Player=0 Input movelist (1):
  Seq:  {-1,-1,5} {-1,-1,3}
[DEBUG FBS Stats] longest_sequence=2, max_non_pass=0
[DEBUG FBS Exit] Returning filtered_movelist (1):
  Seq:  {-1,-1,5} {-1,-1,3}
[TEST] End: test-vsdpb-1
[TEST] Start: test-vsdpb-2
[DEBUG SetupDice] Input dice: {5, 3, 0, 0}
[DEBUG SetupDice] Assigned state->dice_: {5, 3, 0, 0}
[DEBUG SetupDice] Assigned state->initial_dice_: {5, 3}
[DEBUG ILM ENTRY] IterativeLegalMoves function entered.
[DEBUG ILM Popped State] Depth: 0 | Player: 0 | Dice: 5 3 | Initial: [5 3 ] | Seq Size: 0
  Generated 2 half-moves: [5->2/3] [8->5/3] 
[DEBUG] ApplyCheckerMove BEFORE: Player 0, Move: (pos=5, to=2, die=3) Dice: 5 3 0 0 
[DEBUG] ApplyCheckerMove AFTER: Player 0, Move: (pos=5, to=2, die=3) Dice: 5 -1 0 0 
[DEBUG ILM Before Push (Clone)] Player: 0 | Dice: 5 -1(u) | Initial: [5 3 ]
[DEBUG ILM After Push (Clone)] Top State - Player: 0 | Dice: 5 -1(u) | Initial: [5 3 ][DEBUG] UndoCheckerMove BEFORE: Player 0, Move: (pos=5, to=2, die=3) Dice: 5 -1 0 0 
[DEBUG] UndoCheckerMove AFTER: Player 0, Move: (pos=5, to=2, die=3) Dice: 5 3 0 0 
[DEBUG] ApplyCheckerMove BEFORE: Player 0, Move: (pos=8, to=5, die=3) Dice: 5 3 0 0 
[DEBUG] ApplyCheckerMove AFTER: Player 0, Move: (pos=8, to=5, die=3) Dice: 5 -1 0 0 
[DEBUG ILM Before Push (Move)] Player: 0 | Dice: 5 -1(u) | Initial: [5 3 ]
[DEBUG ILM After Push (Move)] Top State - Player: 0 | Dice: 5 -1(u) | Initial: [5 3 ][DEBUG ILM Popped State] Depth: 1 | Player: 0 | Dice: 5 -1(u) | Initial: [5 3 ] | Seq Size: 1

[DEBUG ILM] Target Intermediate State Detected (ConsecutiveMovesTest):
  Sequence so far: {pos=8, to=5, die=3}
  Current State Player: 0
  Current State Dice (Usable): 5 -1(u)
  Initial Dice (as stored): [5, 3]
  Moved from head in sequence: false
[DEBUG ILM] Result of GenerateAllHalfMoves (Target Intermediate State):
  Generated 1 half-moves:
    {pos=-1, to=-1, die=1}
[DEBUG ILM] ---- End Target Intermediate State Log ----
  Generated 1 half-moves: [-1->-1/1] 
[DEBUG ILM ADD SEQ FORCED_PASS] Depth=1: {8,5,3} {-1,-1,5}
[DEBUG ILM Popped State] Depth: 1 | Player: 0 | Dice: 5 -1(u) | Initial: [5 3 ] | Seq Size: 1
  Generated 1 half-moves: [-1->-1/1] 
[DEBUG ILM ADD SEQ FORCED_PASS] Depth=1: {5,2,3} {-1,-1,5}
[DEBUG FBS Entry] Player=0 Input movelist (2):
  Seq:  {5,2,3} {-1,-1,5}
  Seq:  {8,5,3} {-1,-1,5}
[DEBUG FBS Stats] longest_sequence=2, max_non_pass=1
[DEBUG] ApplyCheckerMove BEFORE: Player 0, Move: (pos=5, to=2, die=3) Dice: 5 3 0 0 
[DEBUG] ApplyCheckerMove AFTER: Player 0, Move: (pos=5, to=2, die=3) Dice: 5 -1 0 0 
[DEBUG] ApplyCheckerMove BEFORE: Player 0, Move: (pos=8, to=5, die=3) Dice: 5 3 0 0 
[DEBUG] ApplyCheckerMove AFTER: Player 0, Move: (pos=8, to=5, die=3) Dice: 5 -1 0 0 
[DEBUG FBS Exit] Returning filtered_movelist (2):
  Seq:  {5,2,3} {-1,-1,5}
  Seq:  {8,5,3} {-1,-1,5}
[TEST] End: test-vsdpb-2

=== Testing Direct Bear Off ===
[TEST] Start: test-dbo-1w
[DEBUG SetupDice] Input dice: {1, 2, 0, 0}
[DEBUG SetupDice] Assigned state->dice_: {1, 2, 0, 0}
[DEBUG SetupDice] Assigned state->initial_dice_: {1, 2}
[DEBUG ILM ENTRY] IterativeLegalMoves function entered.
[DEBUG ILM Popped State] Depth: 0 | Player: 0 | Dice: 1 2 | Initial: [1 2 ] | Seq Size: 0
  Generated 3 half-moves: [0->-1/1] [1->-1/2] [1->0/1] 
[DEBUG] ApplyCheckerMove BEFORE: Player 0, Move: (pos=0, to=-1, die=1) Dice: 1 2 0 0 
[DEBUG] ApplyCheckerMove AFTER: Player 0, Move: (pos=0, to=-1, die=1) Dice: -1 2 0 0 
[DEBUG ILM Before Push (Clone)] Player: 0 | Dice: -1(u) 2 | Initial: [1 2 ]
[DEBUG ILM After Push (Clone)] Top State - Player: 0 | Dice: -1(u) 2 | Initial: [1 2 ][DEBUG] UndoCheckerMove BEFORE: Player 0, Move: (pos=0, to=-1, die=1) Dice: -1 2 0 0 
[DEBUG] UndoCheckerMove AFTER: Player 0, Move: (pos=0, to=-1, die=1) Dice: 1 2 0 0 
[DEBUG] ApplyCheckerMove BEFORE: Player 0, Move: (pos=1, to=-1, die=2) Dice: 1 2 0 0 
[DEBUG] ApplyCheckerMove AFTER: Player 0, Move: (pos=1, to=-1, die=2) Dice: 1 -1 0 0 
[DEBUG ILM Before Push (Clone)] Player: 0 | Dice: 1 -1(u) | Initial: [1 2 ]
[DEBUG ILM After Push (Clone)] Top State - Player: 0 | Dice: 1 -1(u) | Initial: [1 2 ][DEBUG] UndoCheckerMove BEFORE: Player 0, Move: (pos=1, to=-1, die=2) Dice: 1 -1 0 0 
[DEBUG] UndoCheckerMove AFTER: Player 0, Move: (pos=1, to=-1, die=2) Dice: 1 2 0 0 
[DEBUG] ApplyCheckerMove BEFORE: Player 0, Move: (pos=1, to=0, die=1) Dice: 1 2 0 0 
[DEBUG] ApplyCheckerMove AFTER: Player 0, Move: (pos=1, to=0, die=1) Dice: -1 2 0 0 
[DEBUG ILM Before Push (Move)] Player: 0 | Dice: -1(u) 2 | Initial: [1 2 ]
[DEBUG ILM After Push (Move)] Top State - Player: 0 | Dice: -1(u) 2 | Initial: [1 2 ][DEBUG ILM Popped State] Depth: 1 | Player: 0 | Dice: -1(u) 2 | Initial: [1 2 ] | Seq Size: 1
  Generated 1 half-moves: [0->-1/2] 
[DEBUG] ApplyCheckerMove BEFORE: Player 0, Move: (pos=0, to=-1, die=2) Dice: -1 2 0 0 
[DEBUG] ApplyCheckerMove AFTER: Player 0, Move: (pos=0, to=-1, die=2) Dice: -1 -1 0 0 
[DEBUG ILM Before Push (Move)] Player: 0 | Dice: -1(u) -1(u) | Initial: [1 2 ]
[DEBUG ILM After Push (Move)] Top State - Player: 0 | Dice: -1(u) -1(u) | Initial: [1 2 ][DEBUG ILM Popped State] Depth: 2 | Player: 0 | Dice: -1(u) -1(u) | Initial: [1 2 ] | Seq Size: 2
  Generated 1 half-moves: [-1->-1/1] 
[DEBUG ILM ADD SEQ NOBRANCH/LIMIT] Depth=2: {1,0,1} {0,-1,2}
[DEBUG ILM Popped State] Depth: 1 | Player: 0 | Dice: 1 -1(u) | Initial: [1 2 ] | Seq Size: 1
  Generated 1 half-moves: [0->-1/1] 
[DEBUG] ApplyCheckerMove BEFORE: Player 0, Move: (pos=0, to=-1, die=1) Dice: 1 -1 0 0 
[DEBUG] ApplyCheckerMove AFTER: Player 0, Move: (pos=0, to=-1, die=1) Dice: -1 -1 0 0 
[DEBUG ILM ADD SEQ TERM POST] Depth=2: {1,-1,2} {0,-1,1}
[DEBUG ILM Popped State] Depth: 1 | Player: 0 | Dice: -1(u) 2 | Initial: [1 2 ] | Seq Size: 1
  Generated 1 half-moves: [1->-1/2] 
[DEBUG] ApplyCheckerMove BEFORE: Player 0, Move: (pos=1, to=-1, die=2) Dice: -1 2 0 0 
[DEBUG] ApplyCheckerMove AFTER: Player 0, Move: (pos=1, to=-1, die=2) Dice: -1 -1 0 0 
[DEBUG ILM ADD SEQ TERM POST] Depth=2: {0,-1,1} {1,-1,2}
[DEBUG FBS Entry] Player=0 Input movelist (3):
  Seq:  {0,-1,1} {1,-1,2}
  Seq:  {1,-1,2} {0,-1,1}
  Seq:  {1,0,1} {0,-1,2}
[DEBUG FBS Stats] longest_sequence=2, max_non_pass=2
[DEBUG] ApplyCheckerMove BEFORE: Player 0, Move: (pos=0, to=-1, die=1) Dice: 1 2 0 0 
[DEBUG] ApplyCheckerMove AFTER: Player 0, Move: (pos=0, to=-1, die=1) Dice: -1 2 0 0 
[DEBUG] ApplyCheckerMove BEFORE: Player 0, Move: (pos=1, to=-1, die=2) Dice: -1 2 0 0 
[DEBUG] ApplyCheckerMove AFTER: Player 0, Move: (pos=1, to=-1, die=2) Dice: -1 -1 0 0 
[DEBUG FBS Terminal] Found terminal sequence: {0,-1,1} {1,-1,2}
[DEBUG] ApplyCheckerMove BEFORE: Player 0, Move: (pos=1, to=-1, die=2) Dice: 1 2 0 0 
[DEBUG] ApplyCheckerMove AFTER: Player 0, Move: (pos=1, to=-1, die=2) Dice: 1 -1 0 0 
[DEBUG] ApplyCheckerMove BEFORE: Player 0, Move: (pos=0, to=-1, die=1) Dice: 1 -1 0 0 
[DEBUG] ApplyCheckerMove AFTER: Player 0, Move: (pos=0, to=-1, die=1) Dice: -1 -1 0 0 
[DEBUG FBS Terminal] Found terminal sequence: {1,-1,2} {0,-1,1}
[DEBUG] ApplyCheckerMove BEFORE: Player 0, Move: (pos=1, to=0, die=1) Dice: 1 2 0 0 
[DEBUG] ApplyCheckerMove AFTER: Player 0, Move: (pos=1, to=0, die=1) Dice: -1 2 0 0 
[DEBUG] ApplyCheckerMove BEFORE: Player 0, Move: (pos=0, to=-1, die=2) Dice: -1 2 0 0 
[DEBUG] ApplyCheckerMove AFTER: Player 0, Move: (pos=0, to=-1, die=2) Dice: -1 -1 0 0 
[DEBUG FBS Terminal] Including 2 terminal sequences
[DEBUG FBS Exit] Returning filtered_movelist (2):
  Seq:  {0,-1,1} {1,-1,2}
  Seq:  {1,-1,2} {0,-1,1}
[DEBUG DoApplyAction] Enter half-move branch with move_id=1 and moves_remaining_=2
[DEBUG DoApplyAction] Decoded move: (pos=1, die=2)
[DEBUG] ApplyCheckerMove BEFORE: Player 0, Move: (pos=1, to=-1, die=2) Dice: 1 2 0 0 
[DEBUG] ApplyCheckerMove AFTER: Player 0, Move: (pos=1, to=-1, die=2) Dice: 1 -1 0 0 
[DEBUG DoApplyAction] After ApplyCheckerMove, moves_remaining_ will be 1
[DEBUG DoApplyAction] Exiting with moves_remaining_=1
[DEBUG ILM ENTRY] IterativeLegalMoves function entered.
[DEBUG ILM Popped State] Depth: 0 | Player: 0 | Dice: 1 -1(u) | Initial: [1 2 ] | Seq Size: 0
  Generated 1 half-moves: [0->-1/1] 
[DEBUG] ApplyCheckerMove BEFORE: Player 0, Move: (pos=0, to=-1, die=1) Dice: 1 -1 0 0 
[DEBUG] ApplyCheckerMove AFTER: Player 0, Move: (pos=0, to=-1, die=1) Dice: -1 -1 0 0 
[DEBUG ILM ADD SEQ TERM POST] Depth=1: {0,-1,1}
[DEBUG FBS Entry] Player=0 Input movelist (1):
  Seq:  {0,-1,1}
[DEBUG FBS Stats] longest_sequence=1, max_non_pass=1
[DEBUG] ApplyCheckerMove BEFORE: Player 0, Move: (pos=0, to=-1, die=1) Dice: 1 -1 0 0 
[DEBUG] ApplyCheckerMove AFTER: Player 0, Move: (pos=0, to=-1, die=1) Dice: -1 -1 0 0 
[DEBUG FBS Terminal] Found terminal sequence: {0,-1,1}
[DEBUG FBS Terminal] Including 1 terminal sequences
[DEBUG FBS Exit] Returning filtered_movelist (1):
  Seq:  {0,-1,1}
[DEBUG DoApplyAction] Enter half-move branch with move_id=0 and moves_remaining_=1
[DEBUG DoApplyAction] Decoded move: (pos=0, die=1)
[DEBUG] ApplyCheckerMove BEFORE: Player 0, Move: (pos=0, to=-1, die=1) Dice: 1 -1 0 0 
[DEBUG] ApplyCheckerMove AFTER: Player 0, Move: (pos=0, to=-1, die=1) Dice: -1 -1 0 0 
[DEBUG DoApplyAction] After ApplyCheckerMove, moves_remaining_ will be 0
[DEBUG DoApplyAction] Exiting with moves_remaining_=0
[TEST] End: test-dbo-1w
[TEST] Start: test-dbo-1b
[DEBUG SetupDice] Input dice: {2, 3, 0, 0}
[DEBUG SetupDice] Assigned state->dice_: {2, 3, 0, 0}
[DEBUG SetupDice] Assigned state->initial_dice_: {2, 3}
[DEBUG ILM ENTRY] IterativeLegalMoves function entered.
[DEBUG ILM Popped State] Depth: 0 | Player: 1 | Dice: 2 3 | Initial: [2 3 ] | Seq Size: 0
[DEBUG ILM POST-GAHM] Half-moves generated for P1 state (depth=0): {13,-1,2} {13,-1,3} {14,-1,3} {14,12,2}
  Generated 4 half-moves: [13->-1/2] [13->-1/3] [14->-1/3] [14->12/2] 
[DEBUG] ApplyCheckerMove BEFORE: Player 1, Move: (pos=13, to=-1, die=2) Dice: 2 3 0 0 
[DEBUG] ApplyCheckerMove AFTER: Player 1, Move: (pos=13, to=-1, die=2) Dice: -1 3 0 0 
[DEBUG ILM Before Push (Clone)] Player: 1 | Dice: -1(u) 3 | Initial: [2 3 ]
[DEBUG ILM After Push (Clone)] Top State - Player: 1 | Dice: -1(u) 3 | Initial: [2 3 ][DEBUG] UndoCheckerMove BEFORE: Player 1, Move: (pos=13, to=-1, die=2) Dice: -1 3 0 0 
[DEBUG] UndoCheckerMove AFTER: Player 1, Move: (pos=13, to=-1, die=2) Dice: 2 3 0 0 
[DEBUG] ApplyCheckerMove BEFORE: Player 1, Move: (pos=13, to=-1, die=3) Dice: 2 3 0 0 
[DEBUG] ApplyCheckerMove AFTER: Player 1, Move: (pos=13, to=-1, die=3) Dice: 2 -1 0 0 
[DEBUG ILM Before Push (Clone)] Player: 1 | Dice: 2 -1(u) | Initial: [2 3 ]
[DEBUG ILM After Push (Clone)] Top State - Player: 1 | Dice: 2 -1(u) | Initial: [2 3 ][DEBUG] UndoCheckerMove BEFORE: Player 1, Move: (pos=13, to=-1, die=3) Dice: 2 -1 0 0 
[DEBUG] UndoCheckerMove AFTER: Player 1, Move: (pos=13, to=-1, die=3) Dice: 2 3 0 0 
[DEBUG] ApplyCheckerMove BEFORE: Player 1, Move: (pos=14, to=-1, die=3) Dice: 2 3 0 0 
[DEBUG] ApplyCheckerMove AFTER: Player 1, Move: (pos=14, to=-1, die=3) Dice: 2 -1 0 0 
[DEBUG ILM Before Push (Clone)] Player: 1 | Dice: 2 -1(u) | Initial: [2 3 ]
[DEBUG ILM After Push (Clone)] Top State - Player: 1 | Dice: 2 -1(u) | Initial: [2 3 ][DEBUG] UndoCheckerMove BEFORE: Player 1, Move: (pos=14, to=-1, die=3) Dice: 2 -1 0 0 
[DEBUG] UndoCheckerMove AFTER: Player 1, Move: (pos=14, to=-1, die=3) Dice: 2 3 0 0 
[DEBUG] ApplyCheckerMove BEFORE: Player 1, Move: (pos=14, to=12, die=2) Dice: 2 3 0 0 
[DEBUG] ApplyCheckerMove AFTER: Player 1, Move: (pos=14, to=12, die=2) Dice: -1 3 0 0 
[DEBUG ILM Before Push (Move)] Player: 1 | Dice: -1(u) 3 | Initial: [2 3 ]
[DEBUG ILM After Push (Move)] Top State - Player: 1 | Dice: -1(u) 3 | Initial: [2 3 ][DEBUG ILM Popped State] Depth: 1 | Player: 1 | Dice: -1(u) 3 | Initial: [2 3 ] | Seq Size: 1
[DEBUG ILM POST-GAHM] Half-moves generated for P1 state (depth=1): {12,-1,3}
  Generated 1 half-moves: [12->-1/3] 
[DEBUG] ApplyCheckerMove BEFORE: Player 1, Move: (pos=12, to=-1, die=3) Dice: -1 3 0 0 
[DEBUG] ApplyCheckerMove AFTER: Player 1, Move: (pos=12, to=-1, die=3) Dice: -1 -1 0 0 
[DEBUG ILM Before Push (Move)] Player: 1 | Dice: -1(u) -1(u) | Initial: [2 3 ]
[DEBUG ILM After Push (Move)] Top State - Player: 1 | Dice: -1(u) -1(u) | Initial: [2 3 ][DEBUG ILM Popped State] Depth: 2 | Player: 1 | Dice: -1(u) -1(u) | Initial: [2 3 ] | Seq Size: 2
[DEBUG ILM POST-GAHM] Half-moves generated for P1 state (depth=2): {-1,-1,1}
  Generated 1 half-moves: [-1->-1/1] 
[DEBUG ILM ADD SEQ NOBRANCH/LIMIT] Depth=2: {14,12,2} {12,-1,3}
[DEBUG ILM Popped State] Depth: 1 | Player: 1 | Dice: 2 -1(u) | Initial: [2 3 ] | Seq Size: 1
[DEBUG ILM POST-GAHM] Half-moves generated for P1 state (depth=1): {13,-1,2}
  Generated 1 half-moves: [13->-1/2] 
[DEBUG] ApplyCheckerMove BEFORE: Player 1, Move: (pos=13, to=-1, die=2) Dice: 2 -1 0 0 
[DEBUG] ApplyCheckerMove AFTER: Player 1, Move: (pos=13, to=-1, die=2) Dice: -1 -1 0 0 
[DEBUG ILM ADD SEQ TERM POST] Depth=2: {14,-1,3} {13,-1,2}
[DEBUG ILM Popped State] Depth: 1 | Player: 1 | Dice: 2 -1(u) | Initial: [2 3 ] | Seq Size: 1
[DEBUG ILM POST-GAHM] Half-moves generated for P1 state (depth=1): {14,12,2}
  Generated 1 half-moves: [14->12/2] 
[DEBUG] ApplyCheckerMove BEFORE: Player 1, Move: (pos=14, to=12, die=2) Dice: 2 -1 0 0 
[DEBUG] ApplyCheckerMove AFTER: Player 1, Move: (pos=14, to=12, die=2) Dice: -1 -1 0 0 
[DEBUG ILM Before Push (Move)] Player: 1 | Dice: -1(u) -1(u) | Initial: [2 3 ]
[DEBUG ILM After Push (Move)] Top State - Player: 1 | Dice: -1(u) -1(u) | Initial: [2 3 ][DEBUG ILM Popped State] Depth: 2 | Player: 1 | Dice: -1(u) -1(u) | Initial: [2 3 ] | Seq Size: 2
[DEBUG ILM POST-GAHM] Half-moves generated for P1 state (depth=2): {-1,-1,1}
  Generated 1 half-moves: [-1->-1/1] 
[DEBUG ILM ADD SEQ NOBRANCH/LIMIT] Depth=2: {13,-1,3} {14,12,2}
[DEBUG ILM Popped State] Depth: 1 | Player: 1 | Dice: -1(u) 3 | Initial: [2 3 ] | Seq Size: 1
[DEBUG ILM POST-GAHM] Half-moves generated for P1 state (depth=1): {14,-1,3}
  Generated 1 half-moves: [14->-1/3] 
[DEBUG] ApplyCheckerMove BEFORE: Player 1, Move: (pos=14, to=-1, die=3) Dice: -1 3 0 0 
[DEBUG] ApplyCheckerMove AFTER: Player 1, Move: (pos=14, to=-1, die=3) Dice: -1 -1 0 0 
[DEBUG ILM ADD SEQ TERM POST] Depth=2: {13,-1,2} {14,-1,3}
[DEBUG FBS Entry] Player=1 Input movelist (4):
  Seq:  {13,-1,2} {14,-1,3}
  Seq:  {13,-1,3} {14,12,2}
  Seq:  {14,-1,3} {13,-1,2}
  Seq:  {14,12,2} {12,-1,3}
[DEBUG FBS Stats] longest_sequence=2, max_non_pass=2
[DEBUG] ApplyCheckerMove BEFORE: Player 1, Move: (pos=13, to=-1, die=2) Dice: 2 3 0 0 
[DEBUG] ApplyCheckerMove AFTER: Player 1, Move: (pos=13, to=-1, die=2) Dice: -1 3 0 0 
[DEBUG] ApplyCheckerMove BEFORE: Player 1, Move: (pos=14, to=-1, die=3) Dice: -1 3 0 0 
[DEBUG] ApplyCheckerMove AFTER: Player 1, Move: (pos=14, to=-1, die=3) Dice: -1 -1 0 0 
[DEBUG FBS Terminal] Found terminal sequence: {13,-1,2} {14,-1,3}
[DEBUG] ApplyCheckerMove BEFORE: Player 1, Move: (pos=13, to=-1, die=3) Dice: 2 3 0 0 
[DEBUG] ApplyCheckerMove AFTER: Player 1, Move: (pos=13, to=-1, die=3) Dice: 2 -1 0 0 
[DEBUG] ApplyCheckerMove BEFORE: Player 1, Move: (pos=14, to=12, die=2) Dice: 2 -1 0 0 
[DEBUG] ApplyCheckerMove AFTER: Player 1, Move: (pos=14, to=12, die=2) Dice: -1 -1 0 0 
[DEBUG] ApplyCheckerMove BEFORE: Player 1, Move: (pos=14, to=-1, die=3) Dice: 2 3 0 0 
[DEBUG] ApplyCheckerMove AFTER: Player 1, Move: (pos=14, to=-1, die=3) Dice: 2 -1 0 0 
[DEBUG] ApplyCheckerMove BEFORE: Player 1, Move: (pos=13, to=-1, die=2) Dice: 2 -1 0 0 
[DEBUG] ApplyCheckerMove AFTER: Player 1, Move: (pos=13, to=-1, die=2) Dice: -1 -1 0 0 
[DEBUG FBS Terminal] Found terminal sequence: {14,-1,3} {13,-1,2}
[DEBUG] ApplyCheckerMove BEFORE: Player 1, Move: (pos=14, to=12, die=2) Dice: 2 3 0 0 
[DEBUG] ApplyCheckerMove AFTER: Player 1, Move: (pos=14, to=12, die=2) Dice: -1 3 0 0 
[DEBUG] ApplyCheckerMove BEFORE: Player 1, Move: (pos=12, to=-1, die=3) Dice: -1 3 0 0 
[DEBUG] ApplyCheckerMove AFTER: Player 1, Move: (pos=12, to=-1, die=3) Dice: -1 -1 0 0 
[DEBUG FBS Terminal] Including 2 terminal sequences
[DEBUG FBS Exit] Returning filtered_movelist (2):
  Seq:  {13,-1,2} {14,-1,3}
  Seq:  {14,-1,3} {13,-1,2}
[DEBUG DoApplyAction] Enter half-move branch with move_id=14 and moves_remaining_=2
[DEBUG DoApplyAction] Decoded move: (pos=14, die=3)
[DEBUG] ApplyCheckerMove BEFORE: Player 1, Move: (pos=14, to=-1, die=3) Dice: 2 3 0 0 
[DEBUG] ApplyCheckerMove AFTER: Player 1, Move: (pos=14, to=-1, die=3) Dice: 2 -1 0 0 
[DEBUG DoApplyAction] After ApplyCheckerMove, moves_remaining_ will be 1
[DEBUG DoApplyAction] Exiting with moves_remaining_=1
[DEBUG ILM ENTRY] IterativeLegalMoves function entered.
[DEBUG ILM Popped State] Depth: 0 | Player: 1 | Dice: 2 -1(u) | Initial: [2 3 ] | Seq Size: 0
[DEBUG ILM POST-GAHM] Half-moves generated for P1 state (depth=0): {13,-1,2}
  Generated 1 half-moves: [13->-1/2] 
[DEBUG] ApplyCheckerMove BEFORE: Player 1, Move: (pos=13, to=-1, die=2) Dice: 2 -1 0 0 
[DEBUG] ApplyCheckerMove AFTER: Player 1, Move: (pos=13, to=-1, die=2) Dice: -1 -1 0 0 
[DEBUG ILM ADD SEQ TERM POST] Depth=1: {13,-1,2}
[DEBUG FBS Entry] Player=1 Input movelist (1):
  Seq:  {13,-1,2}
[DEBUG FBS Stats] longest_sequence=1, max_non_pass=1
[DEBUG] ApplyCheckerMove BEFORE: Player 1, Move: (pos=13, to=-1, die=2) Dice: 2 -1 0 0 
[DEBUG] ApplyCheckerMove AFTER: Player 1, Move: (pos=13, to=-1, die=2) Dice: -1 -1 0 0 
[DEBUG FBS Terminal] Found terminal sequence: {13,-1,2}
[DEBUG FBS Terminal] Including 1 terminal sequences
[DEBUG FBS Exit] Returning filtered_movelist (1):
  Seq:  {13,-1,2}
[DEBUG DoApplyAction] Enter half-move branch with move_id=13 and moves_remaining_=1
[DEBUG DoApplyAction] Decoded move: (pos=13, die=2)
[DEBUG] ApplyCheckerMove BEFORE: Player 1, Move: (pos=13, to=-1, die=2) Dice: 2 -1 0 0 
[DEBUG] ApplyCheckerMove AFTER: Player 1, Move: (pos=13, to=-1, die=2) Dice: -1 -1 0 0 
[DEBUG DoApplyAction] After ApplyCheckerMove, moves_remaining_ will be 0
[DEBUG DoApplyAction] Exiting with moves_remaining_=0
[TEST] End: test-dbo-1b

=== Testing Single Checker Bear Off ===
[TEST] Start: test-scbo-1w
[DEBUG SetupDice] Input dice: {1, 6, 0, 0}
[DEBUG SetupDice] Assigned state->dice_: {1, 6, 0, 0}
[DEBUG SetupDice] Assigned state->initial_dice_: {1, 6}
[DEBUG ILM ENTRY] IterativeLegalMoves function entered.
[DEBUG ILM Popped State] Depth: 0 | Player: 0 | Dice: 1 6 | Initial: [1 6 ] | Seq Size: 0
  Generated 2 half-moves: [0->-1/1] [0->-1/6] 
[DEBUG] ApplyCheckerMove BEFORE: Player 0, Move: (pos=0, to=-1, die=1) Dice: 1 6 0 0 
[DEBUG] ApplyCheckerMove AFTER: Player 0, Move: (pos=0, to=-1, die=1) Dice: -1 6 0 0 
[DEBUG ILM ADD SEQ TERM POST] Depth=1: {0,-1,1}
[DEBUG] UndoCheckerMove BEFORE: Player 0, Move: (pos=0, to=-1, die=1) Dice: -1 6 0 0 
[DEBUG] UndoCheckerMove AFTER: Player 0, Move: (pos=0, to=-1, die=1) Dice: 1 6 0 0 
[DEBUG] ApplyCheckerMove BEFORE: Player 0, Move: (pos=0, to=-1, die=6) Dice: 1 6 0 0 
[DEBUG] ApplyCheckerMove AFTER: Player 0, Move: (pos=0, to=-1, die=6) Dice: 1 -1 0 0 
[DEBUG ILM ADD SEQ TERM POST] Depth=1: {0,-1,6}
[DEBUG FBS Entry] Player=0 Input movelist (2):
  Seq:  {0,-1,1}
  Seq:  {0,-1,6}
[DEBUG FBS Stats] longest_sequence=1, max_non_pass=1
[DEBUG] ApplyCheckerMove BEFORE: Player 0, Move: (pos=0, to=-1, die=1) Dice: 1 6 0 0 
[DEBUG] ApplyCheckerMove AFTER: Player 0, Move: (pos=0, to=-1, die=1) Dice: -1 6 0 0 
[DEBUG FBS Terminal] Found terminal sequence: {0,-1,1}
[DEBUG] ApplyCheckerMove BEFORE: Player 0, Move: (pos=0, to=-1, die=6) Dice: 1 6 0 0 
[DEBUG] ApplyCheckerMove AFTER: Player 0, Move: (pos=0, to=-1, die=6) Dice: 1 -1 0 0 
[DEBUG FBS Terminal] Found terminal sequence: {0,-1,6}
[DEBUG FBS Terminal] Including 2 terminal sequences
[DEBUG FBS Exit] Returning filtered_movelist (2):
  Seq:  {0,-1,1}
  Seq:  {0,-1,6}
[TEST] End: test-scbo-1w
[TEST] Start: test-scbo-1b
[DEBUG SetupDice] Input dice: {1, 6, 0, 0}
[DEBUG SetupDice] Assigned state->dice_: {1, 6, 0, 0}
[DEBUG SetupDice] Assigned state->initial_dice_: {1, 6}
[DEBUG ILM ENTRY] IterativeLegalMoves function entered.
[DEBUG ILM Popped State] Depth: 0 | Player: 0 | Dice: 1 6 | Initial: [1 6 ] | Seq Size: 0
  Generated 2 half-moves: [0->-1/1] [0->-1/6] 
[DEBUG] ApplyCheckerMove BEFORE: Player 0, Move: (pos=0, to=-1, die=1) Dice: 1 6 0 0 
[DEBUG] ApplyCheckerMove AFTER: Player 0, Move: (pos=0, to=-1, die=1) Dice: -1 6 0 0 
[DEBUG ILM Before Push (Clone)] Player: 0 | Dice: -1(u) 6 | Initial: [1 6 ]
[DEBUG ILM After Push (Clone)] Top State - Player: 0 | Dice: -1(u) 6 | Initial: [1 6 ][DEBUG] UndoCheckerMove BEFORE: Player 0, Move: (pos=0, to=-1, die=1) Dice: -1 6 0 0 
[DEBUG] UndoCheckerMove AFTER: Player 0, Move: (pos=0, to=-1, die=1) Dice: 1 6 0 0 
[DEBUG] ApplyCheckerMove BEFORE: Player 0, Move: (pos=0, to=-1, die=6) Dice: 1 6 0 0 
[DEBUG] ApplyCheckerMove AFTER: Player 0, Move: (pos=0, to=-1, die=6) Dice: 1 -1 0 0 
[DEBUG ILM Before Push (Move)] Player: 0 | Dice: 1 -1(u) | Initial: [1 6 ]
[DEBUG ILM After Push (Move)] Top State - Player: 0 | Dice: 1 -1(u) | Initial: [1 6 ][DEBUG ILM Popped State] Depth: 1 | Player: 0 | Dice: 1 -1(u) | Initial: [1 6 ] | Seq Size: 1
  Generated 1 half-moves: [0->-1/1] 
[DEBUG] ApplyCheckerMove BEFORE: Player 0, Move: (pos=0, to=-1, die=1) Dice: 1 -1 0 0 
[DEBUG] ApplyCheckerMove AFTER: Player 0, Move: (pos=0, to=-1, die=1) Dice: -1 -1 0 0 
[DEBUG ILM Before Push (Move)] Player: 0 | Dice: -1(u) -1(u) | Initial: [1 6 ]
[DEBUG ILM After Push (Move)] Top State - Player: 0 | Dice: -1(u) -1(u) | Initial: [1 6 ][DEBUG ILM Popped State] Depth: 2 | Player: 0 | Dice: -1(u) -1(u) | Initial: [1 6 ] | Seq Size: 2
  Generated 1 half-moves: [-1->-1/1] 
[DEBUG ILM ADD SEQ NOBRANCH/LIMIT] Depth=2: {0,-1,6} {0,-1,1}
[DEBUG ILM Popped State] Depth: 1 | Player: 0 | Dice: -1(u) 6 | Initial: [1 6 ] | Seq Size: 1
  Generated 1 half-moves: [0->-1/6] 
[DEBUG] ApplyCheckerMove BEFORE: Player 0, Move: (pos=0, to=-1, die=6) Dice: -1 6 0 0 
[DEBUG] ApplyCheckerMove AFTER: Player 0, Move: (pos=0, to=-1, die=6) Dice: -1 -1 0 0 
[DEBUG ILM Before Push (Move)] Player: 0 | Dice: -1(u) -1(u) | Initial: [1 6 ]
[DEBUG ILM After Push (Move)] Top State - Player: 0 | Dice: -1(u) -1(u) | Initial: [1 6 ][DEBUG ILM Popped State] Depth: 2 | Player: 0 | Dice: -1(u) -1(u) | Initial: [1 6 ] | Seq Size: 2
  Generated 1 half-moves: [-1->-1/1] 
[DEBUG ILM ADD SEQ NOBRANCH/LIMIT] Depth=2: {0,-1,1} {0,-1,6}
[DEBUG FBS Entry] Player=0 Input movelist (2):
  Seq:  {0,-1,1} {0,-1,6}
  Seq:  {0,-1,6} {0,-1,1}
[DEBUG FBS Stats] longest_sequence=2, max_non_pass=2
[DEBUG] ApplyCheckerMove BEFORE: Player 0, Move: (pos=0, to=-1, die=1) Dice: 1 6 0 0 
[DEBUG] ApplyCheckerMove AFTER: Player 0, Move: (pos=0, to=-1, die=1) Dice: -1 6 0 0 
[DEBUG] ApplyCheckerMove BEFORE: Player 0, Move: (pos=0, to=-1, die=6) Dice: -1 6 0 0 
[DEBUG] ApplyCheckerMove AFTER: Player 0, Move: (pos=0, to=-1, die=6) Dice: -1 -1 0 0 
[DEBUG] ApplyCheckerMove BEFORE: Player 0, Move: (pos=0, to=-1, die=6) Dice: 1 6 0 0 
[DEBUG] ApplyCheckerMove AFTER: Player 0, Move: (pos=0, to=-1, die=6) Dice: 1 -1 0 0 
[DEBUG] ApplyCheckerMove BEFORE: Player 0, Move: (pos=0, to=-1, die=1) Dice: 1 -1 0 0 
[DEBUG] ApplyCheckerMove AFTER: Player 0, Move: (pos=0, to=-1, die=1) Dice: -1 -1 0 0 
[DEBUG FBS Exit] Returning filtered_movelist (2):
  Seq:  {0,-1,1} {0,-1,6}
  Seq:  {0,-1,6} {0,-1,1}
[DEBUG] Failed to decode action 0 for player 1
[DEBUG] Available half-moves: (pos=12, die=1) (pos=12, die=6) 
Spiel Fatal Error: /home/ubuntu/open_spiel/open_spiel/games/long_narde/long_narde_encoding.cc:61 CHECK_TRUE(found)

